2025-05-23 21:18:34,512 - INFO - [__main__] - --- Starting Smart Assistant Application ---
2025-05-23 21:18:34,512 - INFO - [__main__] - Initializing NLP and Memory...
2025-05-23 21:18:34,512 - INFO - [__main__] - NLP and Memory initialized.
2025-05-23 21:18:34,512 - INFO - [__main__] - Initializing Utilities and Chat Manager...
2025-05-23 21:18:46,944 - INFO - [__main__] - ChatManager instance injected into Utilities instance.
2025-05-23 21:18:46,944 - INFO - [__main__] - Utilities and Chat Manager initialized successfully.
2025-05-23 21:18:46,944 - INFO - [__main__] - 
--- Initialization Complete. Ready for interaction. ---
2025-05-23 21:18:46,944 - INFO - [__main__] - Assistant Name: Cypher
2025-05-23 21:18:46,944 - INFO - [__main__] - Enter 'exit' to quit.
2025-05-23 21:18:49,416 - INFO - [__main__] - Memory Deleted Successfully.
2025-05-23 22:52:11,084 - INFO - [__main__] - --- Starting Smart Assistant Application ---
2025-05-23 22:52:11,089 - INFO - [__main__] - Initializing NLP and Memory...
2025-05-23 22:52:11,091 - INFO - [__main__] - NLP and Memory initialized.
2025-05-23 22:52:11,091 - INFO - [__main__] - Initializing Utilities and Chat Manager...
2025-05-23 22:52:16,458 - INFO - [__main__] - ChatManager instance injected into Utilities instance.
2025-05-23 22:52:16,459 - INFO - [__main__] - Utilities and Chat Manager initialized successfully.
2025-05-23 22:52:16,459 - INFO - [__main__] - 
--- Initialization Complete. Ready for interaction. ---
2025-05-23 22:52:16,459 - INFO - [__main__] - Assistant Name: Cypher
2025-05-23 22:52:16,459 - INFO - [__main__] - Enter 'exit' to quit.
2025-05-23 22:52:19,455 - INFO - [__main__] - Memory Deleted Successfully.
2025-05-23 22:52:28,758 - WARNING - [__main__] - Discussion turn returned None (e.g., no input or processing error).
2025-05-23 23:04:27,292 - INFO - [__main__] - --- Starting Smart Assistant Application ---
2025-05-23 23:04:27,292 - INFO - [__main__] - Initializing NLP and Memory...
2025-05-23 23:04:27,292 - INFO - [__main__] - NLP and Memory initialized.
2025-05-23 23:04:27,292 - INFO - [__main__] - Initializing Utilities and Chat Manager...
2025-05-23 23:04:36,071 - INFO - [__main__] - ChatManager instance injected into Utilities instance.
2025-05-23 23:04:36,071 - INFO - [__main__] - Utilities and Chat Manager initialized successfully.
2025-05-23 23:04:36,071 - INFO - [__main__] - 
--- Initialization Complete. Ready for interaction. ---
2025-05-23 23:04:36,071 - INFO - [__main__] - Assistant Name: Cypher
2025-05-23 23:04:36,071 - INFO - [__main__] - Enter 'exit' to quit.
2025-05-23 23:04:56,240 - WARNING - [__main__] - Discussion turn returned None (e.g., no input or processing error).
2025-05-23 23:05:02,988 - WARNING - [__main__] - Discussion turn returned None (e.g., no input or processing error).
2025-05-23 23:05:09,748 - WARNING - [__main__] - Discussion turn returned None (e.g., no input or processing error).
2025-05-23 23:05:20,842 - WARNING - [__main__] - Discussion turn returned None (e.g., no input or processing error).
2025-05-23 23:05:27,813 - WARNING - [__main__] - Discussion turn returned None (e.g., no input or processing error).
2025-05-23 23:05:38,125 - WARNING - [__main__] - Discussion turn returned None (e.g., no input or processing error).
2025-05-23 23:05:44,904 - WARNING - [__main__] - Discussion turn returned None (e.g., no input or processing error).
2025-05-23 23:05:49,795 - INFO - [__main__] - 
--- Starting Application Cleanup ---
2025-05-23 23:05:49,795 - INFO - [__main__] - Cleaning up Utilities (e.g., Selenium)...
2025-05-23 23:05:52,987 - INFO - [__main__] - Application terminated by user (Ctrl+C at top level).
2025-05-23 23:07:10,526 - INFO - [__main__] - --- Starting Smart Assistant Application ---
2025-05-23 23:07:10,526 - INFO - [__main__] - Initializing NLP and Memory...
2025-05-23 23:07:10,526 - INFO - [__main__] - NLP and Memory initialized.
2025-05-23 23:07:10,526 - INFO - [__main__] - Initializing Utilities and Chat Manager...
2025-05-23 23:07:26,815 - INFO - [__main__] - ChatManager instance injected into Utilities instance.
2025-05-23 23:07:26,815 - INFO - [__main__] - Utilities and Chat Manager initialized successfully.
2025-05-23 23:07:26,815 - INFO - [__main__] - 
--- Initialization Complete. Ready for interaction. ---
2025-05-23 23:07:26,815 - INFO - [__main__] - Assistant Name: Cypher
2025-05-23 23:07:26,815 - INFO - [__main__] - Enter 'exit' to quit.
2025-05-23 23:07:34,237 - WARNING - [__main__] - Discussion turn returned None (e.g., no input or processing error).
2025-05-23 23:07:41,136 - WARNING - [__main__] - Discussion turn returned None (e.g., no input or processing error).
2025-05-23 23:07:46,471 - WARNING - [__main__] - Discussion turn returned None (e.g., no input or processing error).
2025-05-23 23:07:54,001 - INFO - [__main__] - 
--- Starting Application Cleanup ---
2025-05-23 23:07:54,001 - INFO - [__main__] - Cleaning up Utilities (e.g., Selenium)...
2025-05-23 23:07:54,496 - INFO - [__main__] - Application terminated by user (Ctrl+C at top level).
2025-05-23 23:10:10,015 - INFO - [__main__] - --- Starting Smart Assistant Application ---
2025-05-23 23:10:10,015 - INFO - [__main__] - Initializing NLP and Memory...
2025-05-23 23:10:10,015 - INFO - [__main__] - NLP and Memory initialized.
2025-05-23 23:10:10,015 - INFO - [__main__] - Initializing Utilities and Chat Manager...
2025-05-23 23:10:52,243 - INFO - [__main__] - ChatManager instance injected into Utilities instance.
2025-05-23 23:10:52,243 - INFO - [__main__] - Utilities and Chat Manager initialized successfully.
2025-05-23 23:10:52,243 - INFO - [__main__] - 
--- Initialization Complete. Ready for interaction. ---
2025-05-23 23:10:52,243 - INFO - [__main__] - Assistant Name: Cypher
2025-05-23 23:10:52,243 - INFO - [__main__] - Enter 'exit' to quit.
2025-05-23 23:12:34,715 - INFO - [__main__] - --- Starting Smart Assistant Application ---
2025-05-23 23:12:34,715 - INFO - [__main__] - Initializing NLP and Memory...
2025-05-23 23:12:34,715 - INFO - [__main__] - NLP and Memory initialized.
2025-05-23 23:12:34,715 - INFO - [__main__] - Initializing Utilities and Chat Manager...
2025-05-23 23:12:50,650 - INFO - [__main__] - ChatManager instance injected into Utilities instance.
2025-05-23 23:12:50,650 - INFO - [__main__] - Utilities and Chat Manager initialized successfully.
2025-05-23 23:12:50,650 - INFO - [__main__] - 
--- Initialization Complete. Ready for interaction. ---
2025-05-23 23:12:50,650 - INFO - [__main__] - Assistant Name: Cypher
2025-05-23 23:12:50,650 - INFO - [__main__] - Enter 'exit' to quit.
2025-05-23 23:15:16,297 - WARNING - [__main__] - Discussion turn returned None (e.g., no input or processing error).
2025-05-23 23:17:10,484 - WARNING - [__main__] - Discussion turn returned None (e.g., no input or processing error).
2025-05-23 23:17:17,539 - WARNING - [__main__] - Discussion turn returned None (e.g., no input or processing error).
2025-05-24 20:22:43,397 - INFO - [__main__] - --- Starting Smart Assistant Application ---
2025-05-24 20:22:43,397 - INFO - [__main__] - Initializing NLP and Memory...
2025-05-24 20:22:43,399 - INFO - [__main__] - NLP and Memory initialized.
2025-05-24 20:22:43,399 - INFO - [__main__] - Initializing Utilities and Chat Manager...
2025-05-24 20:22:49,342 - INFO - [__main__] - ChatManager instance injected into Utilities instance.
2025-05-24 20:22:49,342 - INFO - [__main__] - Utilities and Chat Manager initialized successfully.
2025-05-24 20:22:49,342 - INFO - [__main__] - 
--- Initialization Complete. Ready for interaction. ---
2025-05-24 20:22:49,342 - INFO - [__main__] - Assistant Name: Cypher
2025-05-24 20:22:49,342 - INFO - [__main__] - Enter 'exit' to quit.
2025-05-24 20:22:55,161 - INFO - [__main__] - Memory Deleted Successfully.
2025-05-24 20:29:21,144 - INFO - [__main__] - --- Starting Smart Assistant Application ---
2025-05-24 20:29:21,145 - INFO - [__main__] - Initializing NLP and Memory...
2025-05-24 20:29:21,145 - INFO - [__main__] - NLP and Memory initialized.
2025-05-24 20:29:21,146 - INFO - [__main__] - Initializing Utilities and Chat Manager...
2025-05-24 20:29:26,209 - INFO - [__main__] - ChatManager instance injected into Utilities instance.
2025-05-24 20:29:26,209 - INFO - [__main__] - Utilities and Chat Manager initialized successfully.
2025-05-24 20:29:26,209 - INFO - [__main__] - 
--- Initialization Complete. Ready for interaction. ---
2025-05-24 20:29:26,209 - INFO - [__main__] - Assistant Name: Cypher
2025-05-24 20:29:26,209 - INFO - [__main__] - Enter 'exit' to quit.
2025-05-24 20:29:28,698 - INFO - [__main__] - Memory Deleted Successfully.
2025-05-25 00:02:42,268 - INFO - [__main__] - --- Starting Smart Assistant Application ---
2025-05-25 00:02:42,269 - INFO - [__main__] - Initializing NLP and Memory...
2025-05-25 00:02:42,271 - INFO - [__main__] - NLP and Memory initialized.
2025-05-25 00:02:42,271 - INFO - [__main__] - Initializing Utilities and Chat Manager...
2025-05-25 00:03:00,076 - INFO - [__main__] - ChatManager instance injected into Utilities instance.
2025-05-25 00:03:00,076 - INFO - [__main__] - Utilities and Chat Manager initialized successfully.
2025-05-25 00:03:00,076 - INFO - [__main__] - 
--- Initialization Complete. Ready for interaction. ---
2025-05-25 00:03:00,076 - INFO - [__main__] - Assistant Name: Cypher
2025-05-25 00:03:00,076 - INFO - [__main__] - Enter 'exit' to quit.
2025-05-25 00:03:02,170 - INFO - [__main__] - Memory Deleted Successfully.
