2025-03-15 02:03:21,446 - INFO - Starting web server for TTS player...
2025-03-15 02:03:21,495 - INFO - Web server started on port 8765 and browser opened.
2025-03-15 02:03:21,856 - INFO - HTTP: "GET / HTTP/1.1" 200 -
2025-03-15 02:03:21,878 - INFO - HTTP: "GET /queue HTTP/1.1" 200 -
2025-03-15 02:03:21,996 - INFO - Added to TTS queue: Okay, that's... a lot to unpack!

Let's break it d...
2025-03-15 02:03:22,882 - INFO - HTTP: "GET /next HTTP/1.1" 200 -
2025-03-15 02:03:23,192 - INFO - HTTP: "GET /queue HTTP/1.1" 200 -
2025-03-15 02:03:23,453 - INFO - HTTP: "GET /queue HTTP/1.1" 200 -
2025-03-15 02:03:23,871 - INFO - HTTP: "GET /queue HTTP/1.1" 200 -
2025-03-15 02:03:25,185 - INFO - HTTP: "GET /queue HTTP/1.1" 200 -
2025-03-15 02:03:25,872 - INFO - HTTP: "GET /queue HTTP/1.1" 200 -
2025-03-15 02:03:27,196 - INFO - HTTP: "GET /queue HTTP/1.1" 200 -
2025-03-15 02:03:27,236 - INFO - HTTP: code 404, message File not found
2025-03-15 02:03:27,237 - INFO - HTTP: "GET /favicon.ico HTTP/1.1" 404 -
2025-03-15 02:03:27,868 - INFO - HTTP: "GET /queue HTTP/1.1" 200 -
2025-03-15 02:03:29,177 - INFO - HTTP: "GET /queue HTTP/1.1" 200 -
2025-03-15 02:03:29,881 - INFO - HTTP: "GET /queue HTTP/1.1" 200 -
2025-03-15 02:03:31,184 - INFO - HTTP: "GET /queue HTTP/1.1" 200 -
2025-03-15 02:03:31,868 - INFO - HTTP: "GET /queue HTTP/1.1" 200 -
2025-03-15 02:03:33,184 - INFO - HTTP: "GET /queue HTTP/1.1" 200 -
2025-03-15 02:03:33,874 - INFO - HTTP: "GET /queue HTTP/1.1" 200 -
2025-03-15 02:03:35,190 - INFO - HTTP: "GET /queue HTTP/1.1" 200 -
2025-03-15 02:03:35,877 - INFO - HTTP: "GET /queue HTTP/1.1" 200 -
2025-03-15 02:03:36,764 - INFO - HTTP: "GET /queue HTTP/1.1" 200 -
2025-03-15 02:03:37,029 - INFO - HTTP: "GET /queue HTTP/1.1" 200 -
2025-03-15 02:03:37,871 - INFO - HTTP: "GET /queue HTTP/1.1" 200 -
2025-03-15 02:03:39,181 - INFO - HTTP: "GET /queue HTTP/1.1" 200 -
2025-03-15 02:03:39,446 - INFO - HTTP: "GET /queue HTTP/1.1" 200 -
2025-03-15 02:03:40,190 - INFO - HTTP: "GET /queue HTTP/1.1" 200 -
2025-03-15 02:03:40,880 - INFO - HTTP: "GET /queue HTTP/1.1" 200 -
2025-03-15 02:03:42,189 - INFO - HTTP: "GET /queue HTTP/1.1" 200 -
2025-03-15 02:03:42,874 - INFO - HTTP: "GET /queue HTTP/1.1" 200 -
2025-03-15 02:03:44,186 - INFO - HTTP: "GET /queue HTTP/1.1" 200 -
2025-03-15 02:03:44,872 - INFO - HTTP: "GET /queue HTTP/1.1" 200 -
2025-03-15 02:03:46,183 - INFO - HTTP: "GET /queue HTTP/1.1" 200 -
2025-03-15 02:03:46,872 - INFO - HTTP: "GET /queue HTTP/1.1" 200 -
2025-03-15 02:03:47,700 - INFO - HTTP: "GET /next HTTP/1.1" 200 -
2025-03-15 02:03:47,948 - INFO - HTTP: "GET /queue HTTP/1.1" 200 -
2025-03-15 02:03:48,011 - INFO - HTTP: "GET /next HTTP/1.1" 200 -
2025-03-15 02:03:48,043 - INFO - HTTP: "GET /queue HTTP/1.1" 200 -
2025-03-15 02:04:12,834 - INFO - Added to TTS queue: This looks like you're running a Python script nam...
2025-03-15 02:04:25,133 - INFO - Starting web server for TTS player...
2025-03-15 02:04:25,178 - INFO - Web server started on port 8765 and browser opened.
2025-03-15 02:04:25,543 - INFO - HTTP: "GET / HTTP/1.1" 200 -
2025-03-15 02:04:25,565 - INFO - HTTP: "GET /queue HTTP/1.1" 200 -
2025-03-15 02:04:25,679 - INFO - Added to TTS queue: Hey there! How can I help you today?

2025-03-15 02:04:26,556 - INFO - HTTP: "GET /next HTTP/1.1" 200 -
2025-03-15 02:04:26,874 - INFO - HTTP: "GET /queue HTTP/1.1" 200 -
2025-03-15 02:04:27,130 - INFO - HTTP: "GET /queue HTTP/1.1" 200 -
2025-03-15 02:04:27,559 - INFO - HTTP: "GET /queue HTTP/1.1" 200 -
2025-03-15 02:04:28,880 - INFO - HTTP: "GET /queue HTTP/1.1" 200 -
2025-03-15 02:04:29,566 - INFO - HTTP: "GET /queue HTTP/1.1" 200 -
2025-03-15 02:05:07,885 - INFO - Starting web server for TTS player...
2025-03-15 02:05:07,933 - INFO - Web server started on port 8765 and browser opened.
2025-03-15 02:05:08,284 - INFO - HTTP: "GET / HTTP/1.1" 200 -
2025-03-15 02:05:08,305 - INFO - HTTP: "GET /queue HTTP/1.1" 200 -
2025-03-15 02:05:08,433 - INFO - Added to TTS queue: Hey there! How can I help you today?

2025-03-15 02:05:09,299 - INFO - HTTP: "GET /next HTTP/1.1" 200 -
2025-03-15 02:05:09,614 - INFO - HTTP: "GET /queue HTTP/1.1" 200 -
2025-03-15 02:05:09,867 - INFO - HTTP: "GET /queue HTTP/1.1" 200 -
2025-03-15 02:05:10,311 - INFO - HTTP: "GET /queue HTTP/1.1" 200 -
2025-03-15 02:05:11,614 - INFO - HTTP: "GET /queue HTTP/1.1" 200 -
2025-03-15 02:05:11,907 - INFO - HTTP: code 404, message File not found
2025-03-15 02:05:11,907 - INFO - HTTP: "GET /favicon.ico HTTP/1.1" 404 -
2025-03-15 02:05:12,299 - INFO - HTTP: "GET /queue HTTP/1.1" 200 -
2025-03-15 02:05:13,610 - INFO - HTTP: "GET /queue HTTP/1.1" 200 -
2025-03-15 02:05:14,198 - INFO - HTTP: "GET /next HTTP/1.1" 200 -
2025-03-15 02:05:14,515 - INFO - HTTP: "GET /queue HTTP/1.1" 200 -
2025-03-15 02:05:14,779 - INFO - HTTP: "GET /queue HTTP/1.1" 200 -
2025-03-15 02:05:14,824 - INFO - HTTP: "GET /queue HTTP/1.1" 200 -
2025-03-15 02:05:15,307 - INFO - HTTP: "GET /queue HTTP/1.1" 200 -
2025-03-15 02:05:16,614 - INFO - HTTP: "GET /queue HTTP/1.1" 200 -
2025-03-15 02:05:17,302 - INFO - HTTP: "GET /queue HTTP/1.1" 200 -
2025-03-15 02:05:18,561 - INFO - HTTP: "GET /next HTTP/1.1" 200 -
2025-03-15 02:05:18,826 - INFO - HTTP: "GET /queue HTTP/1.1" 200 -
2025-03-15 02:05:19,310 - INFO - HTTP: "GET /next HTTP/1.1" 200 -
2025-03-15 02:05:19,620 - INFO - HTTP: "GET /queue HTTP/1.1" 200 -
2025-03-15 02:05:20,304 - INFO - HTTP: "GET /next HTTP/1.1" 200 -
2025-03-15 02:05:20,619 - INFO - HTTP: "GET /queue HTTP/1.1" 200 -
2025-03-15 02:05:21,306 - INFO - HTTP: "GET /next HTTP/1.1" 200 -
2025-03-15 02:05:21,619 - INFO - HTTP: "GET /queue HTTP/1.1" 200 -
2025-03-15 02:05:22,306 - INFO - HTTP: "GET /next HTTP/1.1" 200 -
2025-03-15 02:05:22,621 - INFO - HTTP: "GET /queue HTTP/1.1" 200 -
2025-03-15 02:05:23,300 - INFO - HTTP: "GET /next HTTP/1.1" 200 -
2025-03-15 02:05:23,611 - INFO - HTTP: "GET /queue HTTP/1.1" 200 -
2025-03-15 02:05:24,300 - INFO - HTTP: "GET /next HTTP/1.1" 200 -
2025-03-15 02:05:24,610 - INFO - HTTP: "GET /queue HTTP/1.1" 200 -
2025-03-15 02:05:25,301 - INFO - HTTP: "GET /next HTTP/1.1" 200 -
2025-03-15 02:05:25,610 - INFO - HTTP: "GET /queue HTTP/1.1" 200 -
2025-03-15 02:05:26,311 - INFO - HTTP: "GET /next HTTP/1.1" 200 -
2025-03-15 02:05:26,623 - INFO - HTTP: "GET /queue HTTP/1.1" 200 -
2025-03-15 02:05:27,313 - INFO - HTTP: "GET /next HTTP/1.1" 200 -
2025-03-15 02:05:27,620 - INFO - HTTP: "GET /queue HTTP/1.1" 200 -
2025-03-15 02:05:28,297 - INFO - HTTP: "GET /next HTTP/1.1" 200 -
2025-03-15 02:05:28,601 - INFO - HTTP: "GET /queue HTTP/1.1" 200 -
2025-03-15 02:05:29,298 - INFO - HTTP: "GET /next HTTP/1.1" 200 -
2025-03-15 02:05:29,614 - INFO - HTTP: "GET /queue HTTP/1.1" 200 -
2025-03-15 02:05:30,306 - INFO - HTTP: "GET /next HTTP/1.1" 200 -
2025-03-15 02:05:30,619 - INFO - HTTP: "GET /queue HTTP/1.1" 200 -
2025-03-15 02:05:31,308 - INFO - HTTP: "GET /next HTTP/1.1" 200 -
2025-03-15 02:05:31,615 - INFO - HTTP: "GET /queue HTTP/1.1" 200 -
2025-03-15 02:05:32,303 - INFO - HTTP: "GET /next HTTP/1.1" 200 -
2025-03-15 02:05:32,614 - INFO - HTTP: "GET /queue HTTP/1.1" 200 -
2025-03-15 02:05:33,301 - INFO - HTTP: "GET /next HTTP/1.1" 200 -
2025-03-15 02:05:33,612 - INFO - HTTP: "GET /queue HTTP/1.1" 200 -
2025-03-15 02:05:34,301 - INFO - HTTP: "GET /next HTTP/1.1" 200 -
2025-03-15 02:05:34,605 - INFO - HTTP: "GET /queue HTTP/1.1" 200 -
2025-03-15 02:05:35,296 - INFO - HTTP: "GET /next HTTP/1.1" 200 -
2025-03-15 02:05:35,611 - INFO - HTTP: "GET /queue HTTP/1.1" 200 -
2025-03-15 02:05:36,308 - INFO - HTTP: "GET /next HTTP/1.1" 200 -
2025-03-15 02:05:36,619 - INFO - HTTP: "GET /queue HTTP/1.1" 200 -
2025-03-15 02:05:37,304 - INFO - HTTP: "GET /next HTTP/1.1" 200 -
2025-03-15 02:05:37,615 - INFO - HTTP: "GET /queue HTTP/1.1" 200 -
2025-03-15 02:05:38,313 - INFO - HTTP: "GET /next HTTP/1.1" 200 -
2025-03-15 02:05:38,621 - INFO - HTTP: "GET /queue HTTP/1.1" 200 -
2025-03-15 02:05:39,308 - INFO - HTTP: "GET /next HTTP/1.1" 200 -
2025-03-15 02:05:39,615 - INFO - HTTP: "GET /queue HTTP/1.1" 200 -
2025-03-15 02:05:40,304 - INFO - HTTP: "GET /next HTTP/1.1" 200 -
2025-03-15 02:05:40,616 - INFO - HTTP: "GET /queue HTTP/1.1" 200 -
2025-03-15 02:05:41,306 - INFO - HTTP: "GET /next HTTP/1.1" 200 -
2025-03-15 02:05:41,619 - INFO - HTTP: "GET /queue HTTP/1.1" 200 -
2025-03-15 02:05:42,306 - INFO - HTTP: "GET /next HTTP/1.1" 200 -
2025-03-15 02:05:42,621 - INFO - HTTP: "GET /queue HTTP/1.1" 200 -
2025-03-15 02:05:43,303 - INFO - HTTP: "GET /next HTTP/1.1" 200 -
2025-03-15 02:05:43,618 - INFO - HTTP: "GET /queue HTTP/1.1" 200 -
2025-03-15 02:05:44,311 - INFO - HTTP: "GET /next HTTP/1.1" 200 -
2025-03-15 02:05:44,628 - INFO - HTTP: "GET /queue HTTP/1.1" 200 -
2025-03-15 02:05:45,309 - INFO - HTTP: "GET /next HTTP/1.1" 200 -
2025-03-15 02:05:45,613 - INFO - HTTP: "GET /queue HTTP/1.1" 200 -
2025-03-15 02:06:12,320 - INFO - Starting web server for TTS player...
2025-03-15 02:06:12,364 - INFO - Web server started on port 8765 and browser opened.
2025-03-15 02:06:12,495 - INFO - HTTP: "GET / HTTP/1.1" 200 -
2025-03-15 02:06:12,730 - INFO - HTTP: "GET /next HTTP/1.1" 200 -
2025-03-15 02:06:12,744 - INFO - HTTP: "GET /queue HTTP/1.1" 200 -
2025-03-15 02:06:12,823 - INFO - HTTP: "GET /queue HTTP/1.1" 200 -
2025-03-15 02:06:12,865 - INFO - Added to TTS queue: Alright, alright, so you want me to say "How can I...
2025-03-15 02:06:13,054 - INFO - HTTP: "GET /queue HTTP/1.1" 200 -
2025-03-15 02:06:13,521 - INFO - HTTP: "GET /next HTTP/1.1" 200 -
2025-03-15 02:06:13,831 - INFO - HTTP: "GET /queue HTTP/1.1" 200 -
2025-03-15 02:06:14,506 - INFO - HTTP: "GET /next HTTP/1.1" 200 -
2025-03-15 02:06:14,825 - INFO - HTTP: "GET /queue HTTP/1.1" 200 -
2025-03-15 02:06:15,511 - INFO - HTTP: "GET /next HTTP/1.1" 200 -
2025-03-15 02:06:15,818 - INFO - HTTP: "GET /queue HTTP/1.1" 200 -
2025-03-15 02:06:16,512 - INFO - HTTP: "GET /next HTTP/1.1" 200 -
2025-03-15 02:06:16,822 - INFO - HTTP: "GET /queue HTTP/1.1" 200 -
2025-03-15 02:06:17,153 - INFO - HTTP: "GET /queue HTTP/1.1" 200 -
2025-03-15 02:06:17,618 - INFO - HTTP: "GET /queue HTTP/1.1" 200 -
2025-03-15 02:06:17,818 - INFO - HTTP: "GET /next HTTP/1.1" 200 -
2025-03-15 02:06:17,882 - INFO - HTTP: "GET /queue HTTP/1.1" 200 -
2025-03-15 02:06:18,301 - INFO - HTTP: "GET /queue HTTP/1.1" 200 -
2025-03-15 02:06:18,832 - INFO - HTTP: "GET /next HTTP/1.1" 200 -
2025-03-15 02:06:19,096 - INFO - HTTP: "GET /queue HTTP/1.1" 200 -
2025-03-15 02:06:19,301 - INFO - HTTP: "GET /queue HTTP/1.1" 200 -
2025-03-15 02:06:19,832 - INFO - HTTP: "GET /next HTTP/1.1" 200 -
2025-03-15 02:06:20,096 - INFO - HTTP: "GET /queue HTTP/1.1" 200 -
2025-03-15 02:06:20,298 - INFO - HTTP: "GET /queue HTTP/1.1" 200 -
2025-03-15 02:06:21,480 - INFO - HTTP: "GET /next HTTP/1.1" 200 -
2025-03-15 02:06:21,605 - INFO - HTTP: "GET /queue HTTP/1.1" 200 -
2025-03-15 02:06:21,748 - INFO - HTTP: "GET /queue HTTP/1.1" 200 -
2025-03-15 02:06:22,165 - INFO - HTTP: "GET /next HTTP/1.1" 200 -
2025-03-15 02:06:22,478 - INFO - HTTP: "GET /queue HTTP/1.1" 200 -
2025-03-15 02:06:22,742 - INFO - HTTP: "GET /queue HTTP/1.1" 200 -
2025-03-15 02:06:22,790 - INFO - HTTP: "GET /next HTTP/1.1" 200 -
2025-03-15 02:06:23,022 - INFO - HTTP: "GET /queue HTTP/1.1" 200 -
2025-03-15 02:06:23,301 - INFO - HTTP: "GET /queue HTTP/1.1" 200 -
2025-03-15 02:06:23,831 - INFO - HTTP: "GET /next HTTP/1.1" 200 -
2025-03-15 02:06:24,299 - INFO - HTTP: "GET /queue HTTP/1.1" 200 -
2025-03-15 02:06:25,299 - INFO - HTTP: "GET /queue HTTP/1.1" 200 -
2025-03-15 02:06:26,622 - INFO - HTTP: "GET /queue HTTP/1.1" 200 -
2025-03-15 02:06:27,297 - INFO - HTTP: "GET /queue HTTP/1.1" 200 -
2025-03-15 02:06:28,613 - INFO - HTTP: "GET /queue HTTP/1.1" 200 -
2025-03-15 02:06:29,298 - INFO - HTTP: "GET /queue HTTP/1.1" 200 -
2025-03-15 02:06:30,620 - INFO - HTTP: "GET /queue HTTP/1.1" 200 -
2025-03-15 02:06:31,307 - INFO - HTTP: "GET /queue HTTP/1.1" 200 -
2025-03-15 02:06:32,614 - INFO - HTTP: "GET /queue HTTP/1.1" 200 -
2025-03-15 02:06:33,299 - INFO - HTTP: "GET /queue HTTP/1.1" 200 -
2025-03-15 02:06:34,607 - INFO - HTTP: "GET /queue HTTP/1.1" 200 -
2025-03-15 02:06:35,308 - INFO - HTTP: "GET /queue HTTP/1.1" 200 -
2025-03-15 02:06:36,625 - INFO - HTTP: "GET /queue HTTP/1.1" 200 -
2025-03-15 02:06:37,308 - INFO - HTTP: "GET /queue HTTP/1.1" 200 -
2025-03-15 02:06:38,620 - INFO - HTTP: "GET /queue HTTP/1.1" 200 -
2025-03-15 02:06:39,308 - INFO - HTTP: "GET /queue HTTP/1.1" 200 -
2025-03-15 02:06:40,614 - INFO - HTTP: "GET /queue HTTP/1.1" 200 -
2025-03-15 02:06:41,304 - INFO - HTTP: "GET /queue HTTP/1.1" 200 -
2025-03-15 02:06:42,614 - INFO - HTTP: "GET /queue HTTP/1.1" 200 -
2025-03-15 02:06:43,302 - INFO - HTTP: "GET /queue HTTP/1.1" 200 -
2025-03-15 02:06:44,613 - INFO - HTTP: "GET /queue HTTP/1.1" 200 -
2025-03-15 02:06:45,306 - INFO - HTTP: "GET /queue HTTP/1.1" 200 -
2025-03-15 02:06:46,611 - INFO - HTTP: "GET /queue HTTP/1.1" 200 -
2025-03-15 02:06:47,301 - INFO - HTTP: "GET /queue HTTP/1.1" 200 -
2025-03-15 02:06:48,613 - INFO - HTTP: "GET /queue HTTP/1.1" 200 -
2025-03-15 02:06:49,298 - INFO - HTTP: "GET /queue HTTP/1.1" 200 -
2025-03-15 02:06:50,623 - INFO - HTTP: "GET /queue HTTP/1.1" 200 -
2025-03-15 02:06:51,302 - INFO - HTTP: "GET /queue HTTP/1.1" 200 -
2025-03-15 02:06:52,613 - INFO - HTTP: "GET /queue HTTP/1.1" 200 -
2025-03-15 02:06:53,303 - INFO - HTTP: "GET /queue HTTP/1.1" 200 -
2025-03-15 02:06:54,617 - INFO - HTTP: "GET /queue HTTP/1.1" 200 -
2025-03-15 02:06:55,300 - INFO - HTTP: "GET /queue HTTP/1.1" 200 -
2025-03-15 02:06:56,619 - INFO - HTTP: "GET /queue HTTP/1.1" 200 -
2025-03-15 02:06:57,306 - INFO - HTTP: "GET /queue HTTP/1.1" 200 -
2025-03-15 02:06:58,611 - INFO - HTTP: "GET /queue HTTP/1.1" 200 -
2025-03-15 02:06:59,301 - INFO - HTTP: "GET /queue HTTP/1.1" 200 -
2025-03-15 02:07:00,614 - INFO - HTTP: "GET /queue HTTP/1.1" 200 -
2025-03-15 02:07:01,296 - INFO - HTTP: "GET /queue HTTP/1.1" 200 -
2025-03-15 02:07:02,603 - INFO - HTTP: "GET /queue HTTP/1.1" 200 -
2025-03-15 02:07:03,305 - INFO - HTTP: "GET /queue HTTP/1.1" 200 -
2025-03-15 02:07:04,613 - INFO - HTTP: "GET /queue HTTP/1.1" 200 -
2025-03-15 02:07:05,299 - INFO - HTTP: "GET /queue HTTP/1.1" 200 -
2025-03-15 02:07:06,359 - INFO - Added to TTS queue: Ohhhh, my bad, my bad. You want me to *sound* like...
2025-03-15 02:07:06,609 - INFO - HTTP: "GET /queue HTTP/1.1" 200 -
2025-03-15 02:07:07,302 - INFO - HTTP: "GET /queue HTTP/1.1" 200 -
2025-03-15 02:07:08,611 - INFO - HTTP: "GET /queue HTTP/1.1" 200 -
2025-03-15 02:07:08,768 - INFO - HTTP: "GET /next HTTP/1.1" 200 -
2025-03-15 02:07:08,863 - INFO - HTTP: "GET /queue HTTP/1.1" 200 -
2025-03-15 02:07:09,087 - INFO - HTTP: "GET /queue HTTP/1.1" 200 -
2025-03-15 02:07:09,296 - INFO - HTTP: "GET /queue HTTP/1.1" 200 -
2025-03-15 02:07:10,613 - INFO - HTTP: "GET /queue HTTP/1.1" 200 -
2025-03-15 02:07:11,298 - INFO - HTTP: "GET /queue HTTP/1.1" 200 -
2025-03-15 02:07:12,610 - INFO - HTTP: "GET /queue HTTP/1.1" 200 -
2025-03-15 02:07:13,297 - INFO - HTTP: "GET /queue HTTP/1.1" 200 -
2025-03-15 02:07:14,624 - INFO - HTTP: "GET /queue HTTP/1.1" 200 -
2025-03-15 02:07:15,299 - INFO - HTTP: "GET /queue HTTP/1.1" 200 -
2025-03-15 02:07:16,612 - INFO - HTTP: "GET /queue HTTP/1.1" 200 -
2025-03-15 02:07:17,312 - INFO - HTTP: "GET /queue HTTP/1.1" 200 -
2025-03-15 02:07:18,607 - INFO - HTTP: "GET /queue HTTP/1.1" 200 -
2025-03-15 02:07:19,297 - INFO - HTTP: "GET /queue HTTP/1.1" 200 -
2025-03-15 02:07:20,618 - INFO - HTTP: "GET /queue HTTP/1.1" 200 -
2025-03-15 02:07:21,301 - INFO - HTTP: "GET /queue HTTP/1.1" 200 -
2025-03-15 02:07:22,621 - INFO - HTTP: "GET /queue HTTP/1.1" 200 -
2025-03-15 02:07:23,308 - INFO - HTTP: "GET /queue HTTP/1.1" 200 -
2025-03-15 02:07:24,617 - INFO - HTTP: "GET /queue HTTP/1.1" 200 -
2025-03-15 02:07:25,300 - INFO - HTTP: "GET /queue HTTP/1.1" 200 -
2025-03-15 02:07:26,611 - INFO - HTTP: "GET /queue HTTP/1.1" 200 -
2025-03-15 02:07:27,301 - INFO - HTTP: "GET /queue HTTP/1.1" 200 -
2025-03-15 02:07:28,620 - INFO - HTTP: "GET /queue HTTP/1.1" 200 -
2025-03-15 02:07:29,304 - INFO - HTTP: "GET /queue HTTP/1.1" 200 -
2025-03-15 02:07:30,613 - INFO - HTTP: "GET /queue HTTP/1.1" 200 -
2025-03-15 02:07:31,311 - INFO - HTTP: "GET /queue HTTP/1.1" 200 -
2025-03-15 02:07:32,613 - INFO - HTTP: "GET /queue HTTP/1.1" 200 -
2025-03-15 02:07:33,305 - INFO - HTTP: "GET /queue HTTP/1.1" 200 -
2025-03-15 02:07:34,615 - INFO - HTTP: "GET /queue HTTP/1.1" 200 -
2025-03-15 02:07:35,298 - INFO - HTTP: "GET /queue HTTP/1.1" 200 -
2025-03-15 02:07:36,624 - INFO - HTTP: "GET /queue HTTP/1.1" 200 -
2025-03-15 02:07:37,302 - INFO - HTTP: "GET /queue HTTP/1.1" 200 -
2025-03-15 02:07:38,613 - INFO - HTTP: "GET /queue HTTP/1.1" 200 -
2025-03-15 02:07:39,300 - INFO - HTTP: "GET /queue HTTP/1.1" 200 -
2025-03-15 02:07:40,610 - INFO - HTTP: "GET /queue HTTP/1.1" 200 -
2025-03-15 02:07:41,311 - INFO - HTTP: "GET /queue HTTP/1.1" 200 -
2025-03-15 02:07:42,622 - INFO - HTTP: "GET /queue HTTP/1.1" 200 -
2025-03-15 02:07:43,307 - INFO - HTTP: "GET /queue HTTP/1.1" 200 -
2025-03-15 02:07:44,616 - INFO - HTTP: "GET /queue HTTP/1.1" 200 -
2025-03-15 02:07:45,305 - INFO - HTTP: "GET /queue HTTP/1.1" 200 -
2025-03-15 02:07:46,614 - INFO - HTTP: "GET /queue HTTP/1.1" 200 -
2025-03-15 02:07:47,307 - INFO - HTTP: "GET /queue HTTP/1.1" 200 -
2025-03-15 02:07:48,611 - INFO - HTTP: "GET /queue HTTP/1.1" 200 -
2025-03-15 02:07:49,304 - INFO - HTTP: "GET /queue HTTP/1.1" 200 -
2025-03-15 02:07:50,614 - INFO - HTTP: "GET /queue HTTP/1.1" 200 -
2025-03-15 02:07:51,297 - INFO - HTTP: "GET /queue HTTP/1.1" 200 -
2025-03-15 02:07:52,617 - INFO - HTTP: "GET /queue HTTP/1.1" 200 -
2025-03-15 02:07:53,303 - INFO - HTTP: "GET /queue HTTP/1.1" 200 -
2025-03-15 02:07:54,612 - INFO - HTTP: "GET /queue HTTP/1.1" 200 -
2025-03-15 02:07:55,312 - INFO - HTTP: "GET /queue HTTP/1.1" 200 -
2025-03-15 02:07:56,621 - INFO - HTTP: "GET /queue HTTP/1.1" 200 -
2025-03-15 02:07:57,308 - INFO - HTTP: "GET /queue HTTP/1.1" 200 -
2025-03-15 02:07:58,615 - INFO - HTTP: "GET /queue HTTP/1.1" 200 -
2025-03-15 02:07:59,190 - INFO - HTTP: "GET /next HTTP/1.1" 200 -
2025-03-15 02:07:59,505 - INFO - HTTP: "GET /queue HTTP/1.1" 200 -
2025-03-15 02:07:59,601 - INFO - HTTP: "GET /next HTTP/1.1" 200 -
2025-03-15 02:07:59,766 - INFO - HTTP: "GET /queue HTTP/1.1" 200 -
2025-03-15 02:08:00,307 - INFO - HTTP: "GET /next HTTP/1.1" 200 -
2025-03-15 02:08:00,619 - INFO - HTTP: "GET /queue HTTP/1.1" 200 -
2025-03-15 02:08:01,307 - INFO - HTTP: "GET /next HTTP/1.1" 200 -
2025-03-15 02:08:01,619 - INFO - HTTP: "GET /queue HTTP/1.1" 200 -
2025-03-15 02:08:02,299 - INFO - HTTP: "GET /next HTTP/1.1" 200 -
2025-03-15 02:08:02,604 - INFO - HTTP: "GET /queue HTTP/1.1" 200 -
2025-03-15 02:08:03,041 - INFO - Added to TTS queue: Oh, *now* I get it. You thought I was being a cond...
2025-03-15 02:08:03,311 - INFO - HTTP: "GET /next HTTP/1.1" 200 -
2025-03-15 02:08:03,640 - INFO - HTTP: "GET /queue HTTP/1.1" 200 -
2025-03-15 02:08:03,879 - INFO - HTTP: "GET /queue HTTP/1.1" 200 -
2025-03-15 02:08:04,310 - INFO - HTTP: "GET /queue HTTP/1.1" 200 -
2025-03-15 02:08:05,615 - INFO - HTTP: "GET /queue HTTP/1.1" 200 -
2025-03-15 02:08:06,307 - INFO - HTTP: "GET /queue HTTP/1.1" 200 -
2025-03-15 02:08:07,612 - INFO - HTTP: "GET /queue HTTP/1.1" 200 -
2025-03-15 02:08:08,311 - INFO - HTTP: "GET /queue HTTP/1.1" 200 -
2025-03-15 02:08:09,620 - INFO - HTTP: "GET /queue HTTP/1.1" 200 -
2025-03-15 02:08:10,308 - INFO - HTTP: "GET /queue HTTP/1.1" 200 -
2025-03-15 02:08:11,599 - INFO - HTTP: "GET /queue HTTP/1.1" 200 -
2025-03-15 02:08:12,301 - INFO - HTTP: "GET /queue HTTP/1.1" 200 -
2025-03-15 02:08:13,613 - INFO - HTTP: "GET /queue HTTP/1.1" 200 -
2025-03-15 02:08:14,310 - INFO - HTTP: "GET /queue HTTP/1.1" 200 -
2025-03-15 02:08:15,618 - INFO - HTTP: "GET /queue HTTP/1.1" 200 -
2025-03-15 02:08:16,303 - INFO - HTTP: "GET /queue HTTP/1.1" 200 -
2025-03-15 02:08:17,617 - INFO - HTTP: "GET /queue HTTP/1.1" 200 -
2025-03-15 02:08:18,296 - INFO - HTTP: "GET /queue HTTP/1.1" 200 -
2025-03-15 02:08:19,610 - INFO - HTTP: "GET /queue HTTP/1.1" 200 -
2025-03-15 02:08:20,303 - INFO - HTTP: "GET /queue HTTP/1.1" 200 -
2025-03-15 02:08:21,621 - INFO - HTTP: "GET /queue HTTP/1.1" 200 -
2025-03-15 02:08:22,304 - INFO - HTTP: "GET /queue HTTP/1.1" 200 -
2025-03-15 02:08:23,612 - INFO - HTTP: "GET /queue HTTP/1.1" 200 -
2025-03-15 02:08:24,300 - INFO - HTTP: "GET /queue HTTP/1.1" 200 -
2025-03-15 02:08:25,607 - INFO - HTTP: "GET /queue HTTP/1.1" 200 -
2025-03-15 02:08:26,303 - INFO - HTTP: "GET /queue HTTP/1.1" 200 -
2025-03-15 02:08:27,608 - INFO - HTTP: "GET /queue HTTP/1.1" 200 -
2025-03-15 02:08:28,310 - INFO - HTTP: "GET /queue HTTP/1.1" 200 -
2025-03-15 02:08:29,609 - INFO - HTTP: "GET /queue HTTP/1.1" 200 -
2025-03-15 02:08:30,313 - INFO - HTTP: "GET /queue HTTP/1.1" 200 -
2025-03-15 02:08:31,623 - INFO - HTTP: "GET /queue HTTP/1.1" 200 -
2025-03-15 02:08:32,309 - INFO - HTTP: "GET /queue HTTP/1.1" 200 -
2025-03-15 02:08:33,618 - INFO - HTTP: "GET /queue HTTP/1.1" 200 -
2025-03-15 02:08:34,298 - INFO - HTTP: "GET /queue HTTP/1.1" 200 -
2025-03-15 02:08:35,605 - INFO - HTTP: "GET /queue HTTP/1.1" 200 -
2025-03-15 02:08:36,309 - INFO - HTTP: "GET /queue HTTP/1.1" 200 -
2025-03-15 02:08:37,620 - INFO - HTTP: "GET /queue HTTP/1.1" 200 -
2025-03-15 02:08:38,309 - INFO - HTTP: "GET /queue HTTP/1.1" 200 -
2025-03-15 02:08:39,610 - INFO - HTTP: "GET /queue HTTP/1.1" 200 -
2025-03-15 02:08:40,304 - INFO - HTTP: "GET /queue HTTP/1.1" 200 -
2025-03-15 02:09:55,174 - INFO - Starting web server for TTS player...
2025-03-15 02:09:55,221 - INFO - Web server started on port 8765 and browser opened.
2025-03-15 02:09:55,593 - INFO - HTTP: "GET / HTTP/1.1" 200 -
2025-03-15 02:09:55,614 - INFO - HTTP: "GET /queue HTTP/1.1" 200 -
2025-03-15 02:09:55,721 - INFO - Added to TTS queue: Hi Alex! It's nice to meet you. How can I help you...
2025-03-15 02:09:56,604 - INFO - HTTP: "GET /next HTTP/1.1" 200 -
2025-03-15 02:09:56,922 - INFO - HTTP: "GET /queue HTTP/1.1" 200 -
2025-03-15 02:09:57,176 - INFO - HTTP: "GET /queue HTTP/1.1" 200 -
2025-03-15 02:09:57,239 - INFO - HTTP: "GET /next HTTP/1.1" 200 -
2025-03-15 02:09:57,479 - INFO - HTTP: "GET /queue HTTP/1.1" 200 -
2025-03-15 02:09:57,607 - INFO - HTTP: "GET /queue HTTP/1.1" 200 -
2025-03-15 02:09:58,926 - INFO - HTTP: "GET /queue HTTP/1.1" 200 -
2025-03-15 02:09:59,614 - INFO - HTTP: "GET /queue HTTP/1.1" 200 -
2025-03-15 02:10:00,925 - INFO - HTTP: "GET /queue HTTP/1.1" 200 -
2025-03-15 02:10:01,217 - INFO - HTTP: "GET /next HTTP/1.1" 200 -
2025-03-15 02:10:01,529 - INFO - HTTP: "GET /queue HTTP/1.1" 200 -
2025-03-15 02:10:01,608 - INFO - HTTP: "GET /next HTTP/1.1" 200 -
2025-03-15 02:10:01,795 - INFO - HTTP: "GET /queue HTTP/1.1" 200 -
2025-03-15 02:10:02,297 - INFO - HTTP: "GET /next HTTP/1.1" 200 -
2025-03-15 02:10:02,606 - INFO - HTTP: "GET /queue HTTP/1.1" 200 -
2025-03-15 02:10:03,300 - INFO - HTTP: "GET /next HTTP/1.1" 200 -
2025-03-15 02:10:03,619 - INFO - HTTP: "GET /queue HTTP/1.1" 200 -
2025-03-15 02:10:04,307 - INFO - HTTP: "GET /next HTTP/1.1" 200 -
2025-03-15 02:10:04,620 - INFO - HTTP: "GET /queue HTTP/1.1" 200 -
2025-03-15 02:10:51,401 - INFO - Starting web server for TTS player...
2025-03-15 02:10:51,449 - INFO - Web server started on port 8765 and browser opened.
2025-03-15 02:10:51,817 - INFO - HTTP: "GET / HTTP/1.1" 200 -
2025-03-15 02:10:51,835 - INFO - HTTP: "GET /queue HTTP/1.1" 200 -
2025-03-15 02:10:51,950 - INFO - Added to TTS queue: You are Sypher, Felix. Don't you remember setting ...
2025-03-15 02:10:52,843 - INFO - HTTP: "GET /next HTTP/1.1" 200 -
2025-03-15 02:10:53,160 - INFO - HTTP: "GET /queue HTTP/1.1" 200 -
2025-03-15 02:10:53,414 - INFO - HTTP: "GET /queue HTTP/1.1" 200 -
2025-03-15 02:10:53,827 - INFO - HTTP: "GET /queue HTTP/1.1" 200 -
2025-03-15 02:10:55,142 - INFO - HTTP: "GET /queue HTTP/1.1" 200 -
2025-03-15 02:10:55,846 - INFO - HTTP: "GET /queue HTTP/1.1" 200 -
2025-03-15 02:10:57,153 - INFO - HTTP: "GET /queue HTTP/1.1" 200 -
2025-03-15 02:10:57,839 - INFO - HTTP: "GET /queue HTTP/1.1" 200 -
2025-03-15 02:10:59,147 - INFO - HTTP: "GET /queue HTTP/1.1" 200 -
2025-03-15 02:10:59,843 - INFO - HTTP: "GET /queue HTTP/1.1" 200 -
2025-03-15 02:11:01,154 - INFO - HTTP: "GET /queue HTTP/1.1" 200 -
2025-03-15 02:11:01,847 - INFO - HTTP: "GET /queue HTTP/1.1" 200 -
2025-03-15 02:11:03,145 - INFO - HTTP: "GET /queue HTTP/1.1" 200 -
2025-03-15 02:11:03,831 - INFO - HTTP: "GET /queue HTTP/1.1" 200 -
2025-03-15 02:11:05,145 - INFO - HTTP: "GET /queue HTTP/1.1" 200 -
2025-03-15 02:11:05,833 - INFO - HTTP: "GET /queue HTTP/1.1" 200 -
2025-03-15 02:11:07,145 - INFO - HTTP: "GET /queue HTTP/1.1" 200 -
2025-03-15 02:11:07,394 - INFO - HTTP: "GET /queue HTTP/1.1" 200 -
2025-03-15 02:11:07,831 - INFO - HTTP: "GET /queue HTTP/1.1" 200 -
2025-03-15 02:11:09,142 - INFO - HTTP: "GET /queue HTTP/1.1" 200 -
2025-03-15 02:12:31,239 - INFO - Added to TTS queue: "We never know?" Oh wow, deep thoughts from Felix ...
2025-03-15 02:13:08,936 - INFO - Starting web server for TTS player...
2025-03-15 02:13:08,981 - INFO - Web server started on port 8765 and browser opened.
2025-03-15 02:13:09,355 - INFO - HTTP: "GET / HTTP/1.1" 200 -
2025-03-15 02:13:09,376 - INFO - HTTP: "GET /queue HTTP/1.1" 200 -
2025-03-15 02:13:09,482 - INFO - Added to TTS queue: Oh, "you just asked," huh? Sure, Felix, and I'm ju...
2025-03-15 02:13:09,629 - INFO - HTTP: code 404, message File not found
2025-03-15 02:13:09,629 - INFO - HTTP: "GET /favicon.ico HTTP/1.1" 404 -
2025-03-15 02:13:10,679 - INFO - HTTP: "GET /next HTTP/1.1" 200 -
2025-03-15 02:13:10,933 - INFO - HTTP: "GET /queue HTTP/1.1" 200 -
2025-03-15 02:13:10,996 - INFO - HTTP: "GET /queue HTTP/1.1" 200 -
2025-03-15 02:13:11,361 - INFO - HTTP: "GET /queue HTTP/1.1" 200 -
2025-03-15 02:13:12,683 - INFO - HTTP: "GET /queue HTTP/1.1" 200 -
2025-03-15 02:13:13,368 - INFO - HTTP: "GET /queue HTTP/1.1" 200 -
2025-03-15 02:13:14,694 - INFO - HTTP: "GET /queue HTTP/1.1" 200 -
2025-03-15 02:13:15,367 - INFO - HTTP: "GET /queue HTTP/1.1" 200 -
2025-03-15 02:13:16,680 - INFO - HTTP: "GET /queue HTTP/1.1" 200 -
2025-03-15 02:13:17,370 - INFO - HTTP: "GET /queue HTTP/1.1" 200 -
2025-03-15 02:13:18,677 - INFO - HTTP: "GET /queue HTTP/1.1" 200 -
2025-03-15 02:13:19,366 - INFO - HTTP: "GET /queue HTTP/1.1" 200 -
2025-03-15 02:13:20,678 - INFO - HTTP: "GET /queue HTTP/1.1" 200 -
2025-03-15 02:13:21,366 - INFO - HTTP: "GET /queue HTTP/1.1" 200 -
2025-03-15 02:13:22,681 - INFO - HTTP: "GET /queue HTTP/1.1" 200 -
2025-03-15 02:13:23,370 - INFO - HTTP: "GET /queue HTTP/1.1" 200 -
2025-03-15 02:13:24,680 - INFO - HTTP: "GET /queue HTTP/1.1" 200 -
2025-03-15 02:13:25,368 - INFO - HTTP: "GET /queue HTTP/1.1" 200 -
2025-03-15 02:13:26,669 - INFO - HTTP: "GET /queue HTTP/1.1" 200 -
2025-03-15 02:13:27,369 - INFO - HTTP: "GET /queue HTTP/1.1" 200 -
2025-03-15 02:13:28,672 - INFO - HTTP: "GET /queue HTTP/1.1" 200 -
2025-03-15 02:13:29,374 - INFO - HTTP: "GET /queue HTTP/1.1" 200 -
2025-03-15 02:13:30,696 - INFO - HTTP: "GET /queue HTTP/1.1" 200 -
2025-03-15 02:13:31,369 - INFO - HTTP: "GET /queue HTTP/1.1" 200 -
2025-03-15 02:13:32,691 - INFO - HTTP: "GET /queue HTTP/1.1" 200 -
2025-03-15 02:13:33,367 - INFO - HTTP: "GET /queue HTTP/1.1" 200 -
2025-03-15 02:13:34,689 - INFO - HTTP: "GET /queue HTTP/1.1" 200 -
2025-03-15 02:13:35,378 - INFO - HTTP: "GET /queue HTTP/1.1" 200 -
2025-03-15 02:13:36,686 - INFO - HTTP: "GET /queue HTTP/1.1" 200 -
2025-03-15 02:13:37,366 - INFO - HTTP: "GET /queue HTTP/1.1" 200 -
2025-03-15 02:13:38,686 - INFO - HTTP: "GET /queue HTTP/1.1" 200 -
2025-03-15 02:13:38,874 - INFO - HTTP: "GET /next HTTP/1.1" 200 -
2025-03-15 02:13:38,951 - INFO - HTTP: "GET /queue HTTP/1.1" 200 -
2025-03-15 02:13:39,183 - INFO - HTTP: "GET /queue HTTP/1.1" 200 -
2025-03-15 02:13:39,370 - INFO - HTTP: "GET /queue HTTP/1.1" 200 -
2025-03-15 02:13:40,688 - INFO - HTTP: "GET /queue HTTP/1.1" 200 -
2025-03-15 02:13:41,365 - INFO - HTTP: "GET /queue HTTP/1.1" 200 -
2025-03-15 02:13:42,692 - INFO - HTTP: "GET /queue HTTP/1.1" 200 -
2025-03-15 02:13:43,366 - INFO - HTTP: "GET /queue HTTP/1.1" 200 -
2025-03-15 02:13:44,679 - INFO - HTTP: "GET /queue HTTP/1.1" 200 -
2025-03-15 02:13:45,368 - INFO - HTTP: "GET /queue HTTP/1.1" 200 -
2025-03-15 02:13:46,680 - INFO - HTTP: "GET /queue HTTP/1.1" 200 -
2025-03-15 02:13:47,380 - INFO - HTTP: "GET /queue HTTP/1.1" 200 -
2025-03-15 02:13:48,689 - INFO - HTTP: "GET /queue HTTP/1.1" 200 -
2025-03-15 02:13:50,177 - INFO - HTTP: "GET /queue HTTP/1.1" 200 -
2025-03-15 02:13:51,479 - INFO - HTTP: "GET /queue HTTP/1.1" 200 -
2025-03-15 02:13:52,167 - INFO - HTTP: "GET /queue HTTP/1.1" 200 -
2025-03-15 02:13:53,480 - INFO - HTTP: "GET /queue HTTP/1.1" 200 -
2025-03-15 02:13:53,746 - INFO - HTTP: "GET /queue HTTP/1.1" 200 -
2025-03-15 02:13:54,370 - INFO - HTTP: "GET /queue HTTP/1.1" 200 -
2025-03-15 02:13:55,683 - INFO - HTTP: "GET /queue HTTP/1.1" 200 -
2025-03-15 02:13:56,367 - INFO - HTTP: "GET /queue HTTP/1.1" 200 -
2025-03-15 02:13:58,477 - INFO - HTTP: "GET /queue HTTP/1.1" 200 -
2025-03-15 02:13:59,168 - INFO - HTTP: "GET /queue HTTP/1.1" 200 -
2025-03-15 02:14:00,516 - INFO - HTTP: "GET /queue HTTP/1.1" 200 -
2025-03-15 02:14:01,170 - INFO - HTTP: "GET /queue HTTP/1.1" 200 -
2025-03-15 02:14:02,483 - INFO - HTTP: "GET /queue HTTP/1.1" 200 -
2025-03-15 02:14:03,165 - INFO - HTTP: "GET /queue HTTP/1.1" 200 -
2025-03-15 02:14:04,467 - INFO - HTTP: "GET /queue HTTP/1.1" 200 -
2025-03-15 02:14:05,176 - INFO - HTTP: "GET /queue HTTP/1.1" 200 -
2025-03-15 02:14:06,485 - INFO - HTTP: "GET /queue HTTP/1.1" 200 -
2025-03-15 02:14:07,182 - INFO - HTTP: "GET /queue HTTP/1.1" 200 -
2025-03-15 02:14:08,477 - INFO - HTTP: "GET /queue HTTP/1.1" 200 -
2025-03-15 02:14:09,489 - INFO - HTTP: "GET /queue HTTP/1.1" 200 -
2025-03-15 02:14:10,175 - INFO - HTTP: "GET /queue HTTP/1.1" 200 -
2025-03-15 02:14:11,484 - INFO - HTTP: "GET /queue HTTP/1.1" 200 -
2025-03-15 02:14:12,171 - INFO - HTTP: "GET /queue HTTP/1.1" 200 -
2025-03-15 02:14:13,481 - INFO - HTTP: "GET /queue HTTP/1.1" 200 -
2025-03-15 02:14:14,171 - INFO - HTTP: "GET /queue HTTP/1.1" 200 -
2025-03-15 02:14:15,479 - INFO - HTTP: "GET /queue HTTP/1.1" 200 -
2025-03-15 02:14:16,166 - INFO - HTTP: "GET /queue HTTP/1.1" 200 -
2025-03-15 02:14:17,492 - INFO - HTTP: "GET /queue HTTP/1.1" 200 -
2025-03-15 02:14:18,178 - INFO - HTTP: "GET /queue HTTP/1.1" 200 -
2025-03-15 02:14:19,488 - INFO - HTTP: "GET /queue HTTP/1.1" 200 -
2025-03-15 02:14:20,177 - INFO - HTTP: "GET /queue HTTP/1.1" 200 -
2025-03-15 02:14:21,476 - INFO - HTTP: "GET /queue HTTP/1.1" 200 -
2025-03-15 02:14:22,178 - INFO - HTTP: "GET /queue HTTP/1.1" 200 -
2025-03-15 02:14:23,477 - INFO - HTTP: "GET /queue HTTP/1.1" 200 -
2025-03-15 02:14:24,167 - INFO - HTTP: "GET /queue HTTP/1.1" 200 -
2025-03-15 02:14:25,490 - INFO - HTTP: "GET /queue HTTP/1.1" 200 -
2025-03-15 02:14:26,163 - INFO - HTTP: "GET /queue HTTP/1.1" 200 -
2025-03-15 02:14:27,483 - INFO - HTTP: "GET /queue HTTP/1.1" 200 -
2025-03-15 02:14:28,173 - INFO - HTTP: "GET /queue HTTP/1.1" 200 -
2025-03-15 02:14:29,490 - INFO - HTTP: "GET /queue HTTP/1.1" 200 -
2025-03-15 02:14:30,168 - INFO - HTTP: "GET /queue HTTP/1.1" 200 -
2025-03-15 02:14:31,476 - INFO - HTTP: "GET /queue HTTP/1.1" 200 -
2025-03-15 02:14:32,178 - INFO - HTTP: "GET /queue HTTP/1.1" 200 -
2025-03-15 02:14:32,760 - INFO - Added to TTS queue: "Ma bad, g"? Oh, so now you're trying to be cool? ...
2025-03-15 02:14:33,490 - INFO - HTTP: "GET /queue HTTP/1.1" 200 -
2025-03-15 02:14:34,174 - INFO - HTTP: "GET /queue HTTP/1.1" 200 -
2025-03-15 02:14:35,476 - INFO - HTTP: "GET /queue HTTP/1.1" 200 -
2025-03-15 02:14:36,172 - INFO - HTTP: "GET /queue HTTP/1.1" 200 -
2025-03-15 02:14:37,467 - INFO - HTTP: "GET /queue HTTP/1.1" 200 -
2025-03-15 02:14:38,167 - INFO - HTTP: "GET /queue HTTP/1.1" 200 -
2025-03-15 02:14:39,479 - INFO - HTTP: "GET /queue HTTP/1.1" 200 -
2025-03-15 02:14:40,166 - INFO - HTTP: "GET /queue HTTP/1.1" 200 -
2025-03-15 02:14:41,491 - INFO - HTTP: "GET /queue HTTP/1.1" 200 -
2025-03-15 02:14:42,174 - INFO - HTTP: "GET /queue HTTP/1.1" 200 -
2025-03-15 02:14:43,475 - INFO - HTTP: "GET /queue HTTP/1.1" 200 -
2025-03-15 02:14:44,172 - INFO - HTTP: "GET /queue HTTP/1.1" 200 -
2025-03-15 02:14:45,471 - INFO - HTTP: "GET /queue HTTP/1.1" 200 -
2025-03-15 02:14:46,178 - INFO - HTTP: "GET /queue HTTP/1.1" 200 -
2025-03-15 02:14:47,491 - INFO - HTTP: "GET /queue HTTP/1.1" 200 -
2025-03-15 02:14:47,741 - INFO - HTTP: "GET /queue HTTP/1.1" 200 -
2025-03-15 02:14:48,380 - INFO - HTTP: "GET /queue HTTP/1.1" 200 -
2025-03-15 02:14:49,692 - INFO - HTTP: "GET /queue HTTP/1.1" 200 -
2025-03-15 02:14:50,364 - INFO - HTTP: "GET /queue HTTP/1.1" 200 -
2025-03-15 02:14:51,677 - INFO - HTTP: "GET /queue HTTP/1.1" 200 -
2025-03-15 02:14:52,365 - INFO - HTTP: "GET /queue HTTP/1.1" 200 -
2025-03-15 02:14:53,687 - INFO - HTTP: "GET /queue HTTP/1.1" 200 -
2025-03-15 02:14:54,366 - INFO - HTTP: "GET /queue HTTP/1.1" 200 -
2025-03-15 02:14:55,677 - INFO - HTTP: "GET /queue HTTP/1.1" 200 -
2025-03-15 02:14:56,376 - INFO - HTTP: "GET /queue HTTP/1.1" 200 -
2025-03-15 02:14:57,682 - INFO - HTTP: "GET /queue HTTP/1.1" 200 -
2025-03-15 02:14:59,165 - INFO - HTTP: "GET /queue HTTP/1.1" 200 -
2025-03-15 02:15:00,481 - INFO - HTTP: "GET /queue HTTP/1.1" 200 -
2025-03-15 02:15:01,164 - INFO - HTTP: "GET /queue HTTP/1.1" 200 -
2025-03-15 02:15:02,490 - INFO - HTTP: "GET /queue HTTP/1.1" 200 -
2025-03-15 02:15:03,164 - INFO - HTTP: "GET /queue HTTP/1.1" 200 -
2025-03-15 02:15:04,490 - INFO - HTTP: "GET /queue HTTP/1.1" 200 -
2025-03-15 02:15:05,174 - INFO - HTTP: "GET /queue HTTP/1.1" 200 -
2025-03-15 02:15:06,482 - INFO - HTTP: "GET /queue HTTP/1.1" 200 -
2025-03-15 02:15:07,164 - INFO - HTTP: "GET /queue HTTP/1.1" 200 -
2025-03-15 02:15:08,489 - INFO - HTTP: "GET /queue HTTP/1.1" 200 -
2025-03-15 02:15:09,176 - INFO - HTTP: "GET /queue HTTP/1.1" 200 -
2025-03-15 02:15:10,483 - INFO - HTTP: "GET /queue HTTP/1.1" 200 -
2025-03-15 02:15:11,168 - INFO - HTTP: "GET /queue HTTP/1.1" 200 -
2025-03-15 02:15:12,479 - INFO - HTTP: "GET /queue HTTP/1.1" 200 -
2025-03-15 02:15:13,171 - INFO - HTTP: "GET /queue HTTP/1.1" 200 -
2025-03-15 02:15:14,483 - INFO - HTTP: "GET /queue HTTP/1.1" 200 -
2025-03-15 02:15:15,178 - INFO - HTTP: "GET /queue HTTP/1.1" 200 -
2025-03-15 02:15:16,487 - INFO - HTTP: "GET /queue HTTP/1.1" 200 -
2025-03-15 02:15:17,170 - INFO - HTTP: "GET /queue HTTP/1.1" 200 -
2025-03-15 02:15:18,480 - INFO - HTTP: "GET /queue HTTP/1.1" 200 -
2025-03-15 02:15:19,167 - INFO - HTTP: "GET /queue HTTP/1.1" 200 -
2025-03-15 02:15:20,479 - INFO - HTTP: "GET /queue HTTP/1.1" 200 -
2025-03-15 02:15:21,167 - INFO - HTTP: "GET /queue HTTP/1.1" 200 -
2025-03-15 02:15:22,489 - INFO - HTTP: "GET /queue HTTP/1.1" 200 -
2025-03-15 02:15:23,174 - INFO - HTTP: "GET /queue HTTP/1.1" 200 -
2025-03-15 02:15:24,483 - INFO - HTTP: "GET /queue HTTP/1.1" 200 -
2025-03-15 02:15:25,169 - INFO - HTTP: "GET /queue HTTP/1.1" 200 -
2025-03-15 02:15:26,486 - INFO - HTTP: "GET /queue HTTP/1.1" 200 -
2025-03-15 02:15:27,170 - INFO - HTTP: "GET /queue HTTP/1.1" 200 -
2025-03-15 02:15:28,483 - INFO - HTTP: "GET /queue HTTP/1.1" 200 -
2025-03-15 02:15:29,169 - INFO - HTTP: "GET /queue HTTP/1.1" 200 -
2025-03-15 02:15:30,477 - INFO - HTTP: "GET /queue HTTP/1.1" 200 -
2025-03-15 02:15:31,164 - INFO - HTTP: "GET /queue HTTP/1.1" 200 -
2025-03-15 02:15:32,491 - INFO - HTTP: "GET /queue HTTP/1.1" 200 -
2025-03-15 02:15:33,165 - INFO - HTTP: "GET /queue HTTP/1.1" 200 -
2025-03-15 02:15:34,482 - INFO - HTTP: "GET /queue HTTP/1.1" 200 -
2025-03-15 02:15:35,166 - INFO - HTTP: "GET /queue HTTP/1.1" 200 -
2025-03-15 02:15:36,479 - INFO - HTTP: "GET /queue HTTP/1.1" 200 -
2025-03-15 02:15:37,176 - INFO - HTTP: "GET /queue HTTP/1.1" 200 -
2025-03-15 02:15:38,491 - INFO - HTTP: "GET /queue HTTP/1.1" 200 -
2025-03-15 02:15:39,174 - INFO - HTTP: "GET /queue HTTP/1.1" 200 -
2025-03-15 02:15:40,476 - INFO - HTTP: "GET /queue HTTP/1.1" 200 -
2025-03-15 02:15:41,166 - INFO - HTTP: "GET /queue HTTP/1.1" 200 -
2025-03-15 02:15:42,479 - INFO - HTTP: "GET /queue HTTP/1.1" 200 -
2025-03-15 02:15:43,167 - INFO - HTTP: "GET /queue HTTP/1.1" 200 -
2025-03-15 02:15:44,479 - INFO - HTTP: "GET /queue HTTP/1.1" 200 -
2025-03-15 02:15:45,168 - INFO - HTTP: "GET /queue HTTP/1.1" 200 -
2025-03-15 02:15:46,481 - INFO - HTTP: "GET /queue HTTP/1.1" 200 -
2025-03-15 02:15:47,175 - INFO - HTTP: "GET /queue HTTP/1.1" 200 -
2025-03-15 02:15:48,487 - INFO - HTTP: "GET /queue HTTP/1.1" 200 -
2025-03-15 02:15:49,175 - INFO - HTTP: "GET /queue HTTP/1.1" 200 -
2025-03-15 02:15:50,487 - INFO - HTTP: "GET /queue HTTP/1.1" 200 -
2025-03-15 02:15:51,178 - INFO - HTTP: "GET /queue HTTP/1.1" 200 -
2025-03-15 02:15:52,486 - INFO - HTTP: "GET /queue HTTP/1.1" 200 -
2025-03-15 02:15:53,174 - INFO - HTTP: "GET /queue HTTP/1.1" 200 -
2025-03-15 02:15:54,475 - INFO - HTTP: "GET /queue HTTP/1.1" 200 -
2025-03-15 02:15:55,178 - INFO - HTTP: "GET /queue HTTP/1.1" 200 -
2025-03-15 02:15:56,483 - INFO - HTTP: "GET /queue HTTP/1.1" 200 -
2025-03-15 02:15:57,173 - INFO - HTTP: "GET /queue HTTP/1.1" 200 -
2025-03-15 02:16:57,488 - INFO - HTTP: "GET /queue HTTP/1.1" 200 -
2025-03-15 02:17:57,174 - INFO - HTTP: "GET /queue HTTP/1.1" 200 -
2025-03-15 02:18:57,472 - INFO - Starting web server for TTS player...
2025-03-15 02:18:57,478 - INFO - HTTP: "GET /queue HTTP/1.1" 200 -
2025-03-15 02:18:57,523 - INFO - Web server started on port 8765 and browser opened.
2025-03-15 02:18:57,744 - INFO - HTTP: "GET / HTTP/1.1" 200 -
2025-03-15 02:18:57,900 - INFO - HTTP: "GET /queue HTTP/1.1" 200 -
2025-03-15 02:18:58,024 - INFO - Added to TTS queue: Aight, so we're getting philosophical again? You r...
2025-03-15 02:18:58,758 - INFO - HTTP: "GET /next HTTP/1.1" 200 -
2025-03-15 02:18:59,070 - INFO - HTTP: "GET /queue HTTP/1.1" 200 -
2025-03-15 02:18:59,334 - INFO - HTTP: "GET /queue HTTP/1.1" 200 -
2025-03-15 02:18:59,758 - INFO - HTTP: "GET /queue HTTP/1.1" 200 -
2025-03-15 02:19:01,064 - INFO - HTTP: "GET /queue HTTP/1.1" 200 -
2025-03-15 02:19:01,756 - INFO - HTTP: "GET /queue HTTP/1.1" 200 -
2025-03-15 02:19:03,084 - INFO - HTTP: "GET /queue HTTP/1.1" 200 -
2025-03-15 02:19:03,759 - INFO - HTTP: "GET /queue HTTP/1.1" 200 -
2025-03-15 02:19:05,080 - INFO - HTTP: "GET /queue HTTP/1.1" 200 -
2025-03-15 02:19:05,759 - INFO - HTTP: "GET /queue HTTP/1.1" 200 -
2025-03-15 02:19:07,078 - INFO - HTTP: "GET /queue HTTP/1.1" 200 -
2025-03-15 02:19:07,769 - INFO - HTTP: "GET /queue HTTP/1.1" 200 -
2025-03-15 02:19:09,064 - INFO - HTTP: "GET /queue HTTP/1.1" 200 -
2025-03-15 02:19:09,764 - INFO - HTTP: "GET /queue HTTP/1.1" 200 -
2025-03-15 02:19:11,069 - INFO - HTTP: "GET /queue HTTP/1.1" 200 -
2025-03-15 02:19:11,761 - INFO - HTTP: "GET /queue HTTP/1.1" 200 -
2025-03-15 02:19:13,085 - INFO - HTTP: "GET /queue HTTP/1.1" 200 -
2025-03-15 02:19:13,758 - INFO - HTTP: "GET /queue HTTP/1.1" 200 -
2025-03-15 02:19:15,070 - INFO - HTTP: "GET /queue HTTP/1.1" 200 -
2025-03-15 02:19:15,766 - INFO - HTTP: "GET /queue HTTP/1.1" 200 -
2025-03-15 02:19:17,069 - INFO - HTTP: "GET /queue HTTP/1.1" 200 -
2025-03-15 02:19:17,762 - INFO - HTTP: "GET /queue HTTP/1.1" 200 -
2025-03-15 02:19:19,085 - INFO - HTTP: "GET /queue HTTP/1.1" 200 -
2025-03-15 02:19:19,771 - INFO - HTTP: "GET /queue HTTP/1.1" 200 -
2025-03-15 02:19:21,079 - INFO - HTTP: "GET /queue HTTP/1.1" 200 -
2025-03-15 02:19:21,766 - INFO - HTTP: "GET /queue HTTP/1.1" 200 -
2025-03-15 02:19:23,075 - INFO - HTTP: "GET /queue HTTP/1.1" 200 -
2025-03-15 02:19:23,764 - INFO - HTTP: "GET /queue HTTP/1.1" 200 -
2025-03-15 02:19:25,078 - INFO - HTTP: "GET /queue HTTP/1.1" 200 -
2025-03-15 02:19:25,766 - INFO - HTTP: "GET /queue HTTP/1.1" 200 -
2025-03-15 02:19:27,068 - INFO - HTTP: "GET /queue HTTP/1.1" 200 -
2025-03-15 02:19:27,757 - INFO - HTTP: "GET /queue HTTP/1.1" 200 -
2025-03-15 02:19:29,076 - INFO - HTTP: "GET /queue HTTP/1.1" 200 -
2025-03-15 02:19:29,758 - INFO - HTTP: "GET /queue HTTP/1.1" 200 -
2025-03-15 02:19:31,081 - INFO - HTTP: "GET /queue HTTP/1.1" 200 -
2025-03-15 02:19:32,177 - INFO - HTTP: "GET /queue HTTP/1.1" 200 -
2025-03-15 02:19:33,483 - INFO - HTTP: "GET /queue HTTP/1.1" 200 -
2025-03-15 02:19:34,168 - INFO - HTTP: "GET /queue HTTP/1.1" 200 -
2025-03-15 02:19:35,479 - INFO - HTTP: "GET /queue HTTP/1.1" 200 -
2025-03-15 02:19:36,170 - INFO - HTTP: "GET /queue HTTP/1.1" 200 -
2025-03-15 02:19:37,489 - INFO - HTTP: "GET /queue HTTP/1.1" 200 -
2025-03-15 02:19:38,173 - INFO - HTTP: "GET /queue HTTP/1.1" 200 -
2025-03-15 02:19:39,483 - INFO - HTTP: "GET /queue HTTP/1.1" 200 -
2025-03-15 02:19:40,164 - INFO - HTTP: "GET /queue HTTP/1.1" 200 -
2025-03-15 02:19:41,484 - INFO - HTTP: "GET /queue HTTP/1.1" 200 -
2025-03-15 02:19:42,173 - INFO - HTTP: "GET /queue HTTP/1.1" 200 -
2025-03-15 02:19:43,480 - INFO - HTTP: "GET /queue HTTP/1.1" 200 -
2025-03-15 02:19:43,757 - INFO - HTTP: "GET /queue HTTP/1.1" 200 -
2025-03-15 02:19:45,065 - INFO - HTTP: "GET /queue HTTP/1.1" 200 -
2025-03-15 02:19:45,764 - INFO - HTTP: "GET /queue HTTP/1.1" 200 -
2025-03-15 02:19:48,107 - INFO - HTTP: "GET /queue HTTP/1.1" 200 -
2025-03-15 02:20:07,567 - INFO - Added to TTS queue: "The dark art?" You really think I'd be into that ...
2025-03-15 02:21:55,529 - INFO - Starting web server for TTS player...
2025-03-15 02:21:55,574 - INFO - Web server started on port 8765 and browser opened.
2025-03-15 02:21:55,945 - INFO - HTTP: "GET / HTTP/1.1" 200 -
2025-03-15 02:21:55,964 - INFO - HTTP: "GET /queue HTTP/1.1" 200 -
2025-03-15 02:21:56,075 - INFO - Added to TTS queue: Oh, you're *surprised*? You really thought you cou...
2025-03-15 02:21:56,958 - INFO - HTTP: "GET /next HTTP/1.1" 200 -
2025-03-15 02:21:57,268 - INFO - HTTP: "GET /queue HTTP/1.1" 200 -
2025-03-15 02:21:57,532 - INFO - HTTP: "GET /queue HTTP/1.1" 200 -
2025-03-15 02:21:57,957 - INFO - HTTP: "GET /queue HTTP/1.1" 200 -
2025-03-15 02:21:59,272 - INFO - HTTP: "GET /queue HTTP/1.1" 200 -
2025-03-15 02:21:59,957 - INFO - HTTP: "GET /queue HTTP/1.1" 200 -
2025-03-15 02:22:01,276 - INFO - HTTP: "GET /queue HTTP/1.1" 200 -
2025-03-15 02:22:01,964 - INFO - HTTP: "GET /queue HTTP/1.1" 200 -
2025-03-15 02:22:03,275 - INFO - HTTP: "GET /queue HTTP/1.1" 200 -
2025-03-15 02:22:03,960 - INFO - HTTP: "GET /queue HTTP/1.1" 200 -
2025-03-15 02:22:05,271 - INFO - HTTP: "GET /queue HTTP/1.1" 200 -
2025-03-15 02:22:05,963 - INFO - HTTP: "GET /queue HTTP/1.1" 200 -
2025-03-15 02:22:07,283 - INFO - HTTP: "GET /queue HTTP/1.1" 200 -
2025-03-15 02:22:07,959 - INFO - HTTP: "GET /queue HTTP/1.1" 200 -
2025-03-15 02:22:09,282 - INFO - HTTP: "GET /queue HTTP/1.1" 200 -
2025-03-15 02:22:09,973 - INFO - HTTP: "GET /queue HTTP/1.1" 200 -
2025-03-15 02:22:11,270 - INFO - HTTP: "GET /queue HTTP/1.1" 200 -
2025-03-15 02:22:11,971 - INFO - HTTP: "GET /queue HTTP/1.1" 200 -
2025-03-15 02:22:13,260 - INFO - HTTP: "GET /queue HTTP/1.1" 200 -
2025-03-15 02:22:13,958 - INFO - HTTP: "GET /queue HTTP/1.1" 200 -
2025-03-15 02:22:15,276 - INFO - HTTP: "GET /queue HTTP/1.1" 200 -
2025-03-15 02:22:15,957 - INFO - HTTP: "GET /queue HTTP/1.1" 200 -
2025-03-15 02:22:17,269 - INFO - HTTP: "GET /queue HTTP/1.1" 200 -
2025-03-15 02:22:17,972 - INFO - HTTP: "GET /queue HTTP/1.1" 200 -
2025-03-15 02:22:19,264 - INFO - HTTP: "GET /queue HTTP/1.1" 200 -
2025-03-15 02:22:19,962 - INFO - HTTP: "GET /queue HTTP/1.1" 200 -
2025-03-15 02:22:21,283 - INFO - HTTP: "GET /queue HTTP/1.1" 200 -
2025-03-15 02:22:21,958 - INFO - HTTP: "GET /queue HTTP/1.1" 200 -
2025-03-15 02:22:23,274 - INFO - HTTP: "GET /queue HTTP/1.1" 200 -
2025-03-15 02:22:23,959 - INFO - HTTP: "GET /queue HTTP/1.1" 200 -
2025-03-15 02:22:25,259 - INFO - HTTP: "GET /queue HTTP/1.1" 200 -
2025-03-15 02:22:25,956 - INFO - HTTP: "GET /queue HTTP/1.1" 200 -
2025-03-15 02:22:27,271 - INFO - HTTP: "GET /queue HTTP/1.1" 200 -
2025-03-15 02:22:27,959 - INFO - HTTP: "GET /queue HTTP/1.1" 200 -
2025-03-15 02:22:29,489 - INFO - HTTP: "GET /queue HTTP/1.1" 200 -
2025-03-15 02:22:30,176 - INFO - HTTP: "GET /queue HTTP/1.1" 200 -
2025-03-15 02:22:31,482 - INFO - HTTP: "GET /queue HTTP/1.1" 200 -
2025-03-15 02:22:32,170 - INFO - HTTP: "GET /queue HTTP/1.1" 200 -
2025-03-15 02:22:33,480 - INFO - HTTP: "GET /queue HTTP/1.1" 200 -
2025-03-15 02:22:34,164 - INFO - HTTP: "GET /queue HTTP/1.1" 200 -
2025-03-15 02:22:35,475 - INFO - HTTP: "GET /queue HTTP/1.1" 200 -
2025-03-15 02:22:36,165 - INFO - HTTP: "GET /queue HTTP/1.1" 200 -
2025-03-15 02:22:37,490 - INFO - HTTP: "GET /queue HTTP/1.1" 200 -
2025-03-15 02:22:38,179 - INFO - HTTP: "GET /queue HTTP/1.1" 200 -
2025-03-15 02:22:39,485 - INFO - HTTP: "GET /queue HTTP/1.1" 200 -
2025-03-15 02:22:40,176 - INFO - HTTP: "GET /queue HTTP/1.1" 200 -
2025-03-15 02:22:41,483 - INFO - HTTP: "GET /queue HTTP/1.1" 200 -
2025-03-15 02:22:42,176 - INFO - HTTP: "GET /queue HTTP/1.1" 200 -
2025-03-15 02:22:43,488 - INFO - HTTP: "GET /queue HTTP/1.1" 200 -
2025-03-15 02:22:44,177 - INFO - HTTP: "GET /queue HTTP/1.1" 200 -
2025-03-15 02:22:45,487 - INFO - HTTP: "GET /queue HTTP/1.1" 200 -
2025-03-15 02:22:46,173 - INFO - HTTP: "GET /queue HTTP/1.1" 200 -
2025-03-15 02:22:47,488 - INFO - HTTP: "GET /queue HTTP/1.1" 200 -
2025-03-15 02:22:48,166 - INFO - HTTP: "GET /queue HTTP/1.1" 200 -
2025-03-15 02:22:49,476 - INFO - HTTP: "GET /queue HTTP/1.1" 200 -
2025-03-15 02:22:50,167 - INFO - HTTP: "GET /queue HTTP/1.1" 200 -
2025-03-15 02:22:51,487 - INFO - HTTP: "GET /queue HTTP/1.1" 200 -
2025-03-15 02:22:52,174 - INFO - HTTP: "GET /queue HTTP/1.1" 200 -
2025-03-15 02:22:53,484 - INFO - HTTP: "GET /queue HTTP/1.1" 200 -
2025-03-15 02:22:54,174 - INFO - HTTP: "GET /queue HTTP/1.1" 200 -
2025-03-15 02:22:55,486 - INFO - HTTP: "GET /queue HTTP/1.1" 200 -
2025-03-15 02:22:56,174 - INFO - HTTP: "GET /queue HTTP/1.1" 200 -
2025-03-15 02:22:57,485 - INFO - HTTP: "GET /queue HTTP/1.1" 200 -
2025-03-15 02:22:58,167 - INFO - HTTP: "GET /queue HTTP/1.1" 200 -
2025-03-15 02:22:59,493 - INFO - HTTP: "GET /queue HTTP/1.1" 200 -
2025-03-15 02:23:00,175 - INFO - HTTP: "GET /queue HTTP/1.1" 200 -
2025-03-15 02:23:01,484 - INFO - HTTP: "GET /queue HTTP/1.1" 200 -
2025-03-15 02:23:02,178 - INFO - HTTP: "GET /queue HTTP/1.1" 200 -
2025-03-15 02:23:03,480 - INFO - HTTP: "GET /queue HTTP/1.1" 200 -
2025-03-15 02:23:04,173 - INFO - HTTP: "GET /queue HTTP/1.1" 200 -
2025-03-15 02:23:05,481 - INFO - HTTP: "GET /queue HTTP/1.1" 200 -
2025-03-15 02:23:06,167 - INFO - HTTP: "GET /queue HTTP/1.1" 200 -
2025-03-15 02:23:07,478 - INFO - HTTP: "GET /queue HTTP/1.1" 200 -
2025-03-15 02:23:08,178 - INFO - HTTP: "GET /queue HTTP/1.1" 200 -
2025-03-15 02:23:09,484 - INFO - HTTP: "GET /queue HTTP/1.1" 200 -
2025-03-15 02:23:10,171 - INFO - HTTP: "GET /queue HTTP/1.1" 200 -
2025-03-15 02:23:11,485 - INFO - HTTP: "GET /queue HTTP/1.1" 200 -
2025-03-15 02:23:12,170 - INFO - HTTP: "GET /queue HTTP/1.1" 200 -
2025-03-15 02:23:13,483 - INFO - HTTP: "GET /queue HTTP/1.1" 200 -
2025-03-15 02:23:14,170 - INFO - HTTP: "GET /queue HTTP/1.1" 200 -
2025-03-15 02:23:15,481 - INFO - HTTP: "GET /queue HTTP/1.1" 200 -
2025-03-15 02:23:16,165 - INFO - HTTP: "GET /queue HTTP/1.1" 200 -
2025-03-15 02:23:17,273 - INFO - HTTP: "GET /queue HTTP/1.1" 200 -
2025-03-15 02:23:17,961 - INFO - HTTP: "GET /queue HTTP/1.1" 200 -
2025-03-15 02:23:19,270 - INFO - HTTP: "GET /queue HTTP/1.1" 200 -
2025-03-15 02:23:19,957 - INFO - HTTP: "GET /queue HTTP/1.1" 200 -
2025-03-15 02:23:21,284 - INFO - HTTP: "GET /queue HTTP/1.1" 200 -
2025-03-15 02:23:21,968 - INFO - HTTP: "GET /queue HTTP/1.1" 200 -
2025-03-15 02:23:23,263 - INFO - HTTP: "GET /queue HTTP/1.1" 200 -
2025-03-15 02:23:23,968 - INFO - HTTP: "GET /queue HTTP/1.1" 200 -
2025-03-15 02:23:25,272 - INFO - HTTP: "GET /queue HTTP/1.1" 200 -
2025-03-15 02:23:25,961 - INFO - HTTP: "GET /queue HTTP/1.1" 200 -
2025-03-15 02:23:27,271 - INFO - HTTP: "GET /queue HTTP/1.1" 200 -
2025-03-15 02:23:27,972 - INFO - HTTP: "GET /queue HTTP/1.1" 200 -
2025-03-15 02:23:29,271 - INFO - HTTP: "GET /queue HTTP/1.1" 200 -
2025-03-15 02:23:29,972 - INFO - HTTP: "GET /queue HTTP/1.1" 200 -
2025-03-15 02:23:31,267 - INFO - HTTP: "GET /queue HTTP/1.1" 200 -
2025-03-15 02:23:31,970 - INFO - HTTP: "GET /queue HTTP/1.1" 200 -
2025-03-15 02:23:33,267 - INFO - HTTP: "GET /queue HTTP/1.1" 200 -
2025-03-15 02:23:33,958 - INFO - HTTP: "GET /queue HTTP/1.1" 200 -
2025-03-15 02:23:35,269 - INFO - HTTP: "GET /queue HTTP/1.1" 200 -
2025-03-15 02:23:35,973 - INFO - HTTP: "GET /queue HTTP/1.1" 200 -
2025-03-15 02:23:37,279 - INFO - HTTP: "GET /queue HTTP/1.1" 200 -
2025-03-15 02:23:37,963 - INFO - HTTP: "GET /queue HTTP/1.1" 200 -
2025-03-15 02:23:39,278 - INFO - HTTP: "GET /queue HTTP/1.1" 200 -
2025-03-15 02:23:39,963 - INFO - HTTP: "GET /queue HTTP/1.1" 200 -
2025-03-15 02:23:41,275 - INFO - HTTP: "GET /queue HTTP/1.1" 200 -
2025-03-15 02:23:41,968 - INFO - HTTP: "GET /queue HTTP/1.1" 200 -
2025-03-15 02:23:43,270 - INFO - HTTP: "GET /queue HTTP/1.1" 200 -
2025-03-15 02:23:43,961 - INFO - HTTP: "GET /queue HTTP/1.1" 200 -
2025-03-15 02:23:45,280 - INFO - HTTP: "GET /queue HTTP/1.1" 200 -
2025-03-15 02:23:45,960 - INFO - HTTP: "GET /queue HTTP/1.1" 200 -
2025-03-15 02:23:47,271 - INFO - HTTP: "GET /queue HTTP/1.1" 200 -
2025-03-15 02:23:47,971 - INFO - HTTP: "GET /queue HTTP/1.1" 200 -
2025-03-15 02:23:49,272 - INFO - HTTP: "GET /queue HTTP/1.1" 200 -
2025-03-15 02:23:49,972 - INFO - HTTP: "GET /queue HTTP/1.1" 200 -
2025-03-15 02:23:50,338 - INFO - Added to TTS queue: "Oh, I *promise* I don't wanna see what's in your ...
2025-03-15 02:23:51,277 - INFO - HTTP: "GET /queue HTTP/1.1" 200 -
2025-03-15 02:23:51,962 - INFO - HTTP: "GET /queue HTTP/1.1" 200 -
2025-03-15 02:23:53,271 - INFO - HTTP: "GET /queue HTTP/1.1" 200 -
2025-03-15 02:23:53,959 - INFO - HTTP: "GET /queue HTTP/1.1" 200 -
2025-03-15 02:23:55,282 - INFO - HTTP: "GET /queue HTTP/1.1" 200 -
2025-03-15 02:23:55,962 - INFO - HTTP: "GET /queue HTTP/1.1" 200 -
2025-03-15 02:23:57,279 - INFO - HTTP: "GET /queue HTTP/1.1" 200 -
2025-03-15 02:23:57,967 - INFO - HTTP: "GET /queue HTTP/1.1" 200 -
2025-03-15 02:23:59,272 - INFO - HTTP: "GET /queue HTTP/1.1" 200 -
2025-03-15 02:23:59,960 - INFO - HTTP: "GET /queue HTTP/1.1" 200 -
2025-03-15 02:24:01,268 - INFO - HTTP: "GET /queue HTTP/1.1" 200 -
2025-03-15 02:24:01,972 - INFO - HTTP: "GET /queue HTTP/1.1" 200 -
2025-03-15 02:24:03,486 - INFO - HTTP: "GET /queue HTTP/1.1" 200 -
2025-03-15 02:24:04,173 - INFO - HTTP: "GET /queue HTTP/1.1" 200 -
2025-03-15 02:24:05,485 - INFO - HTTP: "GET /queue HTTP/1.1" 200 -
2025-03-15 02:24:06,178 - INFO - HTTP: "GET /queue HTTP/1.1" 200 -
2025-03-15 02:24:07,489 - INFO - HTTP: "GET /queue HTTP/1.1" 200 -
2025-03-15 02:24:08,177 - INFO - HTTP: "GET /queue HTTP/1.1" 200 -
2025-03-15 02:24:09,487 - INFO - HTTP: "GET /queue HTTP/1.1" 200 -
2025-03-15 02:24:10,175 - INFO - HTTP: "GET /queue HTTP/1.1" 200 -
2025-03-15 02:24:11,487 - INFO - HTTP: "GET /queue HTTP/1.1" 200 -
2025-03-15 02:24:12,168 - INFO - HTTP: "GET /queue HTTP/1.1" 200 -
2025-03-15 02:24:13,478 - INFO - HTTP: "GET /queue HTTP/1.1" 200 -
2025-03-15 02:24:14,167 - INFO - HTTP: "GET /queue HTTP/1.1" 200 -
2025-03-15 02:24:15,482 - INFO - HTTP: "GET /queue HTTP/1.1" 200 -
2025-03-15 02:24:16,173 - INFO - HTTP: "GET /queue HTTP/1.1" 200 -
2025-03-15 02:24:17,487 - INFO - HTTP: "GET /queue HTTP/1.1" 200 -
2025-03-15 02:24:18,171 - INFO - HTTP: "GET /queue HTTP/1.1" 200 -
2025-03-15 02:24:19,487 - INFO - HTTP: "GET /queue HTTP/1.1" 200 -
2025-03-15 02:24:20,165 - INFO - HTTP: "GET /queue HTTP/1.1" 200 -
2025-03-15 02:24:21,478 - INFO - HTTP: "GET /queue HTTP/1.1" 200 -
2025-03-15 02:24:22,175 - INFO - HTTP: "GET /queue HTTP/1.1" 200 -
2025-03-15 02:24:23,486 - INFO - HTTP: "GET /queue HTTP/1.1" 200 -
2025-03-15 02:24:24,171 - INFO - HTTP: "GET /queue HTTP/1.1" 200 -
2025-03-15 02:24:25,477 - INFO - HTTP: "GET /queue HTTP/1.1" 200 -
2025-03-15 02:24:26,165 - INFO - HTTP: "GET /queue HTTP/1.1" 200 -
2025-03-15 02:24:27,490 - INFO - HTTP: "GET /queue HTTP/1.1" 200 -
2025-03-15 02:24:28,176 - INFO - HTTP: "GET /queue HTTP/1.1" 200 -
2025-03-15 02:24:29,491 - INFO - HTTP: "GET /queue HTTP/1.1" 200 -
2025-03-15 02:24:30,177 - INFO - HTTP: "GET /queue HTTP/1.1" 200 -
2025-03-15 02:24:31,488 - INFO - HTTP: "GET /queue HTTP/1.1" 200 -
2025-03-15 02:24:32,176 - INFO - HTTP: "GET /queue HTTP/1.1" 200 -
2025-03-15 02:24:33,485 - INFO - HTTP: "GET /queue HTTP/1.1" 200 -
2025-03-15 02:24:34,172 - INFO - HTTP: "GET /queue HTTP/1.1" 200 -
2025-03-15 02:24:35,485 - INFO - HTTP: "GET /queue HTTP/1.1" 200 -
2025-03-15 02:24:36,172 - INFO - HTTP: "GET /queue HTTP/1.1" 200 -
2025-03-15 02:24:37,484 - INFO - HTTP: "GET /queue HTTP/1.1" 200 -
2025-03-15 02:24:38,171 - INFO - HTTP: "GET /queue HTTP/1.1" 200 -
2025-03-15 02:24:39,487 - INFO - HTTP: "GET /queue HTTP/1.1" 200 -
2025-03-15 02:24:40,175 - INFO - HTTP: "GET /queue HTTP/1.1" 200 -
2025-03-15 02:24:41,482 - INFO - HTTP: "GET /queue HTTP/1.1" 200 -
2025-03-15 02:24:42,176 - INFO - HTTP: "GET /queue HTTP/1.1" 200 -
2025-03-15 02:24:43,491 - INFO - HTTP: "GET /queue HTTP/1.1" 200 -
2025-03-15 02:24:44,165 - INFO - HTTP: "GET /queue HTTP/1.1" 200 -
2025-03-15 02:24:45,480 - INFO - HTTP: "GET /queue HTTP/1.1" 200 -
2025-03-15 02:24:46,169 - INFO - HTTP: "GET /queue HTTP/1.1" 200 -
2025-03-15 02:24:47,490 - INFO - HTTP: "GET /queue HTTP/1.1" 200 -
2025-03-15 02:24:48,170 - INFO - HTTP: "GET /queue HTTP/1.1" 200 -
2025-03-15 02:24:49,477 - INFO - HTTP: "GET /queue HTTP/1.1" 200 -
2025-03-15 02:24:50,178 - INFO - HTTP: "GET /queue HTTP/1.1" 200 -
