2025-03-14 23:19:21,708 - INFO - TTS server started on port 8765
2025-03-14 23:19:22,070 - INFO - HTTP: "GET / HTTP/1.1" 200 -
2025-03-14 23:19:22,082 - INFO - HTTP: "GET /queue HTTP/1.1" 200 -
2025-03-14 23:19:22,209 - INFO - Added text to TTS queue (length: 766)
2025-03-14 23:19:23,077 - INFO - HTTP: "GET /next HTTP/1.1" 200 -
2025-03-14 23:19:23,391 - INFO - HTTP: "GET /queue HTTP/1.1" 200 -
2025-03-14 23:19:23,645 - INFO - HTTP: "GET /queue HTTP/1.1" 200 -
2025-03-14 23:19:24,082 - INFO - HTTP: "GET /queue HTTP/1.1" 200 -
2025-03-14 23:19:25,400 - INFO - HTTP: "GET /queue HTTP/1.1" 200 -
2025-03-14 23:19:26,091 - INFO - HTTP: "GET /queue HTTP/1.1" 200 -
2025-03-14 23:19:27,398 - INFO - HTTP: "GET /queue HTTP/1.1" 200 -
2025-03-14 23:19:28,081 - INFO - HTTP: "GET /queue HTTP/1.1" 200 -
2025-03-14 23:19:29,401 - INFO - HTTP: "GET /queue HTTP/1.1" 200 -
2025-03-14 23:19:30,398 - INFO - HTTP: "GET /queue HTTP/1.1" 200 -
2025-03-14 23:19:30,656 - INFO - HTTP: "GET /next HTTP/1.1" 200 -
2025-03-14 23:19:30,932 - INFO - HTTP: "GET /next HTTP/1.1" 200 -
2025-03-14 23:19:30,964 - INFO - HTTP: "GET /queue HTTP/1.1" 200 -
2025-03-14 23:19:30,966 - INFO - HTTP: "GET /queue HTTP/1.1" 200 -
2025-03-14 23:19:31,396 - INFO - HTTP: "GET /queue HTTP/1.1" 200 -
2025-03-14 23:19:32,079 - INFO - HTTP: "GET /queue HTTP/1.1" 200 -
2025-03-14 23:19:33,400 - INFO - HTTP: "GET /queue HTTP/1.1" 200 -
2025-03-14 23:19:34,617 - INFO - HTTP: "GET /queue HTTP/1.1" 200 -
2025-03-14 23:19:35,934 - INFO - HTTP: "GET /queue HTTP/1.1" 200 -
2025-03-14 23:19:36,615 - INFO - HTTP: "GET /queue HTTP/1.1" 200 -
2025-03-14 23:19:37,936 - INFO - HTTP: "GET /queue HTTP/1.1" 200 -
2025-03-14 23:19:38,620 - INFO - HTTP: "GET /queue HTTP/1.1" 200 -
2025-03-14 23:19:39,920 - INFO - HTTP: "GET /queue HTTP/1.1" 200 -
2025-03-14 23:19:40,617 - INFO - HTTP: "GET /queue HTTP/1.1" 200 -
2025-03-14 23:19:41,928 - INFO - HTTP: "GET /queue HTTP/1.1" 200 -
2025-03-14 23:19:42,616 - INFO - HTTP: "GET /queue HTTP/1.1" 200 -
2025-03-14 23:19:43,935 - INFO - HTTP: "GET /queue HTTP/1.1" 200 -
2025-03-14 23:19:44,621 - INFO - HTTP: "GET /queue HTTP/1.1" 200 -
2025-03-14 23:19:45,938 - INFO - HTTP: "GET /queue HTTP/1.1" 200 -
2025-03-14 23:19:46,623 - INFO - HTTP: "GET /queue HTTP/1.1" 200 -
2025-03-14 23:19:47,926 - INFO - HTTP: "GET /queue HTTP/1.1" 200 -
2025-03-14 23:19:48,623 - INFO - HTTP: "GET /queue HTTP/1.1" 200 -
2025-03-14 23:19:49,932 - INFO - HTTP: "GET /queue HTTP/1.1" 200 -
2025-03-14 23:19:50,624 - INFO - HTTP: "GET /queue HTTP/1.1" 200 -
2025-03-14 23:19:51,926 - INFO - HTTP: "GET /queue HTTP/1.1" 200 -
2025-03-14 23:19:52,627 - INFO - HTTP: "GET /queue HTTP/1.1" 200 -
2025-03-14 23:19:53,925 - INFO - HTTP: "GET /queue HTTP/1.1" 200 -
2025-03-14 23:19:54,622 - INFO - HTTP: "GET /queue HTTP/1.1" 200 -
2025-03-14 23:19:55,930 - INFO - HTTP: "GET /queue HTTP/1.1" 200 -
2025-03-14 23:19:56,624 - INFO - HTTP: "GET /queue HTTP/1.1" 200 -
2025-03-14 23:19:57,932 - INFO - HTTP: "GET /queue HTTP/1.1" 200 -
2025-03-14 23:19:58,627 - INFO - HTTP: "GET /queue HTTP/1.1" 200 -
2025-03-14 23:19:59,937 - INFO - HTTP: "GET /queue HTTP/1.1" 200 -
2025-03-14 23:20:00,615 - INFO - HTTP: "GET /queue HTTP/1.1" 200 -
2025-03-14 23:20:01,931 - INFO - HTTP: "GET /queue HTTP/1.1" 200 -
2025-03-14 23:20:02,618 - INFO - HTTP: "GET /queue HTTP/1.1" 200 -
2025-03-14 23:20:03,925 - INFO - HTTP: "GET /queue HTTP/1.1" 200 -
2025-03-14 23:20:04,626 - INFO - HTTP: "GET /queue HTTP/1.1" 200 -
2025-03-14 23:20:05,929 - INFO - HTTP: "GET /queue HTTP/1.1" 200 -
2025-03-14 23:20:06,615 - INFO - HTTP: "GET /queue HTTP/1.1" 200 -
2025-03-14 23:20:07,931 - INFO - HTTP: "GET /queue HTTP/1.1" 200 -
2025-03-14 23:20:08,626 - INFO - HTTP: "GET /queue HTTP/1.1" 200 -
2025-03-14 23:20:09,941 - INFO - HTTP: "GET /queue HTTP/1.1" 200 -
2025-03-14 23:20:10,625 - INFO - HTTP: "GET /queue HTTP/1.1" 200 -
2025-03-14 23:20:11,935 - INFO - HTTP: "GET /queue HTTP/1.1" 200 -
2025-03-14 23:20:12,618 - INFO - HTTP: "GET /queue HTTP/1.1" 200 -
2025-03-14 23:20:13,935 - INFO - HTTP: "GET /queue HTTP/1.1" 200 -
2025-03-14 23:20:14,624 - INFO - HTTP: "GET /queue HTTP/1.1" 200 -
2025-03-14 23:20:15,927 - INFO - HTTP: "GET /queue HTTP/1.1" 200 -
2025-03-14 23:20:16,623 - INFO - HTTP: "GET /queue HTTP/1.1" 200 -
2025-03-14 23:20:17,931 - INFO - HTTP: "GET /queue HTTP/1.1" 200 -
2025-03-14 23:20:18,616 - INFO - HTTP: "GET /queue HTTP/1.1" 200 -
2025-03-14 23:20:19,932 - INFO - HTTP: "GET /queue HTTP/1.1" 200 -
2025-03-14 23:20:20,621 - INFO - HTTP: "GET /queue HTTP/1.1" 200 -
2025-03-14 23:20:21,933 - INFO - HTTP: "GET /queue HTTP/1.1" 200 -
2025-03-14 23:20:22,631 - INFO - HTTP: "GET /queue HTTP/1.1" 200 -
2025-03-14 23:20:23,925 - INFO - HTTP: "GET /queue HTTP/1.1" 200 -
2025-03-14 23:20:24,622 - INFO - HTTP: "GET /queue HTTP/1.1" 200 -
2025-03-14 23:20:25,939 - INFO - HTTP: "GET /queue HTTP/1.1" 200 -
2025-03-14 23:20:26,626 - INFO - HTTP: "GET /queue HTTP/1.1" 200 -
2025-03-14 23:20:27,929 - INFO - HTTP: "GET /queue HTTP/1.1" 200 -
2025-03-14 23:20:28,629 - INFO - HTTP: "GET /queue HTTP/1.1" 200 -
2025-03-14 23:20:29,928 - INFO - HTTP: "GET /queue HTTP/1.1" 200 -
2025-03-14 23:20:30,192 - INFO - HTTP: "GET /queue HTTP/1.1" 200 -
2025-03-14 23:20:30,629 - INFO - HTTP: "GET /next HTTP/1.1" 200 -
2025-03-14 23:20:30,925 - INFO - HTTP: "GET /next HTTP/1.1" 200 -
2025-03-14 23:20:30,925 - INFO - HTTP: "GET /queue HTTP/1.1" 200 -
2025-03-14 23:20:31,198 - INFO - HTTP: "GET /queue HTTP/1.1" 200 -
2025-03-14 23:20:31,247 - INFO - HTTP: "GET /queue HTTP/1.1" 200 -
2025-03-14 23:20:32,077 - INFO - HTTP: "GET /queue HTTP/1.1" 200 -
2025-03-14 23:20:33,405 - INFO - HTTP: "GET /queue HTTP/1.1" 200 -
2025-03-14 23:20:34,093 - INFO - HTTP: "GET /queue HTTP/1.1" 200 -
2025-03-14 23:20:35,393 - INFO - HTTP: "GET /queue HTTP/1.1" 200 -
2025-03-14 23:20:40,778 - INFO - HTTP: "GET /queue HTTP/1.1" 200 -
2025-03-15 00:28:33,792 - INFO - TTS server started on port 8765
2025-03-15 00:28:34,161 - INFO - HTTP: "GET / HTTP/1.1" 200 -
2025-03-15 00:28:34,177 - INFO - HTTP: "GET /queue HTTP/1.1" 200 -
2025-03-15 00:28:34,293 - INFO - Added text to TTS queue (length: 445)
2025-03-15 00:28:34,470 - INFO - HTTP: code 404, message File not found
2025-03-15 00:28:34,470 - INFO - HTTP: "GET /favicon.ico HTTP/1.1" 404 -
2025-03-15 00:28:35,496 - INFO - HTTP: "GET /next HTTP/1.1" 200 -
2025-03-15 00:28:35,747 - INFO - HTTP: "GET /queue HTTP/1.1" 200 -
2025-03-15 00:28:35,810 - INFO - HTTP: "GET /queue HTTP/1.1" 200 -
2025-03-15 00:28:36,190 - INFO - HTTP: "GET /queue HTTP/1.1" 200 -
2025-03-15 00:28:37,498 - INFO - HTTP: "GET /queue HTTP/1.1" 200 -
2025-03-15 00:28:38,179 - INFO - HTTP: "GET /queue HTTP/1.1" 200 -
2025-03-15 00:28:39,027 - INFO - HTTP: code 404, message File not found
2025-03-15 00:28:39,027 - INFO - HTTP: "GET /favicon.ico HTTP/1.1" 404 -
2025-03-15 00:28:39,279 - INFO - HTTP: "GET /queue HTTP/1.1" 200 -
2025-03-15 00:28:40,187 - INFO - HTTP: "GET /queue HTTP/1.1" 200 -
2025-03-15 00:28:41,496 - INFO - HTTP: "GET /queue HTTP/1.1" 200 -
2025-03-15 00:28:42,187 - INFO - HTTP: "GET /queue HTTP/1.1" 200 -
2025-03-15 00:28:43,487 - INFO - HTTP: "GET /queue HTTP/1.1" 200 -
2025-03-15 00:28:44,188 - INFO - HTTP: "GET /queue HTTP/1.1" 200 -
2025-03-15 00:28:45,478 - INFO - HTTP: "GET /queue HTTP/1.1" 200 -
2025-03-15 00:28:46,183 - INFO - HTTP: "GET /queue HTTP/1.1" 200 -
2025-03-15 00:28:47,495 - INFO - HTTP: "GET /queue HTTP/1.1" 200 -
2025-03-15 00:28:48,192 - INFO - HTTP: "GET /queue HTTP/1.1" 200 -
2025-03-15 00:28:49,487 - INFO - HTTP: "GET /queue HTTP/1.1" 200 -
2025-03-15 00:28:50,180 - INFO - HTTP: "GET /queue HTTP/1.1" 200 -
2025-03-15 00:28:51,484 - INFO - HTTP: "GET /queue HTTP/1.1" 200 -
2025-03-15 00:28:52,190 - INFO - HTTP: "GET /queue HTTP/1.1" 200 -
2025-03-15 00:28:53,503 - INFO - HTTP: "GET /queue HTTP/1.1" 200 -
2025-03-15 00:28:54,191 - INFO - HTTP: "GET /queue HTTP/1.1" 200 -
2025-03-15 00:28:55,490 - INFO - HTTP: "GET /queue HTTP/1.1" 200 -
2025-03-15 00:28:56,177 - INFO - HTTP: "GET /queue HTTP/1.1" 200 -
2025-03-15 00:28:57,494 - INFO - HTTP: "GET /queue HTTP/1.1" 200 -
2025-03-15 00:28:58,182 - INFO - HTTP: "GET /queue HTTP/1.1" 200 -
2025-03-15 00:28:59,495 - INFO - HTTP: "GET /queue HTTP/1.1" 200 -
2025-03-15 00:29:00,185 - INFO - HTTP: "GET /queue HTTP/1.1" 200 -
2025-03-15 00:29:01,502 - INFO - HTTP: "GET /queue HTTP/1.1" 200 -
2025-03-15 00:29:02,182 - INFO - HTTP: "GET /queue HTTP/1.1" 200 -
2025-03-15 00:29:03,502 - INFO - HTTP: "GET /queue HTTP/1.1" 200 -
2025-03-15 00:29:04,177 - INFO - HTTP: "GET /queue HTTP/1.1" 200 -
2025-03-15 00:29:05,496 - INFO - HTTP: "GET /queue HTTP/1.1" 200 -
2025-03-15 00:29:06,184 - INFO - HTTP: "GET /queue HTTP/1.1" 200 -
2025-03-15 00:29:07,503 - INFO - HTTP: "GET /queue HTTP/1.1" 200 -
2025-03-15 00:29:08,177 - INFO - HTTP: "GET /queue HTTP/1.1" 200 -
2025-03-15 00:29:09,495 - INFO - HTTP: "GET /queue HTTP/1.1" 200 -
2025-03-15 00:29:10,188 - INFO - HTTP: "GET /queue HTTP/1.1" 200 -
2025-03-15 00:29:11,493 - INFO - HTTP: "GET /queue HTTP/1.1" 200 -
2025-03-15 00:29:12,185 - INFO - HTTP: "GET /queue HTTP/1.1" 200 -
2025-03-15 00:29:13,468 - INFO - HTTP: "GET /next HTTP/1.1" 200 -
2025-03-15 00:29:13,734 - INFO - HTTP: "GET /queue HTTP/1.1" 200 -
2025-03-15 00:29:14,188 - INFO - HTTP: "GET /next HTTP/1.1" 200 -
2025-03-15 00:29:14,500 - INFO - HTTP: "GET /queue HTTP/1.1" 200 -
2025-03-15 00:29:15,190 - INFO - HTTP: "GET /next HTTP/1.1" 200 -
2025-03-15 00:29:15,501 - INFO - HTTP: "GET /queue HTTP/1.1" 200 -
2025-03-15 00:29:16,191 - INFO - HTTP: "GET /next HTTP/1.1" 200 -
2025-03-15 00:29:16,493 - INFO - HTTP: "GET /queue HTTP/1.1" 200 -
2025-03-15 00:29:17,187 - INFO - HTTP: "GET /next HTTP/1.1" 200 -
2025-03-15 00:29:17,494 - INFO - HTTP: "GET /queue HTTP/1.1" 200 -
2025-03-15 00:29:18,181 - INFO - HTTP: "GET /next HTTP/1.1" 200 -
2025-03-15 00:29:18,492 - INFO - HTTP: "GET /queue HTTP/1.1" 200 -
2025-03-15 00:29:19,183 - INFO - HTTP: "GET /next HTTP/1.1" 200 -
2025-03-15 00:29:19,498 - INFO - HTTP: "GET /queue HTTP/1.1" 200 -
2025-03-15 00:29:20,189 - INFO - HTTP: "GET /next HTTP/1.1" 200 -
2025-03-15 00:29:20,503 - INFO - HTTP: "GET /queue HTTP/1.1" 200 -
2025-03-15 00:29:21,192 - INFO - HTTP: "GET /next HTTP/1.1" 200 -
2025-03-15 00:29:21,502 - INFO - HTTP: "GET /queue HTTP/1.1" 200 -
2025-03-15 00:29:22,178 - INFO - HTTP: "GET /next HTTP/1.1" 200 -
2025-03-15 00:29:22,489 - INFO - HTTP: "GET /queue HTTP/1.1" 200 -
2025-03-15 00:29:23,191 - INFO - HTTP: "GET /next HTTP/1.1" 200 -
2025-03-15 00:29:23,503 - INFO - HTTP: "GET /queue HTTP/1.1" 200 -
2025-03-15 00:29:24,184 - INFO - HTTP: "GET /next HTTP/1.1" 200 -
2025-03-15 00:29:24,489 - INFO - HTTP: "GET /queue HTTP/1.1" 200 -
2025-03-15 00:29:25,183 - INFO - HTTP: "GET /next HTTP/1.1" 200 -
2025-03-15 00:29:25,490 - INFO - HTTP: "GET /queue HTTP/1.1" 200 -
2025-03-15 00:29:26,181 - INFO - HTTP: "GET /next HTTP/1.1" 200 -
2025-03-15 00:29:26,497 - INFO - HTTP: "GET /queue HTTP/1.1" 200 -
2025-03-15 00:29:27,184 - INFO - HTTP: "GET /next HTTP/1.1" 200 -
2025-03-15 00:29:27,499 - INFO - HTTP: "GET /queue HTTP/1.1" 200 -
2025-03-15 00:29:27,746 - ERROR - Error in say(): object of type 'int' has no len()
2025-03-15 00:29:28,187 - INFO - HTTP: "GET /next HTTP/1.1" 200 -
2025-03-15 00:29:28,513 - INFO - HTTP: "GET /queue HTTP/1.1" 200 -
2025-03-15 00:29:28,764 - INFO - HTTP: "GET /queue HTTP/1.1" 200 -
2025-03-15 00:29:29,187 - INFO - HTTP: "GET /queue HTTP/1.1" 200 -
2025-03-15 00:29:30,503 - INFO - HTTP: "GET /queue HTTP/1.1" 200 -
2025-03-15 00:29:30,749 - INFO - HTTP: "GET /next HTTP/1.1" 200 -
2025-03-15 00:29:31,005 - INFO - HTTP: "GET /queue HTTP/1.1" 200 -
2025-03-15 00:29:31,187 - INFO - HTTP: "GET /next HTTP/1.1" 200 -
2025-03-15 00:29:31,505 - INFO - HTTP: "GET /queue HTTP/1.1" 200 -
2025-03-15 00:29:32,180 - INFO - HTTP: "GET /next HTTP/1.1" 200 -
2025-03-15 00:29:32,492 - INFO - HTTP: "GET /queue HTTP/1.1" 200 -
2025-03-15 00:29:33,183 - INFO - HTTP: "GET /next HTTP/1.1" 200 -
2025-03-15 00:29:33,495 - INFO - HTTP: "GET /queue HTTP/1.1" 200 -
2025-03-15 00:29:34,184 - INFO - HTTP: "GET /next HTTP/1.1" 200 -
2025-03-15 00:29:34,494 - INFO - HTTP: "GET /queue HTTP/1.1" 200 -
2025-03-15 00:29:35,183 - INFO - HTTP: "GET /next HTTP/1.1" 200 -
2025-03-15 00:29:35,292 - ERROR - Error in say(): object of type 'int' has no len()
2025-03-15 00:29:35,500 - INFO - HTTP: "GET /queue HTTP/1.1" 200 -
2025-03-15 00:29:36,188 - INFO - HTTP: "GET /next HTTP/1.1" 200 -
2025-03-15 00:29:36,501 - INFO - HTTP: "GET /queue HTTP/1.1" 200 -
2025-03-15 00:29:36,754 - INFO - HTTP: "GET /queue HTTP/1.1" 200 -
2025-03-15 00:29:37,190 - INFO - HTTP: "GET /queue HTTP/1.1" 200 -
2025-03-15 00:29:38,497 - INFO - HTTP: "GET /queue HTTP/1.1" 200 -
2025-03-15 00:29:38,756 - INFO - HTTP: "GET /next HTTP/1.1" 200 -
2025-03-15 00:29:38,802 - INFO - HTTP: "GET /queue HTTP/1.1" 200 -
2025-03-15 00:29:39,178 - INFO - HTTP: "GET /next HTTP/1.1" 200 -
2025-03-15 00:29:39,491 - INFO - HTTP: "GET /queue HTTP/1.1" 200 -
2025-03-15 00:29:40,185 - INFO - HTTP: "GET /next HTTP/1.1" 200 -
2025-03-15 00:29:40,498 - INFO - HTTP: "GET /queue HTTP/1.1" 200 -
2025-03-15 00:29:41,180 - INFO - HTTP: "GET /next HTTP/1.1" 200 -
2025-03-15 00:29:41,485 - INFO - HTTP: "GET /queue HTTP/1.1" 200 -
2025-03-15 00:29:42,180 - INFO - HTTP: "GET /next HTTP/1.1" 200 -
2025-03-15 00:29:42,500 - INFO - HTTP: "GET /queue HTTP/1.1" 200 -
2025-03-15 00:29:43,181 - INFO - HTTP: "GET /next HTTP/1.1" 200 -
2025-03-15 00:29:43,499 - INFO - HTTP: "GET /queue HTTP/1.1" 200 -
2025-03-15 00:29:44,192 - INFO - HTTP: "GET /next HTTP/1.1" 200 -
2025-03-15 00:29:44,504 - INFO - HTTP: "GET /queue HTTP/1.1" 200 -
2025-03-15 00:29:45,181 - INFO - HTTP: "GET /next HTTP/1.1" 200 -
2025-03-15 00:29:45,494 - INFO - HTTP: "GET /queue HTTP/1.1" 200 -
2025-03-15 00:29:46,183 - INFO - HTTP: "GET /next HTTP/1.1" 200 -
2025-03-15 00:29:46,500 - INFO - HTTP: "GET /queue HTTP/1.1" 200 -
2025-03-15 00:29:47,190 - INFO - HTTP: "GET /next HTTP/1.1" 200 -
2025-03-15 00:29:47,483 - ERROR - Error in say(): object of type 'int' has no len()
2025-03-15 00:29:47,499 - INFO - HTTP: "GET /queue HTTP/1.1" 200 -
2025-03-15 00:29:48,177 - INFO - HTTP: "GET /next HTTP/1.1" 200 -
2025-03-15 00:29:48,494 - INFO - HTTP: "GET /queue HTTP/1.1" 200 -
2025-03-15 00:29:48,761 - INFO - HTTP: "GET /queue HTTP/1.1" 200 -
2025-03-15 00:29:49,183 - INFO - HTTP: "GET /queue HTTP/1.1" 200 -
2025-03-15 00:29:50,221 - INFO - HTTP: "GET /next HTTP/1.1" 200 -
2025-03-15 00:29:50,461 - INFO - HTTP: "GET /queue HTTP/1.1" 200 -
2025-03-15 00:29:51,180 - INFO - HTTP: "GET /next HTTP/1.1" 200 -
2025-03-15 00:29:51,496 - INFO - HTTP: "GET /queue HTTP/1.1" 200 -
2025-03-15 00:29:52,182 - INFO - HTTP: "GET /next HTTP/1.1" 200 -
2025-03-15 00:29:52,488 - INFO - HTTP: "GET /queue HTTP/1.1" 200 -
2025-03-15 00:29:53,180 - INFO - HTTP: "GET /next HTTP/1.1" 200 -
2025-03-15 00:29:53,497 - INFO - HTTP: "GET /queue HTTP/1.1" 200 -
2025-03-15 00:29:54,185 - INFO - HTTP: "GET /next HTTP/1.1" 200 -
2025-03-15 00:29:54,497 - INFO - HTTP: "GET /queue HTTP/1.1" 200 -
2025-03-15 00:29:54,774 - ERROR - Error in say(): object of type 'int' has no len()
2025-03-15 00:29:55,183 - INFO - HTTP: "GET /next HTTP/1.1" 200 -
2025-03-15 00:29:55,497 - INFO - HTTP: "GET /queue HTTP/1.1" 200 -
2025-03-15 00:29:55,764 - INFO - HTTP: "GET /queue HTTP/1.1" 200 -
2025-03-15 00:29:56,178 - INFO - HTTP: "GET /queue HTTP/1.1" 200 -
2025-03-15 00:29:57,502 - INFO - HTTP: "GET /queue HTTP/1.1" 200 -
2025-03-15 00:29:57,600 - INFO - HTTP: "GET /next HTTP/1.1" 200 -
2025-03-15 00:29:57,760 - INFO - HTTP: "GET /queue HTTP/1.1" 200 -
2025-03-15 00:29:58,190 - INFO - HTTP: "GET /next HTTP/1.1" 200 -
2025-03-15 00:29:58,502 - INFO - HTTP: "GET /queue HTTP/1.1" 200 -
2025-03-15 00:29:59,180 - INFO - HTTP: "GET /next HTTP/1.1" 200 -
2025-03-15 00:29:59,493 - INFO - HTTP: "GET /queue HTTP/1.1" 200 -
2025-03-15 00:30:00,186 - INFO - HTTP: "GET /next HTTP/1.1" 200 -
2025-03-15 00:30:00,497 - INFO - HTTP: "GET /queue HTTP/1.1" 200 -
2025-03-15 00:30:01,189 - INFO - HTTP: "GET /next HTTP/1.1" 200 -
2025-03-15 00:30:01,503 - INFO - HTTP: "GET /queue HTTP/1.1" 200 -
2025-03-15 00:30:01,883 - ERROR - Error in say(): object of type 'int' has no len()
2025-03-15 00:30:02,189 - INFO - HTTP: "GET /next HTTP/1.1" 200 -
2025-03-15 00:30:02,501 - INFO - HTTP: "GET /queue HTTP/1.1" 200 -
2025-03-15 00:30:02,769 - INFO - HTTP: "GET /queue HTTP/1.1" 200 -
2025-03-15 00:30:03,181 - INFO - HTTP: "GET /queue HTTP/1.1" 200 -
2025-03-15 00:30:04,495 - INFO - HTTP: "GET /queue HTTP/1.1" 200 -
2025-03-15 00:30:04,760 - INFO - HTTP: "GET /next HTTP/1.1" 200 -
2025-03-15 00:30:04,790 - INFO - HTTP: "GET /queue HTTP/1.1" 200 -
2025-03-15 00:30:05,180 - INFO - HTTP: "GET /next HTTP/1.1" 200 -
2025-03-15 00:30:05,495 - INFO - HTTP: "GET /queue HTTP/1.1" 200 -
2025-03-15 00:30:06,177 - INFO - HTTP: "GET /next HTTP/1.1" 200 -
2025-03-15 00:30:06,492 - INFO - HTTP: "GET /queue HTTP/1.1" 200 -
2025-03-15 00:30:07,192 - INFO - HTTP: "GET /next HTTP/1.1" 200 -
2025-03-15 00:30:07,495 - INFO - HTTP: "GET /queue HTTP/1.1" 200 -
2025-03-15 00:30:08,183 - INFO - HTTP: "GET /next HTTP/1.1" 200 -
2025-03-15 00:30:08,493 - INFO - HTTP: "GET /queue HTTP/1.1" 200 -
2025-03-15 00:30:09,182 - INFO - HTTP: "GET /next HTTP/1.1" 200 -
2025-03-15 00:30:09,493 - INFO - HTTP: "GET /queue HTTP/1.1" 200 -
2025-03-15 00:30:10,180 - INFO - HTTP: "GET /next HTTP/1.1" 200 -
2025-03-15 00:30:10,494 - INFO - HTTP: "GET /queue HTTP/1.1" 200 -
2025-03-15 00:30:11,184 - INFO - HTTP: "GET /next HTTP/1.1" 200 -
2025-03-15 00:30:11,495 - INFO - HTTP: "GET /queue HTTP/1.1" 200 -
2025-03-15 00:30:11,851 - ERROR - Error in say(): object of type 'int' has no len()
2025-03-15 00:30:12,188 - INFO - HTTP: "GET /next HTTP/1.1" 200 -
2025-03-15 00:30:12,504 - INFO - HTTP: "GET /queue HTTP/1.1" 200 -
2025-03-15 00:30:12,769 - INFO - HTTP: "GET /queue HTTP/1.1" 200 -
2025-03-15 00:30:13,180 - INFO - HTTP: "GET /queue HTTP/1.1" 200 -
2025-03-15 00:30:14,499 - INFO - HTTP: "GET /queue HTTP/1.1" 200 -
2025-03-15 00:30:14,757 - INFO - HTTP: "GET /next HTTP/1.1" 200 -
2025-03-15 00:30:14,789 - INFO - HTTP: "GET /queue HTTP/1.1" 200 -
2025-03-15 00:30:15,188 - INFO - HTTP: "GET /next HTTP/1.1" 200 -
2025-03-15 00:30:44,127 - INFO - TTS server started on port 8765
2025-03-15 00:30:44,504 - INFO - HTTP: "GET /next HTTP/1.1" 200 -
2025-03-15 00:30:44,505 - INFO - HTTP: "GET / HTTP/1.1" 200 -
2025-03-15 00:30:44,516 - INFO - HTTP: "GET /queue HTTP/1.1" 200 -
2025-03-15 00:30:44,633 - ERROR - Error in say(): object of type 'int' has no len()
2025-03-15 00:30:44,827 - INFO - HTTP: "GET /queue HTTP/1.1" 200 -
2025-03-15 00:30:45,146 - INFO - HTTP: "GET /queue HTTP/1.1" 200 -
2025-03-15 00:30:45,527 - INFO - HTTP: "GET /next HTTP/1.1" 200 -
2025-03-15 00:30:45,841 - INFO - HTTP: "GET /queue HTTP/1.1" 200 -
2025-03-15 00:30:46,176 - INFO - HTTP: "GET /queue HTTP/1.1" 200 -
2025-03-15 00:30:46,855 - INFO - HTTP: "GET /next HTTP/1.1" 200 -
2025-03-15 00:30:47,106 - INFO - HTTP: "GET /queue HTTP/1.1" 200 -
2025-03-15 00:30:47,184 - INFO - HTTP: "GET /queue HTTP/1.1" 200 -
2025-03-15 00:30:47,850 - INFO - HTTP: "GET /next HTTP/1.1" 200 -
2025-03-15 00:30:48,095 - INFO - HTTP: "GET /next HTTP/1.1" 200 -
2025-03-15 00:30:48,158 - INFO - HTTP: "GET /queue HTTP/1.1" 200 -
2025-03-15 00:30:48,160 - INFO - HTTP: "GET /queue HTTP/1.1" 200 -
2025-03-15 00:30:48,495 - INFO - HTTP: "GET /next HTTP/1.1" 200 -
2025-03-15 00:30:48,748 - INFO - HTTP: "GET /queue HTTP/1.1" 200 -
2025-03-15 00:30:49,165 - INFO - HTTP: "GET /next HTTP/1.1" 200 -
2025-03-15 00:30:49,469 - INFO - HTTP: "GET /queue HTTP/1.1" 200 -
2025-03-15 00:30:49,529 - INFO - HTTP: "GET /next HTTP/1.1" 200 -
2025-03-15 00:30:49,731 - INFO - HTTP: "GET /queue HTTP/1.1" 200 -
2025-03-15 00:30:50,852 - INFO - HTTP: "GET /next HTTP/1.1" 200 -
2025-03-15 00:30:51,102 - INFO - HTTP: "GET /queue HTTP/1.1" 200 -
2025-03-15 00:30:51,541 - INFO - HTTP: "GET /next HTTP/1.1" 200 -
2025-03-15 00:30:51,851 - INFO - HTTP: "GET /queue HTTP/1.1" 200 -
2025-03-15 00:32:30,277 - INFO - TTS server started on port 8765
2025-03-15 00:32:30,661 - INFO - HTTP: "GET / HTTP/1.1" 200 -
2025-03-15 00:32:30,672 - INFO - HTTP: "GET /queue HTTP/1.1" 200 -
2025-03-15 00:32:30,778 - INFO - Added text to TTS queue (length: 37)
2025-03-15 00:32:31,680 - INFO - HTTP: "GET /next HTTP/1.1" 200 -
2025-03-15 00:32:31,991 - INFO - HTTP: "GET /queue HTTP/1.1" 200 -
2025-03-15 00:32:32,258 - INFO - HTTP: "GET /queue HTTP/1.1" 200 -
2025-03-15 00:32:32,682 - INFO - HTTP: "GET /queue HTTP/1.1" 200 -
2025-03-15 00:32:33,998 - INFO - HTTP: "GET /queue HTTP/1.1" 200 -
2025-03-15 00:32:34,268 - INFO - HTTP: code 404, message File not found
2025-03-15 00:32:34,268 - INFO - HTTP: "GET /favicon.ico HTTP/1.1" 404 -
2025-03-15 00:32:34,682 - INFO - HTTP: "GET /queue HTTP/1.1" 200 -
2025-03-15 00:32:35,997 - INFO - HTTP: "GET /queue HTTP/1.1" 200 -
2025-03-15 00:32:36,547 - INFO - HTTP: "GET /next HTTP/1.1" 200 -
2025-03-15 00:32:36,851 - INFO - HTTP: "GET /queue HTTP/1.1" 200 -
2025-03-15 00:32:36,992 - INFO - HTTP: "GET /next HTTP/1.1" 200 -
2025-03-15 00:32:37,119 - INFO - HTTP: "GET /queue HTTP/1.1" 200 -
2025-03-15 00:32:37,682 - INFO - HTTP: "GET /next HTTP/1.1" 200 -
2025-03-15 00:32:37,996 - INFO - HTTP: "GET /queue HTTP/1.1" 200 -
2025-03-15 00:32:38,673 - INFO - HTTP: "GET /next HTTP/1.1" 200 -
2025-03-15 00:32:38,987 - INFO - HTTP: "GET /queue HTTP/1.1" 200 -
2025-03-15 00:32:39,675 - INFO - HTTP: "GET /next HTTP/1.1" 200 -
2025-03-15 00:32:39,984 - INFO - HTTP: "GET /queue HTTP/1.1" 200 -
2025-03-15 00:32:40,686 - INFO - HTTP: "GET /next HTTP/1.1" 200 -
2025-03-15 00:32:41,001 - INFO - HTTP: "GET /queue HTTP/1.1" 200 -
2025-03-15 00:32:41,676 - INFO - HTTP: "GET /next HTTP/1.1" 200 -
2025-03-15 00:32:41,991 - INFO - HTTP: "GET /queue HTTP/1.1" 200 -
2025-03-15 00:32:42,679 - INFO - HTTP: "GET /next HTTP/1.1" 200 -
2025-03-15 00:32:42,992 - INFO - HTTP: "GET /queue HTTP/1.1" 200 -
2025-03-15 00:32:43,680 - INFO - HTTP: "GET /next HTTP/1.1" 200 -
2025-03-15 00:32:43,991 - INFO - HTTP: "GET /queue HTTP/1.1" 200 -
2025-03-15 00:32:44,679 - INFO - HTTP: "GET /next HTTP/1.1" 200 -
2025-03-15 00:32:44,984 - INFO - HTTP: "GET /queue HTTP/1.1" 200 -
2025-03-15 00:32:45,672 - INFO - HTTP: "GET /next HTTP/1.1" 200 -
2025-03-15 00:32:45,976 - INFO - HTTP: "GET /queue HTTP/1.1" 200 -
2025-03-15 00:32:46,685 - INFO - HTTP: "GET /next HTTP/1.1" 200 -
2025-03-15 00:32:46,998 - INFO - HTTP: "GET /queue HTTP/1.1" 200 -
2025-03-15 00:32:47,678 - INFO - HTTP: "GET /next HTTP/1.1" 200 -
2025-03-15 00:32:47,991 - INFO - HTTP: "GET /queue HTTP/1.1" 200 -
2025-03-15 00:32:48,682 - INFO - HTTP: "GET /next HTTP/1.1" 200 -
2025-03-15 00:32:48,996 - INFO - HTTP: "GET /queue HTTP/1.1" 200 -
2025-03-15 00:32:49,686 - INFO - HTTP: "GET /next HTTP/1.1" 200 -
2025-03-15 00:32:49,998 - INFO - HTTP: "GET /queue HTTP/1.1" 200 -
2025-03-15 00:32:50,679 - INFO - HTTP: "GET /next HTTP/1.1" 200 -
2025-03-15 00:32:50,994 - INFO - HTTP: "GET /queue HTTP/1.1" 200 -
2025-03-15 00:32:51,675 - INFO - HTTP: "GET /next HTTP/1.1" 200 -
2025-03-15 00:32:51,987 - INFO - HTTP: "GET /queue HTTP/1.1" 200 -
2025-03-15 00:32:52,684 - INFO - HTTP: "GET /next HTTP/1.1" 200 -
2025-03-15 00:32:52,998 - INFO - HTTP: "GET /queue HTTP/1.1" 200 -
2025-03-15 00:32:53,678 - INFO - HTTP: "GET /next HTTP/1.1" 200 -
2025-03-15 00:32:53,997 - INFO - HTTP: "GET /queue HTTP/1.1" 200 -
2025-03-15 00:32:54,677 - INFO - HTTP: "GET /next HTTP/1.1" 200 -
2025-03-15 00:32:54,989 - INFO - HTTP: "GET /queue HTTP/1.1" 200 -
2025-03-15 00:32:55,679 - INFO - HTTP: "GET /next HTTP/1.1" 200 -
2025-03-15 00:32:55,991 - INFO - HTTP: "GET /queue HTTP/1.1" 200 -
2025-03-15 00:32:56,684 - INFO - HTTP: "GET /next HTTP/1.1" 200 -
2025-03-15 00:32:56,996 - INFO - HTTP: "GET /queue HTTP/1.1" 200 -
2025-03-15 00:32:57,673 - INFO - HTTP: "GET /next HTTP/1.1" 200 -
2025-03-15 00:32:57,987 - INFO - HTTP: "GET /queue HTTP/1.1" 200 -
2025-03-15 00:32:58,678 - INFO - HTTP: "GET /next HTTP/1.1" 200 -
2025-03-15 00:32:58,989 - INFO - HTTP: "GET /queue HTTP/1.1" 200 -
2025-03-15 00:32:59,677 - INFO - HTTP: "GET /next HTTP/1.1" 200 -
2025-03-15 00:32:59,990 - INFO - HTTP: "GET /queue HTTP/1.1" 200 -
2025-03-15 00:33:00,672 - INFO - HTTP: "GET /next HTTP/1.1" 200 -
2025-03-15 00:33:00,990 - INFO - HTTP: "GET /queue HTTP/1.1" 200 -
2025-03-15 00:33:01,673 - INFO - HTTP: "GET /next HTTP/1.1" 200 -
2025-03-15 00:33:01,986 - INFO - HTTP: "GET /queue HTTP/1.1" 200 -
2025-03-15 00:33:02,673 - INFO - HTTP: "GET /next HTTP/1.1" 200 -
2025-03-15 00:33:02,987 - INFO - HTTP: "GET /queue HTTP/1.1" 200 -
2025-03-15 00:33:03,676 - INFO - HTTP: "GET /next HTTP/1.1" 200 -
2025-03-15 00:33:03,989 - INFO - HTTP: "GET /queue HTTP/1.1" 200 -
2025-03-15 00:33:04,680 - INFO - HTTP: "GET /next HTTP/1.1" 200 -
2025-03-15 00:33:04,992 - INFO - HTTP: "GET /queue HTTP/1.1" 200 -
2025-03-15 00:33:05,685 - INFO - HTTP: "GET /next HTTP/1.1" 200 -
2025-03-15 00:33:05,995 - INFO - HTTP: "GET /queue HTTP/1.1" 200 -
2025-03-15 00:33:07,166 - INFO - HTTP: "GET /next HTTP/1.1" 200 -
2025-03-15 00:33:07,485 - INFO - HTTP: "GET /queue HTTP/1.1" 200 -
2025-03-15 00:33:08,173 - INFO - HTTP: "GET /next HTTP/1.1" 200 -
2025-03-15 00:33:08,487 - INFO - HTTP: "GET /queue HTTP/1.1" 200 -
2025-03-15 00:43:23,126 - INFO - TTS server started on port 8765
2025-03-15 00:43:23,486 - INFO - HTTP: "GET / HTTP/1.1" 200 -
2025-03-15 00:43:23,497 - INFO - HTTP: "GET /queue HTTP/1.1" 200 -
2025-03-15 00:43:23,627 - INFO - Added text to TTS queue (length: 37)
2025-03-15 00:43:24,490 - INFO - HTTP: "GET /next HTTP/1.1" 200 -
2025-03-15 00:43:24,810 - INFO - HTTP: "GET /queue HTTP/1.1" 200 -
2025-03-15 00:43:25,079 - INFO - HTTP: "GET /queue HTTP/1.1" 200 -
2025-03-15 00:43:25,509 - INFO - HTTP: "GET /queue HTTP/1.1" 200 -
2025-03-15 00:43:26,816 - INFO - HTTP: "GET /queue HTTP/1.1" 200 -
2025-03-15 00:43:27,058 - INFO - HTTP: code 404, message File not found
2025-03-15 00:43:27,058 - INFO - HTTP: "GET /favicon.ico HTTP/1.1" 404 -
2025-03-15 00:43:27,500 - INFO - HTTP: "GET /queue HTTP/1.1" 200 -
2025-03-15 00:43:28,809 - INFO - HTTP: "GET /queue HTTP/1.1" 200 -
2025-03-15 00:43:29,512 - INFO - HTTP: "GET /queue HTTP/1.1" 200 -
2025-03-15 00:43:30,416 - INFO - HTTP: "GET /next HTTP/1.1" 200 -
2025-03-15 00:43:30,684 - INFO - HTTP: "GET /queue HTTP/1.1" 200 -
2025-03-15 00:43:30,730 - INFO - HTTP: "GET /next HTTP/1.1" 200 -
2025-03-15 00:43:30,823 - INFO - HTTP: "GET /queue HTTP/1.1" 200 -
2025-03-15 00:43:31,511 - INFO - HTTP: "GET /next HTTP/1.1" 200 -
2025-03-15 00:43:31,822 - INFO - HTTP: "GET /queue HTTP/1.1" 200 -
2025-03-15 00:43:32,511 - INFO - HTTP: "GET /next HTTP/1.1" 200 -
2025-03-15 00:43:32,815 - INFO - HTTP: "GET /queue HTTP/1.1" 200 -
2025-03-15 00:43:33,500 - INFO - HTTP: "GET /next HTTP/1.1" 200 -
2025-03-15 00:43:33,811 - INFO - HTTP: "GET /queue HTTP/1.1" 200 -
2025-03-15 00:43:34,505 - INFO - HTTP: "GET /next HTTP/1.1" 200 -
2025-03-15 00:43:34,818 - INFO - HTTP: "GET /queue HTTP/1.1" 200 -
2025-03-15 00:43:35,503 - INFO - HTTP: "GET /next HTTP/1.1" 200 -
2025-03-15 00:43:35,816 - INFO - HTTP: "GET /queue HTTP/1.1" 200 -
2025-03-15 00:43:36,505 - INFO - HTTP: "GET /next HTTP/1.1" 200 -
2025-03-15 00:43:36,822 - INFO - HTTP: "GET /queue HTTP/1.1" 200 -
2025-03-15 00:43:37,503 - INFO - HTTP: "GET /next HTTP/1.1" 200 -
2025-03-15 00:43:37,822 - INFO - HTTP: "GET /queue HTTP/1.1" 200 -
2025-03-15 00:43:38,413 - INFO - Added text to TTS queue (length: 144)
2025-03-15 00:43:38,502 - INFO - HTTP: "GET /next HTTP/1.1" 200 -
2025-03-15 00:43:38,816 - INFO - HTTP: "GET /queue HTTP/1.1" 200 -
2025-03-15 00:43:39,082 - INFO - HTTP: "GET /queue HTTP/1.1" 200 -
2025-03-15 00:43:39,501 - INFO - HTTP: "GET /queue HTTP/1.1" 200 -
2025-03-15 00:43:40,825 - INFO - HTTP: "GET /queue HTTP/1.1" 200 -
2025-03-15 00:43:41,511 - INFO - HTTP: "GET /queue HTTP/1.1" 200 -
2025-03-15 00:43:42,818 - INFO - HTTP: "GET /queue HTTP/1.1" 200 -
2025-03-15 00:43:43,502 - INFO - HTTP: "GET /queue HTTP/1.1" 200 -
2025-03-15 00:43:44,814 - INFO - HTTP: "GET /queue HTTP/1.1" 200 -
2025-03-15 00:43:45,512 - INFO - HTTP: "GET /queue HTTP/1.1" 200 -
2025-03-15 00:43:46,810 - INFO - HTTP: "GET /queue HTTP/1.1" 200 -
2025-03-15 00:43:47,511 - INFO - HTTP: "GET /queue HTTP/1.1" 200 -
2025-03-15 00:43:48,807 - INFO - HTTP: "GET /queue HTTP/1.1" 200 -
2025-03-15 00:43:49,499 - INFO - HTTP: "GET /queue HTTP/1.1" 200 -
2025-03-15 00:43:50,815 - INFO - HTTP: "GET /queue HTTP/1.1" 200 -
2025-03-15 00:43:51,499 - INFO - HTTP: "GET /queue HTTP/1.1" 200 -
2025-03-15 00:43:52,811 - INFO - HTTP: "GET /queue HTTP/1.1" 200 -
2025-03-15 00:43:53,507 - INFO - HTTP: "GET /queue HTTP/1.1" 200 -
2025-03-15 00:43:54,817 - INFO - HTTP: "GET /queue HTTP/1.1" 200 -
2025-03-15 00:43:55,501 - INFO - HTTP: "GET /queue HTTP/1.1" 200 -
2025-03-15 00:43:56,417 - INFO - HTTP: "GET /next HTTP/1.1" 200 -
2025-03-15 00:43:56,672 - INFO - HTTP: "GET /queue HTTP/1.1" 200 -
2025-03-15 00:43:56,729 - INFO - HTTP: "GET /next HTTP/1.1" 200 -
2025-03-15 00:43:56,808 - INFO - HTTP: "GET /queue HTTP/1.1" 200 -
2025-03-15 00:43:57,167 - INFO - HTTP: "GET /next HTTP/1.1" 200 -
2025-03-15 00:43:57,479 - INFO - HTTP: "GET /queue HTTP/1.1" 200 -
2025-03-15 00:43:57,737 - INFO - HTTP: "GET /next HTTP/1.1" 200 -
2025-03-15 00:43:57,816 - INFO - HTTP: "GET /queue HTTP/1.1" 200 -
2025-03-15 00:43:58,512 - INFO - HTTP: "GET /next HTTP/1.1" 200 -
2025-03-15 00:45:18,204 - INFO - TTS server started on port 8765
2025-03-15 00:45:18,574 - INFO - HTTP: "GET / HTTP/1.1" 200 -
2025-03-15 00:45:18,585 - INFO - HTTP: "GET /queue HTTP/1.1" 200 -
2025-03-15 00:45:18,704 - ERROR - Error in say(): object of type 'int' has no len()
2025-03-15 00:45:19,587 - INFO - HTTP: "GET /next HTTP/1.1" 200 -
2025-03-15 00:45:19,898 - INFO - HTTP: "GET /queue HTTP/1.1" 200 -
2025-03-15 00:45:20,168 - INFO - HTTP: "GET /queue HTTP/1.1" 200 -
2025-03-15 00:45:20,589 - INFO - HTTP: "GET /queue HTTP/1.1" 200 -
2025-03-15 00:45:21,898 - INFO - HTTP: "GET /queue HTTP/1.1" 200 -
2025-03-15 00:45:22,589 - INFO - HTTP: "GET /queue HTTP/1.1" 200 -
2025-03-15 00:45:23,889 - INFO - HTTP: "GET /queue HTTP/1.1" 200 -
2025-03-15 00:45:24,589 - INFO - HTTP: "GET /queue HTTP/1.1" 200 -
2025-03-15 00:45:25,899 - INFO - HTTP: "GET /queue HTTP/1.1" 200 -
2025-03-15 00:45:26,599 - INFO - HTTP: "GET /queue HTTP/1.1" 200 -
2025-03-15 00:45:27,897 - INFO - HTTP: "GET /queue HTTP/1.1" 200 -
2025-03-15 00:45:28,586 - INFO - HTTP: "GET /queue HTTP/1.1" 200 -
2025-03-15 00:45:29,037 - INFO - HTTP: "GET /next HTTP/1.1" 200 -
2025-03-15 00:45:29,301 - INFO - HTTP: "GET /queue HTTP/1.1" 200 -
2025-03-15 00:45:29,497 - INFO - HTTP: "GET /next HTTP/1.1" 200 -
2025-03-15 00:45:29,817 - INFO - HTTP: "GET /queue HTTP/1.1" 200 -
2025-03-15 00:45:30,176 - INFO - HTTP: "GET /queue HTTP/1.1" 200 -
2025-03-15 00:45:30,818 - INFO - HTTP: "GET /next HTTP/1.1" 200 -
2025-03-15 00:45:31,085 - INFO - HTTP: "GET /queue HTTP/1.1" 200 -
2025-03-15 00:45:31,179 - INFO - HTTP: "GET /queue HTTP/1.1" 200 -
2025-03-15 00:45:31,817 - INFO - HTTP: "GET /next HTTP/1.1" 200 -
2025-03-15 00:45:32,080 - INFO - HTTP: "GET /queue HTTP/1.1" 200 -
2025-03-15 00:45:32,504 - INFO - HTTP: "GET /next HTTP/1.1" 200 -
2025-03-15 00:45:32,815 - INFO - HTTP: "GET /queue HTTP/1.1" 200 -
2025-03-15 00:45:34,176 - INFO - HTTP: "GET /next HTTP/1.1" 200 -
2025-03-15 00:45:34,482 - INFO - HTTP: "GET /queue HTTP/1.1" 200 -
2025-03-15 00:45:35,163 - INFO - HTTP: "GET /next HTTP/1.1" 200 -
2025-03-15 00:45:35,480 - INFO - HTTP: "GET /queue HTTP/1.1" 200 -
2025-03-15 00:45:36,176 - INFO - HTTP: "GET /next HTTP/1.1" 200 -
2025-03-15 00:45:36,490 - INFO - HTTP: "GET /queue HTTP/1.1" 200 -
2025-03-15 00:45:37,169 - INFO - HTTP: "GET /next HTTP/1.1" 200 -
2025-03-15 00:45:37,479 - INFO - HTTP: "GET /queue HTTP/1.1" 200 -
2025-03-15 00:45:38,165 - INFO - HTTP: "GET /next HTTP/1.1" 200 -
2025-03-15 00:45:38,468 - INFO - HTTP: "GET /queue HTTP/1.1" 200 -
2025-03-15 00:45:39,179 - INFO - HTTP: "GET /next HTTP/1.1" 200 -
2025-03-15 00:45:39,485 - INFO - HTTP: "GET /queue HTTP/1.1" 200 -
2025-03-15 00:45:40,177 - INFO - HTTP: "GET /next HTTP/1.1" 200 -
2025-03-15 00:45:40,489 - INFO - HTTP: "GET /queue HTTP/1.1" 200 -
2025-03-15 00:45:41,177 - INFO - HTTP: "GET /next HTTP/1.1" 200 -
2025-03-15 00:45:41,490 - INFO - HTTP: "GET /queue HTTP/1.1" 200 -
2025-03-15 00:45:42,167 - INFO - HTTP: "GET /next HTTP/1.1" 200 -
2025-03-15 00:45:42,479 - INFO - HTTP: "GET /queue HTTP/1.1" 200 -
2025-03-15 00:45:43,170 - INFO - HTTP: "GET /next HTTP/1.1" 200 -
2025-03-15 00:45:43,485 - INFO - HTTP: "GET /queue HTTP/1.1" 200 -
2025-03-15 00:45:44,174 - INFO - HTTP: "GET /next HTTP/1.1" 200 -
2025-03-15 00:45:44,480 - INFO - HTTP: "GET /queue HTTP/1.1" 200 -
2025-03-15 00:45:45,169 - INFO - HTTP: "GET /next HTTP/1.1" 200 -
2025-03-15 00:45:45,486 - INFO - HTTP: "GET /queue HTTP/1.1" 200 -
2025-03-15 00:45:46,167 - INFO - HTTP: "GET /next HTTP/1.1" 200 -
2025-03-15 00:45:46,476 - INFO - HTTP: "GET /queue HTTP/1.1" 200 -
2025-03-15 00:45:47,176 - INFO - HTTP: "GET /next HTTP/1.1" 200 -
2025-03-15 00:45:47,490 - INFO - HTTP: "GET /queue HTTP/1.1" 200 -
2025-03-15 00:45:48,166 - INFO - HTTP: "GET /next HTTP/1.1" 200 -
2025-03-15 00:45:48,481 - INFO - HTTP: "GET /queue HTTP/1.1" 200 -
2025-03-15 00:45:49,164 - INFO - HTTP: "GET /next HTTP/1.1" 200 -
2025-03-15 00:45:49,481 - INFO - HTTP: "GET /queue HTTP/1.1" 200 -
2025-03-15 00:45:50,170 - INFO - HTTP: "GET /next HTTP/1.1" 200 -
2025-03-15 00:45:50,480 - INFO - HTTP: "GET /queue HTTP/1.1" 200 -
2025-03-15 00:45:51,166 - INFO - HTTP: "GET /next HTTP/1.1" 200 -
2025-03-15 00:45:51,480 - INFO - HTTP: "GET /queue HTTP/1.1" 200 -
2025-03-15 00:45:52,163 - INFO - HTTP: "GET /next HTTP/1.1" 200 -
2025-03-15 00:45:52,476 - INFO - HTTP: "GET /queue HTTP/1.1" 200 -
2025-03-15 00:45:53,174 - INFO - HTTP: "GET /next HTTP/1.1" 200 -
2025-03-15 00:45:53,480 - INFO - HTTP: "GET /queue HTTP/1.1" 200 -
2025-03-15 00:45:54,169 - INFO - HTTP: "GET /next HTTP/1.1" 200 -
2025-03-15 00:45:54,480 - INFO - HTTP: "GET /queue HTTP/1.1" 200 -
2025-03-15 00:45:55,165 - INFO - HTTP: "GET /next HTTP/1.1" 200 -
2025-03-15 00:45:55,477 - INFO - HTTP: "GET /queue HTTP/1.1" 200 -
2025-03-15 00:45:56,167 - INFO - HTTP: "GET /next HTTP/1.1" 200 -
2025-03-15 00:45:56,478 - INFO - HTTP: "GET /queue HTTP/1.1" 200 -
2025-03-15 00:45:57,171 - INFO - HTTP: "GET /next HTTP/1.1" 200 -
2025-03-15 00:45:57,478 - INFO - HTTP: "GET /next HTTP/1.1" 200 -
2025-03-15 00:45:57,478 - INFO - HTTP: "GET /queue HTTP/1.1" 200 -
2025-03-15 00:45:57,740 - INFO - HTTP: "GET /queue HTTP/1.1" 200 -
2025-03-15 00:45:58,179 - INFO - HTTP: "GET /next HTTP/1.1" 200 -
2025-03-15 00:45:58,483 - INFO - HTTP: "GET /queue HTTP/1.1" 200 -
2025-03-15 00:45:59,171 - INFO - HTTP: "GET /next HTTP/1.1" 200 -
2025-03-15 00:45:59,478 - INFO - HTTP: "GET /queue HTTP/1.1" 200 -
2025-03-15 00:46:00,169 - INFO - HTTP: "GET /next HTTP/1.1" 200 -
2025-03-15 00:46:00,480 - INFO - HTTP: "GET /queue HTTP/1.1" 200 -
2025-03-15 00:46:01,170 - INFO - HTTP: "GET /next HTTP/1.1" 200 -
2025-03-15 00:46:01,479 - INFO - HTTP: "GET /queue HTTP/1.1" 200 -
2025-03-15 00:46:02,015 - INFO - HTTP: "GET /next HTTP/1.1" 200 -
2025-03-15 00:46:02,329 - INFO - HTTP: "GET /queue HTTP/1.1" 200 -
2025-03-15 00:46:02,593 - INFO - HTTP: "GET /next HTTP/1.1" 200 -
2025-03-15 00:46:02,818 - INFO - HTTP: "GET /queue HTTP/1.1" 200 -
2025-03-15 00:46:04,165 - INFO - HTTP: "GET /next HTTP/1.1" 200 -
2025-03-15 00:46:04,477 - INFO - HTTP: "GET /queue HTTP/1.1" 200 -
2025-03-15 00:46:05,165 - INFO - HTTP: "GET /next HTTP/1.1" 200 -
2025-03-15 00:46:05,476 - INFO - HTTP: "GET /queue HTTP/1.1" 200 -
2025-03-15 00:46:06,173 - INFO - HTTP: "GET /next HTTP/1.1" 200 -
2025-03-15 00:46:06,482 - INFO - HTTP: "GET /queue HTTP/1.1" 200 -
2025-03-15 00:46:07,164 - INFO - HTTP: "GET /next HTTP/1.1" 200 -
2025-03-15 00:46:07,470 - INFO - HTTP: "GET /queue HTTP/1.1" 200 -
2025-03-15 00:46:08,167 - INFO - HTTP: "GET /next HTTP/1.1" 200 -
2025-03-15 00:46:08,479 - INFO - HTTP: "GET /queue HTTP/1.1" 200 -
2025-03-15 00:46:09,170 - INFO - HTTP: "GET /next HTTP/1.1" 200 -
2025-03-15 00:46:09,478 - INFO - HTTP: "GET /queue HTTP/1.1" 200 -
2025-03-15 00:46:10,172 - INFO - HTTP: "GET /next HTTP/1.1" 200 -
2025-03-15 00:46:10,491 - INFO - HTTP: "GET /queue HTTP/1.1" 200 -
2025-03-15 00:46:11,176 - INFO - HTTP: "GET /next HTTP/1.1" 200 -
2025-03-15 00:46:11,492 - INFO - HTTP: "GET /queue HTTP/1.1" 200 -
2025-03-15 00:46:12,165 - INFO - HTTP: "GET /next HTTP/1.1" 200 -
2025-03-15 00:46:12,478 - INFO - HTTP: "GET /queue HTTP/1.1" 200 -
2025-03-15 00:46:13,166 - INFO - HTTP: "GET /next HTTP/1.1" 200 -
2025-03-15 00:46:13,475 - INFO - HTTP: "GET /queue HTTP/1.1" 200 -
2025-03-15 00:46:14,173 - INFO - HTTP: "GET /next HTTP/1.1" 200 -
2025-03-15 00:46:14,490 - INFO - HTTP: "GET /queue HTTP/1.1" 200 -
2025-03-15 00:46:15,173 - INFO - HTTP: "GET /next HTTP/1.1" 200 -
2025-03-15 00:46:15,486 - INFO - HTTP: "GET /queue HTTP/1.1" 200 -
2025-03-15 00:46:16,166 - INFO - HTTP: "GET /next HTTP/1.1" 200 -
2025-03-15 00:46:16,476 - INFO - HTTP: "GET /queue HTTP/1.1" 200 -
2025-03-15 00:46:17,172 - INFO - HTTP: "GET /next HTTP/1.1" 200 -
2025-03-15 00:46:17,482 - INFO - HTTP: "GET /queue HTTP/1.1" 200 -
2025-03-15 00:46:18,173 - INFO - HTTP: "GET /next HTTP/1.1" 200 -
2025-03-15 00:46:18,485 - INFO - HTTP: "GET /queue HTTP/1.1" 200 -
2025-03-15 00:46:19,172 - INFO - HTTP: "GET /next HTTP/1.1" 200 -
2025-03-15 00:46:19,483 - INFO - HTTP: "GET /queue HTTP/1.1" 200 -
2025-03-15 00:46:20,173 - INFO - HTTP: "GET /next HTTP/1.1" 200 -
2025-03-15 00:46:20,486 - INFO - HTTP: "GET /queue HTTP/1.1" 200 -
2025-03-15 00:46:21,178 - INFO - HTTP: "GET /next HTTP/1.1" 200 -
2025-03-15 00:46:21,488 - INFO - HTTP: "GET /queue HTTP/1.1" 200 -
2025-03-15 00:46:22,165 - INFO - HTTP: "GET /next HTTP/1.1" 200 -
2025-03-15 00:46:22,476 - INFO - HTTP: "GET /queue HTTP/1.1" 200 -
2025-03-15 00:46:23,180 - INFO - HTTP: "GET /next HTTP/1.1" 200 -
2025-03-15 00:46:23,490 - INFO - HTTP: "GET /queue HTTP/1.1" 200 -
2025-03-15 00:46:24,166 - INFO - HTTP: "GET /next HTTP/1.1" 200 -
2025-03-15 00:46:24,477 - INFO - HTTP: "GET /queue HTTP/1.1" 200 -
2025-03-15 00:46:25,166 - INFO - HTTP: "GET /next HTTP/1.1" 200 -
2025-03-15 00:46:25,480 - INFO - HTTP: "GET /queue HTTP/1.1" 200 -
2025-03-15 00:46:26,172 - INFO - HTTP: "GET /next HTTP/1.1" 200 -
2025-03-15 00:46:26,477 - INFO - HTTP: "GET /queue HTTP/1.1" 200 -
2025-03-15 00:46:27,168 - INFO - HTTP: "GET /next HTTP/1.1" 200 -
2025-03-15 00:46:27,472 - INFO - HTTP: "GET /queue HTTP/1.1" 200 -
2025-03-15 00:46:28,178 - INFO - HTTP: "GET /next HTTP/1.1" 200 -
2025-03-15 00:46:28,489 - INFO - HTTP: "GET /queue HTTP/1.1" 200 -
2025-03-15 00:46:29,179 - INFO - HTTP: "GET /next HTTP/1.1" 200 -
2025-03-15 00:46:29,491 - INFO - HTTP: "GET /queue HTTP/1.1" 200 -
2025-03-15 00:46:30,178 - INFO - HTTP: "GET /next HTTP/1.1" 200 -
2025-03-15 00:46:30,491 - INFO - HTTP: "GET /queue HTTP/1.1" 200 -
2025-03-15 00:46:31,166 - INFO - HTTP: "GET /next HTTP/1.1" 200 -
2025-03-15 00:46:31,477 - INFO - HTTP: "GET /queue HTTP/1.1" 200 -
2025-03-15 00:46:32,177 - INFO - HTTP: "GET /next HTTP/1.1" 200 -
2025-03-15 00:46:32,495 - INFO - HTTP: "GET /queue HTTP/1.1" 200 -
2025-03-15 00:46:33,177 - INFO - HTTP: "GET /next HTTP/1.1" 200 -
2025-03-15 00:46:33,498 - INFO - HTTP: "GET /queue HTTP/1.1" 200 -
2025-03-15 00:46:34,166 - INFO - HTTP: "GET /next HTTP/1.1" 200 -
2025-03-15 00:46:34,481 - INFO - HTTP: "GET /queue HTTP/1.1" 200 -
2025-03-15 00:46:34,797 - ERROR - Error in say(): object of type 'int' has no len()
2025-03-15 00:46:35,176 - INFO - HTTP: "GET /next HTTP/1.1" 200 -
2025-03-15 00:46:35,497 - INFO - HTTP: "GET /queue HTTP/1.1" 200 -
2025-03-15 00:46:35,750 - INFO - HTTP: "GET /queue HTTP/1.1" 200 -
2025-03-15 00:46:36,174 - INFO - HTTP: "GET /queue HTTP/1.1" 200 -
2025-03-15 00:46:37,477 - INFO - HTTP: "GET /queue HTTP/1.1" 200 -
2025-03-15 00:46:38,164 - INFO - HTTP: "GET /queue HTTP/1.1" 200 -
2025-03-15 00:46:39,484 - INFO - HTTP: "GET /queue HTTP/1.1" 200 -
2025-03-15 00:46:40,169 - INFO - HTTP: "GET /queue HTTP/1.1" 200 -
2025-03-15 00:46:41,478 - INFO - HTTP: "GET /queue HTTP/1.1" 200 -
2025-03-15 00:46:42,165 - INFO - HTTP: "GET /queue HTTP/1.1" 200 -
2025-03-15 00:46:43,473 - INFO - HTTP: "GET /queue HTTP/1.1" 200 -
2025-03-15 00:46:44,178 - INFO - HTTP: "GET /queue HTTP/1.1" 200 -
2025-03-15 00:46:45,480 - INFO - HTTP: "GET /queue HTTP/1.1" 200 -
2025-03-15 00:46:46,172 - INFO - HTTP: "GET /queue HTTP/1.1" 200 -
2025-03-15 00:46:47,484 - INFO - HTTP: "GET /queue HTTP/1.1" 200 -
2025-03-15 00:46:48,172 - INFO - HTTP: "GET /queue HTTP/1.1" 200 -
2025-03-15 00:46:49,476 - INFO - HTTP: "GET /queue HTTP/1.1" 200 -
2025-03-15 00:46:50,175 - INFO - HTTP: "GET /queue HTTP/1.1" 200 -
2025-03-15 00:46:51,476 - INFO - HTTP: "GET /queue HTTP/1.1" 200 -
2025-03-15 00:46:52,167 - INFO - HTTP: "GET /queue HTTP/1.1" 200 -
2025-03-15 00:46:53,481 - INFO - HTTP: "GET /queue HTTP/1.1" 200 -
2025-03-15 00:46:54,172 - INFO - HTTP: "GET /queue HTTP/1.1" 200 -
2025-03-15 00:46:55,484 - INFO - HTTP: "GET /queue HTTP/1.1" 200 -
2025-03-15 00:46:56,167 - INFO - HTTP: "GET /queue HTTP/1.1" 200 -
2025-03-15 00:46:57,478 - INFO - HTTP: "GET /queue HTTP/1.1" 200 -
2025-03-15 00:46:57,479 - INFO - HTTP: "GET /next HTTP/1.1" 200 -
2025-03-15 00:46:57,743 - INFO - HTTP: "GET /queue HTTP/1.1" 200 -
2025-03-15 00:46:58,174 - INFO - HTTP: "GET /queue HTTP/1.1" 200 -
2025-03-15 00:46:59,489 - INFO - HTTP: "GET /queue HTTP/1.1" 200 -
2025-03-15 00:47:00,164 - INFO - HTTP: "GET /queue HTTP/1.1" 200 -
2025-03-15 00:47:01,488 - INFO - HTTP: "GET /queue HTTP/1.1" 200 -
2025-03-15 00:47:02,173 - INFO - HTTP: "GET /queue HTTP/1.1" 200 -
2025-03-15 00:47:03,475 - INFO - HTTP: "GET /queue HTTP/1.1" 200 -
2025-03-15 00:47:46,035 - INFO - TTS server started on port 8765
2025-03-15 00:47:46,399 - INFO - HTTP: "GET / HTTP/1.1" 200 -
2025-03-15 00:47:46,402 - INFO - HTTP: "GET /queue HTTP/1.1" 200 -
2025-03-15 00:47:46,538 - INFO - Added text to TTS queue (length: 37)
2025-03-15 00:47:47,422 - INFO - HTTP: "GET /next HTTP/1.1" 200 -
2025-03-15 00:47:47,742 - INFO - HTTP: "GET /queue HTTP/1.1" 200 -
2025-03-15 00:47:47,979 - INFO - HTTP: "GET /queue HTTP/1.1" 200 -
2025-03-15 00:47:48,416 - INFO - HTTP: "GET /queue HTTP/1.1" 200 -
2025-03-15 00:47:49,738 - INFO - HTTP: "GET /queue HTTP/1.1" 200 -
2025-03-15 00:47:50,422 - INFO - HTTP: "GET /queue HTTP/1.1" 200 -
2025-03-15 00:47:51,733 - INFO - HTTP: "GET /queue HTTP/1.1" 200 -
2025-03-15 00:47:52,422 - INFO - HTTP: "GET /queue HTTP/1.1" 200 -
2025-03-15 00:47:53,725 - INFO - HTTP: "GET /next HTTP/1.1" 200 -
2025-03-15 00:47:53,986 - INFO - HTTP: "GET /queue HTTP/1.1" 200 -
2025-03-15 00:47:54,416 - INFO - HTTP: "GET /next HTTP/1.1" 200 -
2025-03-15 00:47:54,725 - INFO - HTTP: "GET /queue HTTP/1.1" 200 -
2025-03-15 00:47:55,412 - INFO - HTTP: "GET /next HTTP/1.1" 200 -
2025-03-15 00:47:55,727 - INFO - HTTP: "GET /queue HTTP/1.1" 200 -
2025-03-15 00:47:56,414 - INFO - HTTP: "GET /next HTTP/1.1" 200 -
2025-03-15 00:47:56,724 - INFO - HTTP: "GET /queue HTTP/1.1" 200 -
2025-03-15 00:47:57,175 - INFO - HTTP: "GET /next HTTP/1.1" 200 -
2025-03-15 00:47:57,487 - INFO - HTTP: "GET /queue HTTP/1.1" 200 -
2025-03-15 00:47:57,736 - INFO - HTTP: "GET /next HTTP/1.1" 200 -
2025-03-15 00:47:57,799 - INFO - HTTP: "GET /queue HTTP/1.1" 200 -
2025-03-15 00:47:58,111 - INFO - HTTP: "GET /queue HTTP/1.1" 200 -
2025-03-15 00:47:58,423 - INFO - HTTP: "GET /next HTTP/1.1" 200 -
2025-03-15 00:47:58,730 - INFO - HTTP: "GET /queue HTTP/1.1" 200 -
2025-03-15 00:47:59,418 - INFO - HTTP: "GET /next HTTP/1.1" 200 -
2025-03-15 00:47:59,739 - INFO - HTTP: "GET /queue HTTP/1.1" 200 -
2025-03-15 00:48:00,426 - INFO - HTTP: "GET /queue HTTP/1.1" 200 -
2025-03-15 00:48:01,732 - INFO - HTTP: "GET /queue HTTP/1.1" 200 -
2025-03-15 00:48:02,420 - INFO - HTTP: "GET /queue HTTP/1.1" 200 -
2025-03-15 00:48:03,723 - INFO - HTTP: "GET /queue HTTP/1.1" 200 -
2025-03-15 00:48:04,414 - INFO - HTTP: "GET /queue HTTP/1.1" 200 -
2025-03-15 00:48:06,887 - INFO - HTTP: "GET /queue HTTP/1.1" 200 -
2025-03-15 00:48:07,505 - INFO - HTTP: "GET /queue HTTP/1.1" 200 -
2025-03-15 00:48:08,818 - INFO - HTTP: "GET /queue HTTP/1.1" 200 -
2025-03-15 00:48:09,086 - INFO - HTTP: "GET /next HTTP/1.1" 200 -
2025-03-15 00:48:09,227 - INFO - HTTP: "GET /queue HTTP/1.1" 200 -
2025-03-15 00:48:09,681 - INFO - HTTP: "GET /next HTTP/1.1" 200 -
2025-03-15 00:48:09,991 - INFO - HTTP: "GET /queue HTTP/1.1" 200 -
2025-03-15 00:48:10,687 - INFO - HTTP: "GET /next HTTP/1.1" 200 -
2025-03-15 00:48:10,999 - INFO - HTTP: "GET /queue HTTP/1.1" 200 -
2025-03-15 00:48:11,675 - INFO - HTTP: "GET /next HTTP/1.1" 200 -
2025-03-15 00:48:11,986 - INFO - HTTP: "GET /queue HTTP/1.1" 200 -
2025-03-15 00:48:12,676 - INFO - HTTP: "GET /next HTTP/1.1" 200 -
2025-03-15 00:48:12,987 - INFO - HTTP: "GET /queue HTTP/1.1" 200 -
2025-03-15 00:49:11,044 - INFO - Added text to TTS queue (length: 48)
2025-03-15 00:49:27,832 - INFO - TTS server started on port 8765
2025-03-15 00:49:28,190 - INFO - HTTP: "GET / HTTP/1.1" 200 -
2025-03-15 00:49:28,202 - INFO - HTTP: "GET /queue HTTP/1.1" 200 -
2025-03-15 00:49:28,333 - ERROR - Error in say(): object of type 'int' has no len()
2025-03-15 00:49:29,204 - INFO - HTTP: "GET /next HTTP/1.1" 200 -
2025-03-15 00:49:29,513 - INFO - HTTP: "GET /queue HTTP/1.1" 200 -
2025-03-15 00:49:29,779 - INFO - HTTP: "GET /queue HTTP/1.1" 200 -
2025-03-15 00:49:30,215 - INFO - HTTP: "GET /queue HTTP/1.1" 200 -
2025-03-15 00:49:31,511 - INFO - HTTP: "GET /queue HTTP/1.1" 200 -
2025-03-15 00:49:32,209 - INFO - HTTP: "GET /queue HTTP/1.1" 200 -
2025-03-15 00:49:33,522 - INFO - HTTP: "GET /queue HTTP/1.1" 200 -
2025-03-15 00:53:24,082 - INFO - TTS server started on port 8765
2025-03-15 00:53:24,456 - INFO - HTTP: "GET / HTTP/1.1" 200 -
2025-03-15 00:53:24,467 - INFO - HTTP: "GET /queue HTTP/1.1" 200 -
2025-03-15 00:53:24,584 - ERROR - Error in say(): object of type 'int' has no len()
2025-03-15 00:53:25,472 - INFO - HTTP: "GET /next HTTP/1.1" 200 -
2025-03-15 00:53:25,778 - INFO - HTTP: "GET /queue HTTP/1.1" 200 -
2025-03-15 00:53:26,042 - INFO - HTTP: "GET /queue HTTP/1.1" 200 -
2025-03-15 00:53:26,471 - INFO - HTTP: "GET /queue HTTP/1.1" 200 -
2025-03-15 00:53:27,795 - INFO - HTTP: "GET /queue HTTP/1.1" 200 -
2025-03-15 00:53:28,467 - INFO - HTTP: "GET /queue HTTP/1.1" 200 -
2025-03-15 00:53:29,790 - INFO - HTTP: "GET /queue HTTP/1.1" 200 -
2025-03-15 00:53:30,478 - INFO - HTTP: "GET /queue HTTP/1.1" 200 -
2025-03-15 00:54:27,529 - INFO - TTS server started on port 8765
2025-03-15 00:54:28,031 - INFO - Added text to TTS queue (length: 37)
2025-03-15 00:54:29,274 - INFO - HTTP: "GET / HTTP/1.1" 200 -
2025-03-15 00:54:29,589 - INFO - HTTP: "GET /queue HTTP/1.1" 200 -
2025-03-15 00:54:29,644 - INFO - HTTP: code 404, message File not found
2025-03-15 00:54:29,644 - INFO - HTTP: "GET /favicon.ico HTTP/1.1" 404 -
2025-03-15 00:54:30,286 - INFO - HTTP: "GET /next HTTP/1.1" 200 -
2025-03-15 00:54:30,599 - INFO - HTTP: "GET /queue HTTP/1.1" 200 -
2025-03-15 00:54:30,851 - INFO - HTTP: "GET /queue HTTP/1.1" 200 -
2025-03-15 00:54:31,291 - INFO - HTTP: "GET /queue HTTP/1.1" 200 -
2025-03-15 00:54:32,594 - INFO - HTTP: "GET /queue HTTP/1.1" 200 -
2025-03-15 00:54:33,298 - INFO - HTTP: "GET /queue HTTP/1.1" 200 -
2025-03-15 00:54:34,597 - INFO - HTTP: "GET /queue HTTP/1.1" 200 -
2025-03-15 00:54:35,295 - INFO - HTTP: "GET /queue HTTP/1.1" 200 -
2025-03-15 00:54:36,610 - INFO - HTTP: "GET /queue HTTP/1.1" 200 -
2025-03-15 00:54:37,298 - INFO - HTTP: "GET /queue HTTP/1.1" 200 -
2025-03-15 00:54:38,601 - INFO - HTTP: "GET /queue HTTP/1.1" 200 -
2025-03-15 00:54:39,286 - INFO - HTTP: "GET /queue HTTP/1.1" 200 -
2025-03-15 00:54:40,592 - INFO - HTTP: "GET /queue HTTP/1.1" 200 -
2025-03-15 00:54:41,172 - INFO - HTTP: "DELETE /queue HTTP/1.1" 200 -
2025-03-15 00:54:41,476 - INFO - HTTP: "GET /queue HTTP/1.1" 200 -
2025-03-15 00:54:41,736 - INFO - HTTP: "GET /queue HTTP/1.1" 200 -
2025-03-15 00:54:42,294 - INFO - HTTP: "GET /queue HTTP/1.1" 200 -
2025-03-15 00:54:42,652 - INFO - HTTP: "DELETE /queue HTTP/1.1" 200 -
2025-03-15 00:54:42,910 - INFO - HTTP: "GET /queue HTTP/1.1" 200 -
2025-03-15 00:54:43,014 - INFO - HTTP: "DELETE /queue HTTP/1.1" 200 -
2025-03-15 00:54:43,324 - INFO - HTTP: "GET /queue HTTP/1.1" 200 -
2025-03-15 00:54:43,578 - INFO - HTTP: "GET /queue HTTP/1.1" 200 -
2025-03-15 00:54:44,291 - INFO - HTTP: "GET /queue HTTP/1.1" 200 -
2025-03-15 00:54:45,446 - INFO - HTTP: "GET /queue HTTP/1.1" 200 -
2025-03-15 00:54:45,711 - INFO - HTTP: "GET /queue HTTP/1.1" 200 -
2025-03-15 00:54:46,296 - INFO - HTTP: "GET /queue HTTP/1.1" 200 -
2025-03-15 00:54:46,879 - INFO - HTTP: "GET / HTTP/1.1" 200 -
2025-03-15 00:54:46,885 - INFO - HTTP: "GET /queue HTTP/1.1" 200 -
2025-03-15 00:54:47,893 - INFO - HTTP: "GET /next HTTP/1.1" 200 -
2025-03-15 00:54:48,206 - INFO - HTTP: "GET /queue HTTP/1.1" 200 -
2025-03-15 00:54:48,887 - INFO - HTTP: "GET /next HTTP/1.1" 200 -
2025-03-15 00:54:49,190 - INFO - HTTP: "GET /queue HTTP/1.1" 200 -
2025-03-15 00:54:49,897 - INFO - HTTP: "GET /next HTTP/1.1" 200 -
2025-03-15 00:54:50,208 - INFO - HTTP: "GET /queue HTTP/1.1" 200 -
2025-03-15 00:54:50,895 - INFO - HTTP: "GET /next HTTP/1.1" 200 -
2025-03-15 00:54:51,210 - INFO - HTTP: "GET /queue HTTP/1.1" 200 -
2025-03-15 00:54:51,894 - INFO - HTTP: "GET /next HTTP/1.1" 200 -
2025-03-15 00:54:52,199 - INFO - HTTP: "GET /queue HTTP/1.1" 200 -
2025-03-15 00:54:52,901 - INFO - HTTP: "GET /next HTTP/1.1" 200 -
2025-03-15 00:54:53,212 - INFO - HTTP: "GET /queue HTTP/1.1" 200 -
2025-03-15 00:54:53,901 - INFO - HTTP: "GET /next HTTP/1.1" 200 -
2025-03-15 00:54:54,210 - INFO - HTTP: "GET /queue HTTP/1.1" 200 -
2025-03-15 00:54:54,899 - INFO - HTTP: "GET /next HTTP/1.1" 200 -
2025-03-15 00:54:55,023 - INFO - Added text to TTS queue (length: 91)
2025-03-15 00:54:55,209 - INFO - HTTP: "GET /queue HTTP/1.1" 200 -
2025-03-15 00:54:55,888 - INFO - HTTP: "GET /next HTTP/1.1" 200 -
2025-03-15 00:54:56,198 - INFO - HTTP: "GET /queue HTTP/1.1" 200 -
2025-03-15 00:54:56,462 - INFO - HTTP: "GET /queue HTTP/1.1" 200 -
2025-03-15 00:54:56,901 - INFO - HTTP: "GET /queue HTTP/1.1" 200 -
2025-03-15 00:54:58,208 - INFO - HTTP: "GET /queue HTTP/1.1" 200 -
2025-03-15 00:54:58,891 - INFO - HTTP: "GET /queue HTTP/1.1" 200 -
2025-03-15 00:55:00,202 - INFO - HTTP: "GET /queue HTTP/1.1" 200 -
2025-03-15 00:55:00,891 - INFO - HTTP: "GET /queue HTTP/1.1" 200 -
2025-03-15 00:55:02,191 - INFO - HTTP: "GET /queue HTTP/1.1" 200 -
2025-03-15 00:55:02,893 - INFO - HTTP: "GET /queue HTTP/1.1" 200 -
2025-03-15 00:55:04,203 - INFO - HTTP: "GET /queue HTTP/1.1" 200 -
2025-03-15 00:55:04,893 - INFO - HTTP: "GET /queue HTTP/1.1" 200 -
2025-03-15 00:55:06,206 - INFO - HTTP: "GET /queue HTTP/1.1" 200 -
2025-03-15 00:55:06,889 - INFO - HTTP: "GET /queue HTTP/1.1" 200 -
2025-03-15 00:55:08,205 - INFO - HTTP: "GET /queue HTTP/1.1" 200 -
2025-03-15 00:55:08,888 - INFO - HTTP: "GET /queue HTTP/1.1" 200 -
2025-03-15 00:55:10,201 - INFO - HTTP: "GET /queue HTTP/1.1" 200 -
2025-03-15 00:55:10,889 - INFO - HTTP: "GET /queue HTTP/1.1" 200 -
2025-03-15 00:55:12,199 - INFO - HTTP: "GET /queue HTTP/1.1" 200 -
2025-03-15 00:55:12,886 - INFO - HTTP: "GET /queue HTTP/1.1" 200 -
2025-03-15 00:55:14,208 - INFO - HTTP: "GET /queue HTTP/1.1" 200 -
2025-03-15 00:55:14,896 - INFO - HTTP: "GET /queue HTTP/1.1" 200 -
2025-03-15 00:55:16,202 - INFO - HTTP: "GET /queue HTTP/1.1" 200 -
2025-03-15 00:55:16,894 - INFO - HTTP: "GET /queue HTTP/1.1" 200 -
2025-03-15 00:55:18,202 - INFO - HTTP: "GET /queue HTTP/1.1" 200 -
2025-03-15 00:55:18,901 - INFO - HTTP: "GET /queue HTTP/1.1" 200 -
2025-03-15 00:55:19,591 - INFO - HTTP: "GET /queue HTTP/1.1" 200 -
2025-03-15 00:55:19,896 - INFO - HTTP: "GET /queue HTTP/1.1" 200 -
2025-03-15 00:55:20,656 - INFO - HTTP: "GET /queue HTTP/1.1" 200 -
2025-03-15 00:55:20,924 - INFO - HTTP: "GET /queue HTTP/1.1" 200 -
2025-03-15 00:55:21,456 - INFO - HTTP: "GET / HTTP/1.1" 200 -
2025-03-15 00:55:21,765 - INFO - HTTP: "GET /queue HTTP/1.1" 200 -
2025-03-15 00:55:22,785 - INFO - HTTP: "GET / HTTP/1.1" 200 -
2025-03-15 00:55:22,902 - INFO - HTTP: "GET /queue HTTP/1.1" 200 -
2025-03-15 00:55:23,794 - INFO - HTTP: "GET /next HTTP/1.1" 200 -
2025-03-15 00:55:23,795 - INFO - HTTP: "GET /queue HTTP/1.1" 200 -
2025-03-15 00:55:24,386 - INFO - HTTP: "GET /next HTTP/1.1" 200 -
2025-03-15 00:55:24,645 - INFO - HTTP: "GET /queue HTTP/1.1" 200 -
2025-03-15 00:55:24,793 - INFO - HTTP: "GET /next HTTP/1.1" 200 -
2025-03-15 00:55:25,112 - INFO - HTTP: "GET /queue HTTP/1.1" 200 -
2025-03-15 00:55:25,794 - INFO - HTTP: "GET /next HTTP/1.1" 200 -
2025-03-15 00:55:26,110 - INFO - HTTP: "GET /queue HTTP/1.1" 200 -
2025-03-15 00:55:26,801 - INFO - HTTP: "GET /next HTTP/1.1" 200 -
2025-03-15 00:55:27,116 - INFO - HTTP: "GET /queue HTTP/1.1" 200 -
2025-03-15 00:55:31,339 - INFO - Added text to TTS queue (length: 79)
2025-03-15 01:14:01,952 - INFO - TTS server started on port 8765
2025-03-15 01:14:02,321 - INFO - HTTP: "GET / HTTP/1.1" 200 -
2025-03-15 01:14:02,332 - INFO - HTTP: "GET /queue HTTP/1.1" 200 -
2025-03-15 01:14:02,453 - INFO - Added text to TTS queue (length: 37)
2025-03-15 01:14:02,614 - INFO - HTTP: code 404, message File not found
2025-03-15 01:14:02,614 - INFO - HTTP: "GET /favicon.ico HTTP/1.1" 404 -
2025-03-15 01:14:03,645 - INFO - HTTP: "GET /next HTTP/1.1" 200 -
2025-03-15 01:14:03,912 - INFO - HTTP: "GET /queue HTTP/1.1" 200 -
2025-03-15 01:14:03,958 - INFO - HTTP: "GET /queue HTTP/1.1" 200 -
2025-03-15 01:14:04,333 - INFO - HTTP: "GET /queue HTTP/1.1" 200 -
2025-03-15 01:14:05,658 - INFO - HTTP: "GET /queue HTTP/1.1" 200 -
2025-03-15 01:14:06,332 - INFO - HTTP: "GET /queue HTTP/1.1" 200 -
2025-03-15 01:14:07,642 - INFO - HTTP: "GET /queue HTTP/1.1" 200 -
2025-03-15 01:14:08,345 - INFO - HTTP: "GET /queue HTTP/1.1" 200 -
2025-03-15 01:14:09,657 - INFO - HTTP: "GET /queue HTTP/1.1" 200 -
2025-03-15 01:14:10,344 - INFO - HTTP: "GET /queue HTTP/1.1" 200 -
2025-03-15 01:14:11,652 - INFO - HTTP: "GET /queue HTTP/1.1" 200 -
2025-03-15 01:14:12,337 - INFO - HTTP: "GET /next HTTP/1.1" 200 -
2025-03-15 01:14:12,648 - INFO - HTTP: "GET /queue HTTP/1.1" 200 -
2025-03-15 01:14:12,914 - INFO - HTTP: "GET /queue HTTP/1.1" 200 -
2025-03-15 01:14:12,961 - INFO - HTTP: "GET /next HTTP/1.1" 200 -
2025-03-15 01:14:13,039 - INFO - HTTP: "GET /queue HTTP/1.1" 200 -
2025-03-15 01:14:13,333 - INFO - HTTP: "GET /next HTTP/1.1" 200 -
2025-03-15 01:14:13,648 - INFO - HTTP: "GET /queue HTTP/1.1" 200 -
2025-03-15 01:14:14,342 - INFO - HTTP: "GET /next HTTP/1.1" 200 -
2025-03-15 01:14:14,651 - INFO - HTTP: "GET /queue HTTP/1.1" 200 -
2025-03-15 01:14:15,340 - INFO - HTTP: "GET /next HTTP/1.1" 200 -
2025-03-15 01:14:15,651 - INFO - HTTP: "GET /queue HTTP/1.1" 200 -
2025-03-15 01:14:16,337 - INFO - HTTP: "GET /next HTTP/1.1" 200 -
2025-03-15 01:14:16,652 - INFO - HTTP: "GET /queue HTTP/1.1" 200 -
2025-03-15 01:14:16,903 - INFO - HTTP: "GET /next HTTP/1.1" 200 -
2025-03-15 01:14:16,906 - INFO - HTTP: "GET /queue HTTP/1.1" 200 -
2025-03-15 01:14:17,656 - INFO - HTTP: "GET /next HTTP/1.1" 200 -
2025-03-15 01:14:17,897 - INFO - HTTP: "GET /queue HTTP/1.1" 200 -
2025-03-15 01:14:18,333 - INFO - HTTP: "GET /next HTTP/1.1" 200 -
2025-03-15 01:14:18,650 - INFO - HTTP: "GET /queue HTTP/1.1" 200 -
2025-03-15 01:14:19,335 - INFO - HTTP: "GET /next HTTP/1.1" 200 -
2025-03-15 01:14:19,648 - INFO - HTTP: "GET /queue HTTP/1.1" 200 -
2025-03-15 01:14:20,347 - INFO - HTTP: "GET /next HTTP/1.1" 200 -
2025-03-15 01:14:20,654 - INFO - HTTP: "GET /queue HTTP/1.1" 200 -
2025-03-15 01:14:21,335 - INFO - HTTP: "GET /next HTTP/1.1" 200 -
2025-03-15 01:14:21,654 - INFO - HTTP: "GET /queue HTTP/1.1" 200 -
2025-03-15 01:14:22,332 - INFO - HTTP: "GET /next HTTP/1.1" 200 -
2025-03-15 01:14:22,643 - INFO - HTTP: "GET /queue HTTP/1.1" 200 -
2025-03-15 01:14:23,341 - INFO - HTTP: "GET /next HTTP/1.1" 200 -
2025-03-15 01:14:23,653 - INFO - HTTP: "GET /queue HTTP/1.1" 200 -
2025-03-15 01:14:24,337 - INFO - HTTP: "GET /next HTTP/1.1" 200 -
2025-03-15 01:14:24,646 - INFO - HTTP: "GET /queue HTTP/1.1" 200 -
2025-03-15 01:14:25,337 - INFO - HTTP: "GET /next HTTP/1.1" 200 -
2025-03-15 01:14:25,649 - INFO - HTTP: "GET /queue HTTP/1.1" 200 -
2025-03-15 01:14:26,342 - INFO - HTTP: "GET /next HTTP/1.1" 200 -
2025-03-15 01:14:26,657 - INFO - HTTP: "GET /queue HTTP/1.1" 200 -
2025-03-15 01:14:27,338 - INFO - HTTP: "GET /next HTTP/1.1" 200 -
2025-03-15 01:14:27,649 - INFO - HTTP: "GET /queue HTTP/1.1" 200 -
2025-03-15 01:14:28,333 - INFO - HTTP: "GET /next HTTP/1.1" 200 -
2025-03-15 01:14:28,647 - INFO - HTTP: "GET /queue HTTP/1.1" 200 -
2025-03-15 01:14:29,334 - INFO - HTTP: "GET /next HTTP/1.1" 200 -
2025-03-15 01:14:29,646 - INFO - HTTP: "GET /queue HTTP/1.1" 200 -
2025-03-15 01:14:30,348 - INFO - HTTP: "GET /next HTTP/1.1" 200 -
2025-03-15 01:14:30,658 - INFO - HTTP: "GET /queue HTTP/1.1" 200 -
2025-03-15 01:14:31,345 - INFO - HTTP: "GET /next HTTP/1.1" 200 -
2025-03-15 01:14:31,659 - INFO - HTTP: "GET /queue HTTP/1.1" 200 -
2025-03-15 01:15:01,436 - INFO - TTS server started on port 8765
2025-03-15 01:15:01,798 - INFO - HTTP: "GET / HTTP/1.1" 200 -
2025-03-15 01:15:01,810 - INFO - HTTP: "GET /queue HTTP/1.1" 200 -
2025-03-15 01:15:01,937 - INFO - Added text to TTS queue (length: 159)
2025-03-15 01:15:02,815 - INFO - HTTP: "GET /next HTTP/1.1" 200 -
2025-03-15 01:15:03,124 - INFO - HTTP: "GET /queue HTTP/1.1" 200 -
2025-03-15 01:15:03,376 - INFO - HTTP: "GET /queue HTTP/1.1" 200 -
2025-03-15 01:15:03,812 - INFO - HTTP: "GET /queue HTTP/1.1" 200 -
2025-03-15 01:15:05,133 - INFO - HTTP: "GET /queue HTTP/1.1" 200 -
2025-03-15 01:15:05,818 - INFO - HTTP: "GET /queue HTTP/1.1" 200 -
2025-03-15 01:15:07,133 - INFO - HTTP: "GET /queue HTTP/1.1" 200 -
2025-03-15 01:15:07,814 - INFO - HTTP: "GET /queue HTTP/1.1" 200 -
2025-03-15 01:15:09,131 - INFO - HTTP: "GET /queue HTTP/1.1" 200 -
2025-03-15 01:15:09,816 - INFO - HTTP: "GET /queue HTTP/1.1" 200 -
2025-03-15 01:15:11,130 - INFO - HTTP: "GET /queue HTTP/1.1" 200 -
2025-03-15 01:15:11,821 - INFO - HTTP: "GET /queue HTTP/1.1" 200 -
2025-03-15 01:15:13,137 - INFO - HTTP: "GET /queue HTTP/1.1" 200 -
2025-03-15 01:15:13,825 - INFO - HTTP: "GET /queue HTTP/1.1" 200 -
2025-03-15 01:15:15,130 - INFO - HTTP: "GET /queue HTTP/1.1" 200 -
2025-03-15 01:15:15,809 - INFO - HTTP: "GET /queue HTTP/1.1" 200 -
2025-03-15 01:15:17,134 - INFO - HTTP: "GET /queue HTTP/1.1" 200 -
2025-03-15 01:15:18,175 - INFO - HTTP: "GET /queue HTTP/1.1" 200 -
2025-03-15 01:15:19,491 - INFO - HTTP: "GET /queue HTTP/1.1" 200 -
2025-03-15 01:15:20,177 - INFO - HTTP: "GET /queue HTTP/1.1" 200 -
2025-03-15 01:15:21,487 - INFO - HTTP: "GET /queue HTTP/1.1" 200 -
2025-03-15 01:15:22,179 - INFO - HTTP: "GET /queue HTTP/1.1" 200 -
2025-03-15 01:15:23,489 - INFO - HTTP: "GET /queue HTTP/1.1" 200 -
2025-03-15 01:15:24,178 - INFO - HTTP: "GET /queue HTTP/1.1" 200 -
2025-03-15 01:15:25,488 - INFO - HTTP: "GET /queue HTTP/1.1" 200 -
2025-03-15 01:15:26,176 - INFO - HTTP: "GET /queue HTTP/1.1" 200 -
2025-03-15 01:15:27,486 - INFO - HTTP: "GET /queue HTTP/1.1" 200 -
2025-03-15 01:15:28,175 - INFO - HTTP: "GET /queue HTTP/1.1" 200 -
2025-03-15 01:15:29,485 - INFO - HTTP: "GET /queue HTTP/1.1" 200 -
2025-03-15 01:15:30,174 - INFO - HTTP: "GET /queue HTTP/1.1" 200 -
2025-03-15 01:15:31,482 - INFO - HTTP: "GET /queue HTTP/1.1" 200 -
2025-03-15 01:15:32,173 - INFO - HTTP: "GET /queue HTTP/1.1" 200 -
2025-03-15 01:15:33,128 - INFO - HTTP: "GET /queue HTTP/1.1" 200 -
2025-03-15 01:15:33,812 - INFO - HTTP: "GET /queue HTTP/1.1" 200 -
2025-03-15 01:15:35,126 - INFO - HTTP: "GET /queue HTTP/1.1" 200 -
2025-03-15 01:15:35,813 - INFO - HTTP: "GET /queue HTTP/1.1" 200 -
2025-03-15 01:15:36,154 - INFO - HTTP: "GET /next HTTP/1.1" 200 -
2025-03-15 01:15:36,409 - INFO - HTTP: "GET /queue HTTP/1.1" 200 -
2025-03-15 01:15:36,809 - INFO - HTTP: "GET /next HTTP/1.1" 200 -
2025-03-15 01:15:37,125 - INFO - HTTP: "GET /queue HTTP/1.1" 200 -
2025-03-15 01:15:37,814 - INFO - HTTP: "GET /next HTTP/1.1" 200 -
2025-03-15 01:15:38,124 - INFO - HTTP: "GET /queue HTTP/1.1" 200 -
2025-03-15 01:15:38,814 - INFO - HTTP: "GET /next HTTP/1.1" 200 -
2025-03-15 01:15:39,122 - INFO - HTTP: "GET /queue HTTP/1.1" 200 -
2025-03-15 01:15:39,812 - INFO - HTTP: "GET /next HTTP/1.1" 200 -
2025-03-15 01:15:40,123 - INFO - HTTP: "GET /queue HTTP/1.1" 200 -
2025-03-15 01:15:40,822 - INFO - HTTP: "GET /next HTTP/1.1" 200 -
2025-03-15 01:15:41,133 - INFO - HTTP: "GET /queue HTTP/1.1" 200 -
2025-03-15 01:15:41,810 - INFO - HTTP: "GET /next HTTP/1.1" 200 -
2025-03-15 01:15:42,115 - INFO - HTTP: "GET /queue HTTP/1.1" 200 -
2025-03-15 01:15:42,814 - INFO - HTTP: "GET /next HTTP/1.1" 200 -
2025-03-15 01:15:43,126 - INFO - HTTP: "GET /queue HTTP/1.1" 200 -
2025-03-15 01:15:43,823 - INFO - HTTP: "GET /next HTTP/1.1" 200 -
2025-03-15 01:15:44,131 - INFO - HTTP: "GET /queue HTTP/1.1" 200 -
2025-03-15 01:15:44,820 - INFO - HTTP: "GET /next HTTP/1.1" 200 -
2025-03-15 01:15:45,132 - INFO - HTTP: "GET /queue HTTP/1.1" 200 -
2025-03-15 01:15:45,817 - INFO - HTTP: "GET /next HTTP/1.1" 200 -
2025-03-15 01:15:46,130 - INFO - HTTP: "GET /queue HTTP/1.1" 200 -
2025-03-15 01:15:46,814 - INFO - HTTP: "GET /next HTTP/1.1" 200 -
2025-03-15 01:15:47,130 - INFO - HTTP: "GET /queue HTTP/1.1" 200 -
2025-03-15 01:15:47,817 - INFO - HTTP: "GET /next HTTP/1.1" 200 -
2025-03-15 01:15:48,126 - INFO - HTTP: "GET /queue HTTP/1.1" 200 -
2025-03-15 01:15:48,814 - INFO - HTTP: "GET /next HTTP/1.1" 200 -
2025-03-15 01:15:49,133 - INFO - HTTP: "GET /queue HTTP/1.1" 200 -
2025-03-15 01:15:49,819 - INFO - HTTP: "GET /next HTTP/1.1" 200 -
2025-03-15 01:15:50,129 - INFO - HTTP: "GET /queue HTTP/1.1" 200 -
2025-03-15 01:15:50,816 - INFO - HTTP: "GET /next HTTP/1.1" 200 -
2025-03-15 01:15:51,131 - INFO - HTTP: "GET /queue HTTP/1.1" 200 -
2025-03-15 01:15:51,822 - INFO - HTTP: "GET /next HTTP/1.1" 200 -
2025-03-15 01:15:52,136 - INFO - HTTP: "GET /queue HTTP/1.1" 200 -
2025-03-15 01:15:52,823 - INFO - HTTP: "GET /next HTTP/1.1" 200 -
2025-03-15 01:15:53,132 - INFO - HTTP: "GET /queue HTTP/1.1" 200 -
2025-03-15 01:15:53,817 - INFO - HTTP: "GET /next HTTP/1.1" 200 -
2025-03-15 01:15:54,123 - INFO - HTTP: "GET /queue HTTP/1.1" 200 -
2025-03-15 01:15:54,816 - INFO - HTTP: "GET /next HTTP/1.1" 200 -
2025-03-15 01:15:55,126 - INFO - HTTP: "GET /queue HTTP/1.1" 200 -
2025-03-15 01:15:55,813 - INFO - HTTP: "GET /next HTTP/1.1" 200 -
2025-03-15 01:15:56,122 - INFO - HTTP: "GET /queue HTTP/1.1" 200 -
2025-03-15 01:15:56,811 - INFO - HTTP: "GET /next HTTP/1.1" 200 -
2025-03-15 01:15:57,120 - INFO - HTTP: "GET /queue HTTP/1.1" 200 -
2025-03-15 01:15:57,824 - INFO - HTTP: "GET /next HTTP/1.1" 200 -
2025-03-15 01:15:58,140 - INFO - HTTP: "GET /queue HTTP/1.1" 200 -
2025-03-15 01:15:58,815 - INFO - HTTP: "GET /next HTTP/1.1" 200 -
2025-03-15 01:15:59,126 - INFO - HTTP: "GET /queue HTTP/1.1" 200 -
2025-03-15 01:15:59,816 - INFO - HTTP: "GET /next HTTP/1.1" 200 -
2025-03-15 01:16:00,126 - INFO - HTTP: "GET /queue HTTP/1.1" 200 -
2025-03-15 01:16:00,811 - INFO - HTTP: "GET /next HTTP/1.1" 200 -
2025-03-15 01:16:01,122 - INFO - HTTP: "GET /queue HTTP/1.1" 200 -
2025-03-15 01:16:01,820 - INFO - HTTP: "GET /next HTTP/1.1" 200 -
2025-03-15 01:16:02,130 - INFO - HTTP: "GET /queue HTTP/1.1" 200 -
2025-03-15 01:16:02,818 - INFO - HTTP: "GET /next HTTP/1.1" 200 -
2025-03-15 01:16:03,127 - INFO - HTTP: "GET /queue HTTP/1.1" 200 -
2025-03-15 01:16:03,812 - INFO - HTTP: "GET /next HTTP/1.1" 200 -
2025-03-15 01:16:04,122 - INFO - HTTP: "GET /queue HTTP/1.1" 200 -
2025-03-15 01:16:04,810 - INFO - HTTP: "GET /next HTTP/1.1" 200 -
2025-03-15 01:16:05,117 - INFO - HTTP: "GET /queue HTTP/1.1" 200 -
2025-03-15 01:16:05,824 - INFO - HTTP: "GET /next HTTP/1.1" 200 -
2025-03-15 01:16:06,135 - INFO - HTTP: "GET /queue HTTP/1.1" 200 -
2025-03-15 01:16:06,816 - INFO - HTTP: "GET /next HTTP/1.1" 200 -
2025-03-15 01:16:07,127 - INFO - HTTP: "GET /queue HTTP/1.1" 200 -
2025-03-15 01:16:07,816 - INFO - HTTP: "GET /next HTTP/1.1" 200 -
2025-03-15 01:16:08,126 - INFO - HTTP: "GET /queue HTTP/1.1" 200 -
2025-03-15 01:16:08,815 - INFO - HTTP: "GET /next HTTP/1.1" 200 -
2025-03-15 01:16:09,126 - INFO - HTTP: "GET /queue HTTP/1.1" 200 -
2025-03-15 01:16:09,815 - INFO - HTTP: "GET /next HTTP/1.1" 200 -
2025-03-15 01:16:10,127 - INFO - HTTP: "GET /queue HTTP/1.1" 200 -
2025-03-15 01:16:10,811 - INFO - HTTP: "GET /next HTTP/1.1" 200 -
2025-03-15 01:16:11,125 - INFO - HTTP: "GET /queue HTTP/1.1" 200 -
2025-03-15 01:16:11,812 - INFO - HTTP: "GET /next HTTP/1.1" 200 -
2025-03-15 01:16:12,121 - INFO - HTTP: "GET /queue HTTP/1.1" 200 -
2025-03-15 01:16:12,823 - INFO - HTTP: "GET /next HTTP/1.1" 200 -
2025-03-15 01:16:13,141 - INFO - HTTP: "GET /queue HTTP/1.1" 200 -
2025-03-15 01:16:13,815 - INFO - HTTP: "GET /next HTTP/1.1" 200 -
2025-03-15 01:16:14,125 - INFO - HTTP: "GET /queue HTTP/1.1" 200 -
2025-03-15 01:16:14,813 - INFO - HTTP: "GET /next HTTP/1.1" 200 -
2025-03-15 01:16:15,121 - INFO - HTTP: "GET /queue HTTP/1.1" 200 -
2025-03-15 01:16:15,815 - INFO - HTTP: "GET /next HTTP/1.1" 200 -
2025-03-15 01:16:16,130 - INFO - HTTP: "GET /queue HTTP/1.1" 200 -
2025-03-15 01:16:16,820 - INFO - HTTP: "GET /next HTTP/1.1" 200 -
2025-03-15 01:16:17,136 - INFO - HTTP: "GET /queue HTTP/1.1" 200 -
2025-03-15 01:16:17,812 - INFO - HTTP: "GET /next HTTP/1.1" 200 -
2025-03-15 01:16:18,122 - INFO - HTTP: "GET /queue HTTP/1.1" 200 -
2025-03-15 01:16:18,812 - INFO - HTTP: "GET /next HTTP/1.1" 200 -
2025-03-15 01:16:19,125 - INFO - HTTP: "GET /queue HTTP/1.1" 200 -
2025-03-15 01:16:19,814 - INFO - HTTP: "GET /next HTTP/1.1" 200 -
2025-03-15 01:16:20,124 - INFO - HTTP: "GET /queue HTTP/1.1" 200 -
2025-03-15 01:16:20,542 - INFO - Added text to TTS queue (length: 330)
2025-03-15 01:16:20,812 - INFO - HTTP: "GET /next HTTP/1.1" 200 -
2025-03-15 01:16:21,140 - INFO - HTTP: "GET /queue HTTP/1.1" 200 -
2025-03-15 01:16:21,388 - INFO - HTTP: "GET /queue HTTP/1.1" 200 -
2025-03-15 01:16:21,823 - INFO - HTTP: "GET /queue HTTP/1.1" 200 -
2025-03-15 01:16:23,113 - INFO - HTTP: "GET /queue HTTP/1.1" 200 -
2025-03-15 01:16:23,811 - INFO - HTTP: "GET /queue HTTP/1.1" 200 -
2025-03-15 01:16:25,128 - INFO - HTTP: "GET /queue HTTP/1.1" 200 -
2025-03-15 01:16:25,815 - INFO - HTTP: "GET /queue HTTP/1.1" 200 -
2025-03-15 01:16:27,129 - INFO - HTTP: "GET /queue HTTP/1.1" 200 -
2025-03-15 01:16:27,815 - INFO - HTTP: "GET /queue HTTP/1.1" 200 -
2025-03-15 01:16:29,133 - INFO - HTTP: "GET /queue HTTP/1.1" 200 -
2025-03-15 01:16:29,810 - INFO - HTTP: "GET /queue HTTP/1.1" 200 -
2025-03-15 01:16:31,128 - INFO - HTTP: "GET /queue HTTP/1.1" 200 -
2025-03-15 01:16:31,818 - INFO - HTTP: "GET /queue HTTP/1.1" 200 -
2025-03-15 01:16:33,133 - INFO - HTTP: "GET /queue HTTP/1.1" 200 -
2025-03-15 01:16:33,821 - INFO - HTTP: "GET /queue HTTP/1.1" 200 -
2025-03-15 01:16:35,138 - INFO - HTTP: "GET /queue HTTP/1.1" 200 -
2025-03-15 01:16:35,815 - INFO - HTTP: "GET /queue HTTP/1.1" 200 -
2025-03-15 01:16:37,133 - INFO - HTTP: "GET /queue HTTP/1.1" 200 -
2025-03-15 01:16:37,810 - INFO - HTTP: "GET /queue HTTP/1.1" 200 -
2025-03-15 01:16:39,113 - INFO - HTTP: "GET /queue HTTP/1.1" 200 -
2025-03-15 01:16:39,814 - INFO - HTTP: "GET /queue HTTP/1.1" 200 -
2025-03-15 01:16:41,125 - INFO - HTTP: "GET /queue HTTP/1.1" 200 -
2025-03-15 01:16:41,809 - INFO - HTTP: "GET /queue HTTP/1.1" 200 -
2025-03-15 01:16:43,117 - INFO - HTTP: "GET /queue HTTP/1.1" 200 -
2025-03-15 01:16:43,820 - INFO - HTTP: "GET /queue HTTP/1.1" 200 -
2025-03-15 01:16:45,127 - INFO - HTTP: "GET /queue HTTP/1.1" 200 -
2025-03-15 01:16:45,814 - INFO - HTTP: "GET /queue HTTP/1.1" 200 -
2025-03-15 01:16:47,134 - INFO - HTTP: "GET /queue HTTP/1.1" 200 -
2025-03-15 01:16:47,825 - INFO - HTTP: "GET /queue HTTP/1.1" 200 -
2025-03-15 01:16:49,491 - INFO - HTTP: "GET /queue HTTP/1.1" 200 -
2025-03-15 01:16:49,815 - INFO - HTTP: "GET /queue HTTP/1.1" 200 -
2025-03-15 01:16:51,124 - INFO - HTTP: "GET /queue HTTP/1.1" 200 -
2025-03-15 01:16:51,816 - INFO - HTTP: "GET /queue HTTP/1.1" 200 -
2025-03-15 01:16:53,487 - INFO - HTTP: "GET /queue HTTP/1.1" 200 -
2025-03-15 01:16:54,172 - INFO - HTTP: "GET /queue HTTP/1.1" 200 -
2025-03-15 01:16:55,489 - INFO - HTTP: "GET /queue HTTP/1.1" 200 -
2025-03-15 01:16:56,179 - INFO - HTTP: "GET /queue HTTP/1.1" 200 -
2025-03-15 01:16:57,486 - INFO - HTTP: "GET /queue HTTP/1.1" 200 -
2025-03-15 01:16:58,175 - INFO - HTTP: "GET /queue HTTP/1.1" 200 -
2025-03-15 01:16:59,485 - INFO - HTTP: "GET /queue HTTP/1.1" 200 -
2025-03-15 01:17:00,176 - INFO - HTTP: "GET /queue HTTP/1.1" 200 -
2025-03-15 01:17:01,487 - INFO - HTTP: "GET /queue HTTP/1.1" 200 -
2025-03-15 01:17:02,176 - INFO - HTTP: "GET /queue HTTP/1.1" 200 -
2025-03-15 01:17:03,481 - INFO - HTTP: "GET /queue HTTP/1.1" 200 -
2025-03-15 01:17:04,170 - INFO - HTTP: "GET /queue HTTP/1.1" 200 -
2025-03-15 01:17:05,485 - INFO - HTTP: "GET /queue HTTP/1.1" 200 -
2025-03-15 01:17:06,172 - INFO - HTTP: "GET /queue HTTP/1.1" 200 -
2025-03-15 01:17:07,477 - INFO - HTTP: "GET /queue HTTP/1.1" 200 -
2025-03-15 01:17:08,179 - INFO - HTTP: "GET /queue HTTP/1.1" 200 -
2025-03-15 01:17:09,486 - INFO - HTTP: "GET /queue HTTP/1.1" 200 -
2025-03-15 01:17:10,173 - INFO - HTTP: "GET /queue HTTP/1.1" 200 -
2025-03-15 01:17:11,481 - INFO - HTTP: "GET /queue HTTP/1.1" 200 -
2025-03-15 01:17:12,170 - INFO - HTTP: "GET /queue HTTP/1.1" 200 -
2025-03-15 01:17:13,491 - INFO - HTTP: "GET /queue HTTP/1.1" 200 -
2025-03-15 01:17:14,167 - INFO - HTTP: "GET /queue HTTP/1.1" 200 -
2025-03-15 01:17:15,483 - INFO - HTTP: "GET /queue HTTP/1.1" 200 -
2025-03-15 01:17:16,169 - INFO - HTTP: "GET /queue HTTP/1.1" 200 -
2025-03-15 01:17:17,490 - INFO - HTTP: "GET /queue HTTP/1.1" 200 -
2025-03-15 01:17:18,164 - INFO - HTTP: "GET /queue HTTP/1.1" 200 -
2025-03-15 01:17:19,473 - INFO - HTTP: "GET /queue HTTP/1.1" 200 -
2025-03-15 01:17:20,179 - INFO - HTTP: "GET /queue HTTP/1.1" 200 -
2025-03-15 01:17:21,494 - INFO - HTTP: "GET /queue HTTP/1.1" 200 -
2025-03-15 01:17:22,165 - INFO - HTTP: "GET /queue HTTP/1.1" 200 -
2025-03-15 01:17:23,478 - INFO - HTTP: "GET /queue HTTP/1.1" 200 -
2025-03-15 01:17:24,166 - INFO - HTTP: "GET /queue HTTP/1.1" 200 -
2025-03-15 01:17:25,480 - INFO - HTTP: "GET /queue HTTP/1.1" 200 -
2025-03-15 01:17:26,165 - INFO - HTTP: "GET /queue HTTP/1.1" 200 -
2025-03-15 01:17:27,480 - INFO - HTTP: "GET /queue HTTP/1.1" 200 -
2025-03-15 01:17:28,180 - INFO - HTTP: "GET /queue HTTP/1.1" 200 -
2025-03-15 01:17:29,490 - INFO - HTTP: "GET /queue HTTP/1.1" 200 -
2025-03-15 01:17:30,179 - INFO - HTTP: "GET /queue HTTP/1.1" 200 -
2025-03-15 01:17:31,488 - INFO - HTTP: "GET /queue HTTP/1.1" 200 -
2025-03-15 01:17:32,175 - INFO - HTTP: "GET /queue HTTP/1.1" 200 -
2025-03-15 01:17:33,124 - INFO - HTTP: "GET /queue HTTP/1.1" 200 -
2025-03-15 01:17:33,809 - INFO - HTTP: "GET /queue HTTP/1.1" 200 -
2025-03-15 01:17:35,113 - INFO - HTTP: "GET /queue HTTP/1.1" 200 -
2025-03-15 01:17:35,816 - INFO - HTTP: "GET /queue HTTP/1.1" 200 -
2025-03-15 01:17:37,120 - INFO - HTTP: "GET /queue HTTP/1.1" 200 -
2025-03-15 01:17:37,810 - INFO - HTTP: "GET /queue HTTP/1.1" 200 -
2025-03-15 01:17:39,133 - INFO - HTTP: "GET /queue HTTP/1.1" 200 -
2025-03-15 01:17:39,817 - INFO - HTTP: "GET /queue HTTP/1.1" 200 -
2025-03-15 01:17:41,129 - INFO - HTTP: "GET /queue HTTP/1.1" 200 -
2025-03-15 01:17:41,817 - INFO - HTTP: "GET /queue HTTP/1.1" 200 -
2025-03-15 01:17:43,123 - INFO - HTTP: "GET /queue HTTP/1.1" 200 -
2025-03-15 01:17:43,812 - INFO - HTTP: "GET /queue HTTP/1.1" 200 -
2025-03-15 01:17:45,126 - INFO - HTTP: "GET /queue HTTP/1.1" 200 -
2025-03-15 01:17:45,814 - INFO - HTTP: "GET /queue HTTP/1.1" 200 -
2025-03-15 01:17:47,133 - INFO - HTTP: "GET /queue HTTP/1.1" 200 -
2025-03-15 01:17:47,820 - INFO - HTTP: "GET /queue HTTP/1.1" 200 -
2025-03-15 01:17:49,137 - INFO - HTTP: "GET /queue HTTP/1.1" 200 -
2025-03-15 01:17:49,825 - INFO - HTTP: "GET /queue HTTP/1.1" 200 -
2025-03-15 01:17:51,121 - INFO - HTTP: "GET /queue HTTP/1.1" 200 -
2025-03-15 01:17:51,825 - INFO - HTTP: "GET /queue HTTP/1.1" 200 -
2025-03-15 01:17:53,123 - INFO - HTTP: "GET /queue HTTP/1.1" 200 -
2025-03-15 01:17:54,171 - INFO - HTTP: "GET /queue HTTP/1.1" 200 -
2025-03-15 01:17:55,483 - INFO - HTTP: "GET /queue HTTP/1.1" 200 -
2025-03-15 01:17:56,174 - INFO - HTTP: "GET /queue HTTP/1.1" 200 -
2025-03-15 01:17:57,482 - INFO - HTTP: "GET /queue HTTP/1.1" 200 -
2025-03-15 01:17:58,170 - INFO - HTTP: "GET /queue HTTP/1.1" 200 -
2025-03-15 01:17:59,489 - INFO - HTTP: "GET /queue HTTP/1.1" 200 -
2025-03-15 01:18:00,164 - INFO - HTTP: "GET /queue HTTP/1.1" 200 -
2025-03-15 01:18:01,486 - INFO - HTTP: "GET /queue HTTP/1.1" 200 -
2025-03-15 01:18:02,175 - INFO - HTTP: "GET /queue HTTP/1.1" 200 -
2025-03-15 01:18:03,483 - INFO - HTTP: "GET /queue HTTP/1.1" 200 -
2025-03-15 01:18:04,170 - INFO - HTTP: "GET /queue HTTP/1.1" 200 -
2025-03-15 01:18:05,475 - INFO - HTTP: "GET /queue HTTP/1.1" 200 -
2025-03-15 01:18:06,178 - INFO - HTTP: "GET /queue HTTP/1.1" 200 -
2025-03-15 01:18:07,484 - INFO - HTTP: "GET /queue HTTP/1.1" 200 -
2025-03-15 01:18:08,169 - INFO - HTTP: "GET /queue HTTP/1.1" 200 -
2025-03-15 01:18:09,480 - INFO - HTTP: "GET /queue HTTP/1.1" 200 -
2025-03-15 01:18:10,168 - INFO - HTTP: "GET /queue HTTP/1.1" 200 -
2025-03-15 01:18:11,480 - INFO - HTTP: "GET /queue HTTP/1.1" 200 -
2025-03-15 01:18:12,168 - INFO - HTTP: "GET /queue HTTP/1.1" 200 -
2025-03-15 01:18:13,482 - INFO - HTTP: "GET /queue HTTP/1.1" 200 -
2025-03-15 01:18:14,168 - INFO - HTTP: "GET /queue HTTP/1.1" 200 -
2025-03-15 01:18:15,480 - INFO - HTTP: "GET /queue HTTP/1.1" 200 -
2025-03-15 01:18:16,175 - INFO - HTTP: "GET /queue HTTP/1.1" 200 -
2025-03-15 01:18:17,484 - INFO - HTTP: "GET /queue HTTP/1.1" 200 -
2025-03-15 01:18:17,971 - INFO - Added text to TTS queue (length: 325)
2025-03-15 01:18:18,170 - INFO - HTTP: "GET /queue HTTP/1.1" 200 -
2025-03-15 01:18:19,479 - INFO - HTTP: "GET /queue HTTP/1.1" 200 -
2025-03-15 01:18:20,168 - INFO - HTTP: "GET /queue HTTP/1.1" 200 -
2025-03-15 01:18:21,479 - INFO - HTTP: "GET /queue HTTP/1.1" 200 -
2025-03-15 01:18:22,164 - INFO - HTTP: "GET /queue HTTP/1.1" 200 -
2025-03-15 01:18:23,482 - INFO - HTTP: "GET /queue HTTP/1.1" 200 -
2025-03-15 01:18:24,174 - INFO - HTTP: "GET /queue HTTP/1.1" 200 -
2025-03-15 01:18:25,485 - INFO - HTTP: "GET /queue HTTP/1.1" 200 -
2025-03-15 01:18:26,170 - INFO - HTTP: "GET /queue HTTP/1.1" 200 -
2025-03-15 01:18:27,479 - INFO - HTTP: "GET /queue HTTP/1.1" 200 -
2025-03-15 01:18:28,163 - INFO - HTTP: "GET /queue HTTP/1.1" 200 -
2025-03-15 01:18:29,476 - INFO - HTTP: "GET /queue HTTP/1.1" 200 -
2025-03-15 01:18:30,171 - INFO - HTTP: "GET /queue HTTP/1.1" 200 -
2025-03-15 01:18:31,485 - INFO - HTTP: "GET /queue HTTP/1.1" 200 -
2025-03-15 01:18:32,172 - INFO - HTTP: "GET /queue HTTP/1.1" 200 -
2025-03-15 01:18:33,484 - INFO - HTTP: "GET /queue HTTP/1.1" 200 -
2025-03-15 01:18:34,170 - INFO - HTTP: "GET /queue HTTP/1.1" 200 -
2025-03-15 01:18:35,484 - INFO - HTTP: "GET /queue HTTP/1.1" 200 -
2025-03-15 01:18:36,169 - INFO - HTTP: "GET /queue HTTP/1.1" 200 -
2025-03-15 01:18:37,479 - INFO - HTTP: "GET /queue HTTP/1.1" 200 -
2025-03-15 01:18:38,165 - INFO - HTTP: "GET /queue HTTP/1.1" 200 -
2025-03-15 01:18:39,480 - INFO - HTTP: "GET /queue HTTP/1.1" 200 -
2025-03-15 01:18:40,166 - INFO - HTTP: "GET /queue HTTP/1.1" 200 -
2025-03-15 01:18:41,478 - INFO - HTTP: "GET /queue HTTP/1.1" 200 -
2025-03-15 01:18:42,166 - INFO - HTTP: "GET /queue HTTP/1.1" 200 -
2025-03-15 01:18:43,480 - INFO - HTTP: "GET /queue HTTP/1.1" 200 -
2025-03-15 01:18:44,168 - INFO - HTTP: "GET /queue HTTP/1.1" 200 -
2025-03-15 01:18:45,489 - INFO - HTTP: "GET /queue HTTP/1.1" 200 -
2025-03-15 01:18:46,176 - INFO - HTTP: "GET /queue HTTP/1.1" 200 -
2025-03-15 01:18:47,484 - INFO - HTTP: "GET /queue HTTP/1.1" 200 -
2025-03-15 01:18:48,172 - INFO - HTTP: "GET /queue HTTP/1.1" 200 -
2025-03-15 01:18:49,484 - INFO - HTTP: "GET /queue HTTP/1.1" 200 -
2025-03-15 01:18:50,170 - INFO - HTTP: "GET /queue HTTP/1.1" 200 -
2025-03-15 01:18:51,467 - INFO - HTTP: "GET /queue HTTP/1.1" 200 -
2025-03-15 01:18:52,168 - INFO - HTTP: "GET /queue HTTP/1.1" 200 -
2025-03-15 01:18:53,482 - INFO - HTTP: "GET /queue HTTP/1.1" 200 -
2025-03-15 01:18:57,177 - INFO - HTTP: "GET /queue HTTP/1.1" 200 -
2025-03-15 01:19:15,954 - INFO - Added text to TTS queue (length: 445)
2025-03-15 01:19:50,157 - INFO - Added text to TTS queue (length: 556)
2025-03-15 01:19:57,474 - INFO - HTTP: "GET /queue HTTP/1.1" 200 -
2025-03-15 01:21:15,513 - ERROR - Could not connect to TTS server: HTTPConnectionPool(host='127.0.0.1', port=7851): Max retries exceeded with url: /api/voices (Caused by NewConnectionError('<urllib3.connection.HTTPConnection object at 0x000002A750975010>: Failed to establish a new connection: [WinError 10061] No connection could be made because the target machine actively refused it'))
2025-03-15 01:21:15,513 - WARNING - TTS server is not responding. Audio may not play.
2025-03-15 01:21:15,560 - INFO - TTS server started on port 8765
2025-03-15 01:21:15,919 - INFO - HTTP: "GET / HTTP/1.1" 200 -
2025-03-15 01:21:16,061 - INFO - Added text to TTS queue (length: 587)
2025-03-15 01:21:17,938 - ERROR - Could not connect to TTS server: HTTPConnectionPool(host='127.0.0.1', port=7851): Max retries exceeded with url: /api/voices (Caused by NewConnectionError('<urllib3.connection.HTTPConnection object at 0x000002A7508F3350>: Failed to establish a new connection: [WinError 10061] No connection could be made because the target machine actively refused it'))
2025-03-15 01:21:17,997 - INFO - HTTP: "GET /queue HTTP/1.1" 200 -
2025-03-15 01:21:18,945 - INFO - HTTP: "GET /next HTTP/1.1" 200 -
2025-03-15 01:21:19,263 - INFO - HTTP: "GET /queue HTTP/1.1" 200 -
2025-03-15 01:21:19,515 - INFO - HTTP: "GET /queue HTTP/1.1" 200 -
2025-03-15 01:21:19,951 - INFO - HTTP: "GET /queue HTTP/1.1" 200 -
2025-03-15 01:21:21,262 - INFO - HTTP: "GET /queue HTTP/1.1" 200 -
2025-03-15 01:21:21,945 - INFO - HTTP: "GET /queue HTTP/1.1" 200 -
2025-03-15 01:21:22,295 - INFO - HTTP: "GET /queue HTTP/1.1" 200 -
2025-03-15 01:21:22,944 - INFO - HTTP: "GET /queue HTTP/1.1" 200 -
2025-03-15 01:21:24,257 - INFO - HTTP: "GET /queue HTTP/1.1" 200 -
2025-03-15 01:21:24,959 - INFO - HTTP: "GET /queue HTTP/1.1" 200 -
2025-03-15 01:21:25,363 - INFO - HTTP: "GET /queue HTTP/1.1" 200 -
2025-03-15 01:21:25,955 - INFO - HTTP: "GET /queue HTTP/1.1" 200 -
2025-03-15 01:21:27,262 - INFO - HTTP: "GET /queue HTTP/1.1" 200 -
2025-03-15 01:21:27,418 - INFO - HTTP: "GET /next HTTP/1.1" 200 -
2025-03-15 01:21:27,525 - INFO - HTTP: "GET /queue HTTP/1.1" 200 -
2025-03-15 01:21:27,727 - INFO - HTTP: "GET /queue HTTP/1.1" 200 -
2025-03-15 01:21:27,946 - INFO - HTTP: "GET /queue HTTP/1.1" 200 -
2025-03-15 01:21:29,255 - INFO - HTTP: "GET /queue HTTP/1.1" 200 -
2025-03-15 01:21:29,959 - INFO - HTTP: "GET /queue HTTP/1.1" 200 -
2025-03-15 01:21:30,776 - INFO - HTTP: "GET /queue HTTP/1.1" 200 -
2025-03-15 01:21:31,040 - INFO - HTTP: "GET /queue HTTP/1.1" 200 -
2025-03-15 01:21:31,945 - INFO - HTTP: "GET /queue HTTP/1.1" 200 -
2025-03-15 01:21:33,267 - INFO - HTTP: "GET /queue HTTP/1.1" 200 -
2025-03-15 01:21:33,521 - INFO - HTTP: "GET /queue HTTP/1.1" 200 -
2025-03-15 01:21:33,954 - INFO - HTTP: "GET /queue HTTP/1.1" 200 -
2025-03-15 01:21:35,265 - INFO - HTTP: "GET /queue HTTP/1.1" 200 -
2025-03-15 01:21:35,563 - INFO - HTTP: "GET /next HTTP/1.1" 200 -
2025-03-15 01:21:35,873 - INFO - HTTP: "GET /queue HTTP/1.1" 200 -
2025-03-15 01:21:36,137 - INFO - HTTP: "GET /queue HTTP/1.1" 200 -
2025-03-15 01:21:36,182 - INFO - HTTP: "GET /queue HTTP/1.1" 200 -
2025-03-15 01:21:36,841 - INFO - HTTP: "GET /queue HTTP/1.1" 200 -
2025-03-15 01:21:37,261 - INFO - HTTP: "GET /queue HTTP/1.1" 200 -
2025-03-15 01:21:37,947 - INFO - HTTP: "GET /queue HTTP/1.1" 200 -
2025-03-15 01:21:38,932 - INFO - HTTP: "GET /queue HTTP/1.1" 200 -
2025-03-15 01:21:39,181 - INFO - HTTP: "GET /next HTTP/1.1" 200 -
2025-03-15 01:21:39,185 - INFO - HTTP: "GET /queue HTTP/1.1" 200 -
2025-03-15 01:21:39,492 - INFO - HTTP: "GET /queue HTTP/1.1" 200 -
2025-03-15 01:21:40,257 - INFO - HTTP: "GET /queue HTTP/1.1" 200 -
2025-03-15 01:21:40,957 - INFO - HTTP: "GET /queue HTTP/1.1" 200 -
2025-03-15 01:21:41,999 - INFO - HTTP: "GET /queue HTTP/1.1" 200 -
2025-03-15 01:21:42,264 - INFO - HTTP: "GET /queue HTTP/1.1" 200 -
2025-03-15 01:21:42,952 - INFO - HTTP: "GET /queue HTTP/1.1" 200 -
2025-03-15 01:21:44,266 - INFO - HTTP: "GET /queue HTTP/1.1" 200 -
2025-03-15 01:21:44,735 - INFO - HTTP: "GET /queue HTTP/1.1" 200 -
2025-03-15 01:21:45,266 - INFO - HTTP: "GET /queue HTTP/1.1" 200 -
2025-03-15 01:21:45,952 - INFO - HTTP: "GET /queue HTTP/1.1" 200 -
2025-03-15 01:21:47,094 - INFO - HTTP: "GET /next HTTP/1.1" 200 -
2025-03-15 01:21:47,359 - INFO - HTTP: "GET /queue HTTP/1.1" 200 -
2025-03-15 01:21:47,958 - INFO - HTTP: "GET /next HTTP/1.1" 200 -
2025-03-15 01:21:48,271 - INFO - HTTP: "GET /queue HTTP/1.1" 200 -
2025-03-15 01:21:48,958 - INFO - HTTP: "GET /next HTTP/1.1" 200 -
2025-03-15 01:21:49,271 - INFO - HTTP: "GET /queue HTTP/1.1" 200 -
2025-03-15 01:21:49,947 - INFO - HTTP: "GET /next HTTP/1.1" 200 -
2025-03-15 01:21:50,259 - INFO - HTTP: "GET /queue HTTP/1.1" 200 -
2025-03-15 01:21:50,944 - INFO - HTTP: "GET /next HTTP/1.1" 200 -
2025-03-15 01:21:51,258 - INFO - HTTP: "GET /queue HTTP/1.1" 200 -
2025-03-15 01:21:51,946 - INFO - HTTP: "GET /next HTTP/1.1" 200 -
2025-03-15 01:21:52,259 - INFO - HTTP: "GET /queue HTTP/1.1" 200 -
2025-03-15 01:21:52,946 - INFO - HTTP: "GET /next HTTP/1.1" 200 -
2025-03-15 01:21:53,254 - INFO - HTTP: "GET /queue HTTP/1.1" 200 -
2025-03-15 01:21:53,945 - INFO - HTTP: "GET /next HTTP/1.1" 200 -
2025-03-15 01:21:54,253 - INFO - HTTP: "GET /queue HTTP/1.1" 200 -
2025-03-15 01:21:54,958 - INFO - HTTP: "GET /next HTTP/1.1" 200 -
2025-03-15 01:21:55,270 - INFO - HTTP: "GET /queue HTTP/1.1" 200 -
2025-03-15 01:21:55,946 - INFO - HTTP: "GET /next HTTP/1.1" 200 -
2025-03-15 01:21:56,255 - INFO - HTTP: "GET /queue HTTP/1.1" 200 -
2025-03-15 01:21:56,958 - INFO - HTTP: "GET /next HTTP/1.1" 200 -
2025-03-15 01:21:57,268 - INFO - HTTP: "GET /queue HTTP/1.1" 200 -
2025-03-15 01:21:57,529 - INFO - HTTP: "GET /queue HTTP/1.1" 200 -
2025-03-15 01:21:57,946 - INFO - HTTP: "GET /next HTTP/1.1" 200 -
2025-03-15 01:21:58,257 - INFO - HTTP: "GET /queue HTTP/1.1" 200 -
2025-03-15 01:21:58,960 - INFO - HTTP: "GET /next HTTP/1.1" 200 -
2025-03-15 01:21:59,268 - INFO - HTTP: "GET /queue HTTP/1.1" 200 -
2025-03-15 01:21:59,952 - INFO - HTTP: "GET /next HTTP/1.1" 200 -
2025-03-15 01:22:00,263 - INFO - HTTP: "GET /queue HTTP/1.1" 200 -
2025-03-15 01:22:00,947 - INFO - HTTP: "GET /next HTTP/1.1" 200 -
2025-03-15 01:22:01,259 - INFO - HTTP: "GET /queue HTTP/1.1" 200 -
2025-03-15 01:22:01,945 - INFO - HTTP: "GET /next HTTP/1.1" 200 -
2025-03-15 01:22:02,257 - INFO - HTTP: "GET /queue HTTP/1.1" 200 -
2025-03-15 01:22:02,945 - INFO - HTTP: "GET /next HTTP/1.1" 200 -
2025-03-15 01:22:03,255 - INFO - HTTP: "GET /queue HTTP/1.1" 200 -
2025-03-15 01:22:03,956 - INFO - HTTP: "GET /next HTTP/1.1" 200 -
2025-03-15 01:22:04,269 - INFO - HTTP: "GET /queue HTTP/1.1" 200 -
2025-03-15 01:22:04,954 - INFO - HTTP: "GET /next HTTP/1.1" 200 -
2025-03-15 01:22:05,269 - INFO - HTTP: "GET /queue HTTP/1.1" 200 -
2025-03-15 01:22:05,958 - INFO - HTTP: "GET /next HTTP/1.1" 200 -
2025-03-15 01:22:06,270 - INFO - HTTP: "GET /queue HTTP/1.1" 200 -
2025-03-15 01:22:06,957 - INFO - HTTP: "GET /next HTTP/1.1" 200 -
2025-03-15 01:22:07,271 - INFO - HTTP: "GET /queue HTTP/1.1" 200 -
2025-03-15 01:22:08,178 - INFO - HTTP: "GET /next HTTP/1.1" 200 -
2025-03-15 01:22:08,489 - INFO - HTTP: "GET /queue HTTP/1.1" 200 -
2025-03-15 01:22:09,164 - INFO - HTTP: "GET /next HTTP/1.1" 200 -
2025-03-15 01:22:09,475 - INFO - HTTP: "GET /queue HTTP/1.1" 200 -
2025-03-15 01:22:10,179 - INFO - HTTP: "GET /next HTTP/1.1" 200 -
2025-03-15 01:22:10,491 - INFO - HTTP: "GET /queue HTTP/1.1" 200 -
2025-03-15 01:22:11,180 - INFO - HTTP: "GET /next HTTP/1.1" 200 -
2025-03-15 01:22:11,489 - INFO - HTTP: "GET /queue HTTP/1.1" 200 -
2025-03-15 01:22:12,177 - INFO - HTTP: "GET /next HTTP/1.1" 200 -
2025-03-15 01:22:12,490 - INFO - HTTP: "GET /queue HTTP/1.1" 200 -
2025-03-15 01:22:13,174 - INFO - HTTP: "GET /next HTTP/1.1" 200 -
2025-03-15 01:22:13,481 - INFO - HTTP: "GET /queue HTTP/1.1" 200 -
2025-03-15 01:22:14,167 - INFO - HTTP: "GET /next HTTP/1.1" 200 -
2025-03-15 01:22:14,480 - INFO - HTTP: "GET /queue HTTP/1.1" 200 -
2025-03-15 01:22:15,171 - INFO - HTTP: "GET /next HTTP/1.1" 200 -
2025-03-15 01:22:15,483 - INFO - HTTP: "GET /queue HTTP/1.1" 200 -
2025-03-15 01:22:16,166 - INFO - HTTP: "GET /next HTTP/1.1" 200 -
2025-03-15 01:22:16,478 - INFO - HTTP: "GET /queue HTTP/1.1" 200 -
2025-03-15 01:22:17,165 - INFO - HTTP: "GET /next HTTP/1.1" 200 -
2025-03-15 01:22:17,480 - INFO - HTTP: "GET /queue HTTP/1.1" 200 -
2025-03-15 01:22:18,170 - INFO - HTTP: "GET /next HTTP/1.1" 200 -
2025-03-15 01:22:18,481 - INFO - HTTP: "GET /queue HTTP/1.1" 200 -
2025-03-15 01:22:19,171 - INFO - HTTP: "GET /next HTTP/1.1" 200 -
2025-03-15 01:22:19,481 - INFO - HTTP: "GET /queue HTTP/1.1" 200 -
2025-03-15 01:22:20,169 - INFO - HTTP: "GET /next HTTP/1.1" 200 -
2025-03-15 01:22:20,478 - INFO - HTTP: "GET /queue HTTP/1.1" 200 -
2025-03-15 01:22:21,168 - INFO - HTTP: "GET /next HTTP/1.1" 200 -
2025-03-15 01:22:21,478 - INFO - HTTP: "GET /queue HTTP/1.1" 200 -
2025-03-15 01:22:22,165 - INFO - HTTP: "GET /next HTTP/1.1" 200 -
2025-03-15 01:22:22,476 - INFO - HTTP: "GET /queue HTTP/1.1" 200 -
2025-03-15 01:22:23,166 - INFO - HTTP: "GET /next HTTP/1.1" 200 -
2025-03-15 01:22:23,481 - INFO - HTTP: "GET /queue HTTP/1.1" 200 -
2025-03-15 01:22:24,172 - INFO - HTTP: "GET /next HTTP/1.1" 200 -
2025-03-15 01:22:24,481 - INFO - HTTP: "GET /queue HTTP/1.1" 200 -
2025-03-15 01:22:25,171 - INFO - HTTP: "GET /next HTTP/1.1" 200 -
2025-03-15 01:22:25,483 - INFO - HTTP: "GET /queue HTTP/1.1" 200 -
2025-03-15 01:22:26,174 - INFO - HTTP: "GET /next HTTP/1.1" 200 -
2025-03-15 01:22:26,484 - INFO - HTTP: "GET /queue HTTP/1.1" 200 -
2025-03-15 01:22:27,174 - INFO - HTTP: "GET /next HTTP/1.1" 200 -
2025-03-15 01:22:27,484 - INFO - HTTP: "GET /queue HTTP/1.1" 200 -
2025-03-15 01:22:28,176 - INFO - HTTP: "GET /next HTTP/1.1" 200 -
2025-03-15 01:22:28,489 - INFO - HTTP: "GET /queue HTTP/1.1" 200 -
2025-03-15 01:22:29,165 - INFO - HTTP: "GET /next HTTP/1.1" 200 -
2025-03-15 01:22:29,473 - INFO - HTTP: "GET /queue HTTP/1.1" 200 -
2025-03-15 01:22:30,178 - INFO - HTTP: "GET /next HTTP/1.1" 200 -
2025-03-15 01:22:30,491 - INFO - HTTP: "GET /queue HTTP/1.1" 200 -
2025-03-15 01:22:31,177 - INFO - HTTP: "GET /next HTTP/1.1" 200 -
2025-03-15 01:22:31,491 - INFO - HTTP: "GET /queue HTTP/1.1" 200 -
2025-03-15 01:22:32,168 - INFO - HTTP: "GET /next HTTP/1.1" 200 -
2025-03-15 01:22:32,482 - INFO - HTTP: "GET /queue HTTP/1.1" 200 -
2025-03-15 01:22:33,173 - INFO - HTTP: "GET /next HTTP/1.1" 200 -
2025-03-15 01:22:33,482 - INFO - HTTP: "GET /queue HTTP/1.1" 200 -
2025-03-15 01:22:34,172 - INFO - HTTP: "GET /next HTTP/1.1" 200 -
2025-03-15 01:22:34,488 - INFO - HTTP: "GET /queue HTTP/1.1" 200 -
2025-03-15 01:22:35,176 - INFO - HTTP: "GET /next HTTP/1.1" 200 -
2025-03-15 01:22:35,488 - INFO - HTTP: "GET /queue HTTP/1.1" 200 -
2025-03-15 01:22:36,174 - INFO - HTTP: "GET /next HTTP/1.1" 200 -
2025-03-15 01:22:36,490 - INFO - HTTP: "GET /queue HTTP/1.1" 200 -
2025-03-15 01:22:37,164 - INFO - HTTP: "GET /next HTTP/1.1" 200 -
2025-03-15 01:22:37,477 - INFO - HTTP: "GET /queue HTTP/1.1" 200 -
2025-03-15 01:22:38,177 - INFO - HTTP: "GET /next HTTP/1.1" 200 -
2025-03-15 01:22:38,489 - INFO - HTTP: "GET /queue HTTP/1.1" 200 -
2025-03-15 01:22:39,176 - INFO - HTTP: "GET /next HTTP/1.1" 200 -
2025-03-15 01:22:39,487 - INFO - HTTP: "GET /queue HTTP/1.1" 200 -
2025-03-15 01:22:40,178 - INFO - HTTP: "GET /next HTTP/1.1" 200 -
2025-03-15 01:22:40,490 - INFO - HTTP: "GET /queue HTTP/1.1" 200 -
2025-03-15 01:22:41,179 - INFO - HTTP: "GET /next HTTP/1.1" 200 -
2025-03-15 01:22:41,489 - INFO - HTTP: "GET /queue HTTP/1.1" 200 -
2025-03-15 01:22:42,177 - INFO - HTTP: "GET /next HTTP/1.1" 200 -
2025-03-15 01:22:42,488 - INFO - HTTP: "GET /queue HTTP/1.1" 200 -
2025-03-15 01:22:43,179 - INFO - HTTP: "GET /next HTTP/1.1" 200 -
2025-03-15 01:22:43,491 - INFO - HTTP: "GET /queue HTTP/1.1" 200 -
2025-03-15 01:22:44,179 - INFO - HTTP: "GET /next HTTP/1.1" 200 -
2025-03-15 01:22:44,487 - INFO - HTTP: "GET /queue HTTP/1.1" 200 -
2025-03-15 01:22:45,169 - INFO - HTTP: "GET /next HTTP/1.1" 200 -
2025-03-15 01:22:45,479 - INFO - HTTP: "GET /queue HTTP/1.1" 200 -
2025-03-15 01:22:46,179 - INFO - HTTP: "GET /next HTTP/1.1" 200 -
2025-03-15 01:22:46,491 - INFO - HTTP: "GET /queue HTTP/1.1" 200 -
2025-03-15 01:22:47,164 - INFO - HTTP: "GET /next HTTP/1.1" 200 -
2025-03-15 01:22:47,478 - INFO - HTTP: "GET /queue HTTP/1.1" 200 -
2025-03-15 01:22:48,178 - INFO - HTTP: "GET /next HTTP/1.1" 200 -
2025-03-15 01:22:48,491 - INFO - HTTP: "GET /queue HTTP/1.1" 200 -
2025-03-15 01:22:49,175 - INFO - HTTP: "GET /next HTTP/1.1" 200 -
2025-03-15 01:22:49,487 - INFO - HTTP: "GET /queue HTTP/1.1" 200 -
2025-03-15 01:22:50,173 - INFO - HTTP: "GET /next HTTP/1.1" 200 -
2025-03-15 01:22:50,485 - INFO - HTTP: "GET /queue HTTP/1.1" 200 -
2025-03-15 01:22:51,176 - INFO - HTTP: "GET /next HTTP/1.1" 200 -
2025-03-15 01:22:51,489 - INFO - HTTP: "GET /queue HTTP/1.1" 200 -
2025-03-15 01:22:52,168 - INFO - HTTP: "GET /next HTTP/1.1" 200 -
2025-03-15 01:22:52,476 - INFO - HTTP: "GET /queue HTTP/1.1" 200 -
2025-03-15 01:22:53,177 - INFO - HTTP: "GET /next HTTP/1.1" 200 -
2025-03-15 01:22:53,487 - INFO - HTTP: "GET /queue HTTP/1.1" 200 -
2025-03-15 01:22:54,171 - INFO - HTTP: "GET /next HTTP/1.1" 200 -
2025-03-15 01:22:54,483 - INFO - HTTP: "GET /queue HTTP/1.1" 200 -
2025-03-15 01:22:55,168 - INFO - HTTP: "GET /next HTTP/1.1" 200 -
2025-03-15 01:22:55,485 - INFO - HTTP: "GET /queue HTTP/1.1" 200 -
2025-03-15 01:22:56,173 - INFO - HTTP: "GET /next HTTP/1.1" 200 -
2025-03-15 01:22:56,482 - INFO - HTTP: "GET /queue HTTP/1.1" 200 -
2025-03-15 01:22:57,167 - INFO - HTTP: "GET /next HTTP/1.1" 200 -
2025-03-15 01:22:57,473 - INFO - HTTP: "GET /queue HTTP/1.1" 200 -
2025-03-15 01:22:57,788 - INFO - HTTP: "GET /queue HTTP/1.1" 200 -
2025-03-15 01:22:58,177 - INFO - HTTP: "GET /next HTTP/1.1" 200 -
2025-03-15 01:22:58,489 - INFO - HTTP: "GET /queue HTTP/1.1" 200 -
2025-03-15 01:22:59,177 - INFO - HTTP: "GET /next HTTP/1.1" 200 -
2025-03-15 01:22:59,490 - INFO - HTTP: "GET /queue HTTP/1.1" 200 -
2025-03-15 01:23:00,176 - INFO - HTTP: "GET /next HTTP/1.1" 200 -
2025-03-15 01:23:00,491 - INFO - HTTP: "GET /queue HTTP/1.1" 200 -
2025-03-15 01:23:01,173 - INFO - HTTP: "GET /next HTTP/1.1" 200 -
2025-03-15 01:23:01,485 - INFO - HTTP: "GET /queue HTTP/1.1" 200 -
2025-03-15 01:23:02,173 - INFO - HTTP: "GET /next HTTP/1.1" 200 -
2025-03-15 01:23:02,477 - INFO - HTTP: "GET /queue HTTP/1.1" 200 -
2025-03-15 01:23:03,174 - INFO - HTTP: "GET /next HTTP/1.1" 200 -
2025-03-15 01:23:03,480 - INFO - HTTP: "GET /queue HTTP/1.1" 200 -
2025-03-15 01:23:04,178 - INFO - HTTP: "GET /next HTTP/1.1" 200 -
2025-03-15 01:23:04,489 - INFO - HTTP: "GET /queue HTTP/1.1" 200 -
2025-03-15 01:23:05,164 - INFO - HTTP: "GET /next HTTP/1.1" 200 -
2025-03-15 01:23:05,475 - INFO - HTTP: "GET /queue HTTP/1.1" 200 -
2025-03-15 01:23:06,175 - INFO - HTTP: "GET /next HTTP/1.1" 200 -
2025-03-15 01:23:06,488 - INFO - HTTP: "GET /queue HTTP/1.1" 200 -
2025-03-15 01:23:21,090 - ERROR - Could not connect to TTS server: HTTPConnectionPool(host='127.0.0.1', port=7851): Max retries exceeded with url: /api/voices (Caused by NewConnectionError('<urllib3.connection.HTTPConnection object at 0x000002A75099DC40>: Failed to establish a new connection: [WinError 10061] No connection could be made because the target machine actively refused it'))
2025-03-15 01:23:21,090 - WARNING - TTS server is not responding. Audio may not play.
2025-03-15 01:23:21,090 - INFO - Added text to TTS queue (length: 566)
2025-03-15 01:23:57,482 - INFO - HTTP: "GET /next HTTP/1.1" 200 -
2025-03-15 01:23:57,492 - INFO - HTTP: "GET /queue HTTP/1.1" 200 -
2025-03-15 01:23:57,747 - INFO - HTTP: "GET /queue HTTP/1.1" 200 -
2025-03-15 01:23:57,811 - INFO - HTTP: "GET /queue HTTP/1.1" 200 -
2025-03-15 01:24:57,489 - INFO - HTTP: "GET /queue HTTP/1.1" 200 -
2025-03-15 01:24:57,753 - INFO - HTTP: "GET /queue HTTP/1.1" 200 -
2025-03-15 01:25:01,767 - ERROR - Could not connect to TTS server: HTTPConnectionPool(host='127.0.0.1', port=7851): Max retries exceeded with url: /api/voices (Caused by NewConnectionError('<urllib3.connection.HTTPConnection object at 0x000002A7508F3C80>: Failed to establish a new connection: [WinError 10061] No connection could be made because the target machine actively refused it'))
2025-03-15 01:25:01,767 - WARNING - TTS server is not responding. Audio may not play.
2025-03-15 01:25:01,767 - INFO - Added text to TTS queue (length: 1128)
2025-03-15 01:25:57,478 - INFO - HTTP: "GET /queue HTTP/1.1" 200 -
2025-03-15 01:25:57,744 - INFO - HTTP: "GET /queue HTTP/1.1" 200 -
2025-03-15 01:29:49,549 - ERROR - Could not connect to TTS server: HTTPConnectionPool(host='127.0.0.1', port=7851): Max retries exceeded with url: /api/voices (Caused by NewConnectionError('<urllib3.connection.HTTPConnection object at 0x0000026008D91040>: Failed to establish a new connection: [WinError 10061] No connection could be made because the target machine actively refused it'))
2025-03-15 01:29:49,549 - WARNING - Cannot restart TTS server - not started by this script
2025-03-15 01:29:49,550 - WARNING - TTS server is not responding. Using fallback mode.
2025-03-15 01:29:51,630 - INFO - TTS server started on port 8765
2025-03-15 01:29:51,770 - INFO - HTTP: "GET / HTTP/1.1" 200 -
2025-03-15 01:29:52,131 - INFO - Added text to TTS queue (length: 485)
2025-03-15 01:29:53,810 - ERROR - Could not connect to TTS server: HTTPConnectionPool(host='127.0.0.1', port=7851): Max retries exceeded with url: /api/voices (Caused by NewConnectionError('<urllib3.connection.HTTPConnection object at 0x0000026008D13AD0>: Failed to establish a new connection: [WinError 10061] No connection could be made because the target machine actively refused it'))
2025-03-15 01:29:53,811 - WARNING - Cannot restart TTS server - not started by this script
2025-03-15 01:29:53,811 - INFO - HTTP: "GET /queue HTTP/1.1" 200 -
2025-03-15 01:29:53,821 - INFO - HTTP: "GET /queue HTTP/1.1" 200 -
2025-03-15 01:29:54,139 - INFO - HTTP: "GET /queue HTTP/1.1" 200 -
2025-03-15 01:29:54,388 - INFO - HTTP: "GET /queue HTTP/1.1" 200 -
2025-03-15 01:29:54,450 - INFO - HTTP: "GET /queue HTTP/1.1" 200 -
2025-03-15 01:29:57,175 - INFO - HTTP: "GET /queue HTTP/1.1" 200 -
2025-03-15 01:29:57,486 - INFO - HTTP: "GET /queue HTTP/1.1" 200 -
2025-03-15 01:29:57,755 - INFO - HTTP: "GET /queue HTTP/1.1" 200 -
2025-03-15 01:30:50,298 - ERROR - Could not connect to TTS server: HTTPConnectionPool(host='127.0.0.1', port=7851): Max retries exceeded with url: /api/voices (Caused by NewConnectionError('<urllib3.connection.HTTPConnection object at 0x0000026008D92540>: Failed to establish a new connection: [WinError 10061] No connection could be made because the target machine actively refused it'))
2025-03-15 01:30:50,298 - WARNING - Cannot restart TTS server - not started by this script
2025-03-15 01:30:50,298 - WARNING - TTS server is not responding. Using fallback mode.
2025-03-15 01:30:50,298 - INFO - Added text to TTS queue (length: 571)
2025-03-15 01:30:57,178 - INFO - HTTP: "GET /queue HTTP/1.1" 200 -
2025-03-15 01:30:57,487 - INFO - HTTP: "GET /queue HTTP/1.1" 200 -
2025-03-15 01:30:57,793 - INFO - HTTP: "GET /queue HTTP/1.1" 200 -
2025-03-15 01:31:35,692 - ERROR - Could not connect to TTS server: HTTPConnectionPool(host='127.0.0.1', port=7851): Max retries exceeded with url: /api/voices (Caused by NewConnectionError('<urllib3.connection.HTTPConnection object at 0x0000026008D93EC0>: Failed to establish a new connection: [WinError 10061] No connection could be made because the target machine actively refused it'))
2025-03-15 01:31:35,692 - WARNING - Cannot restart TTS server - not started by this script
2025-03-15 01:31:35,693 - WARNING - TTS server is not responding. Using fallback mode.
2025-03-15 01:31:35,693 - INFO - Added text to TTS queue (length: 731)
2025-03-15 01:31:53,359 - INFO - HTTP: "GET / HTTP/1.1" 200 -
2025-03-15 01:31:55,398 - ERROR - Could not connect to TTS server: HTTPConnectionPool(host='127.0.0.1', port=7851): Max retries exceeded with url: /api/voices (Caused by NewConnectionError('<urllib3.connection.HTTPConnection object at 0x0000026008D90BF0>: Failed to establish a new connection: [WinError 10061] No connection could be made because the target machine actively refused it'))
2025-03-15 01:31:55,399 - WARNING - Cannot restart TTS server - not started by this script
2025-03-15 01:31:57,167 - INFO - HTTP: "GET /queue HTTP/1.1" 200 -
2025-03-15 01:31:57,474 - INFO - HTTP: "GET /queue HTTP/1.1" 200 -
2025-03-15 01:31:57,786 - INFO - HTTP: "GET /queue HTTP/1.1" 200 -
